Archive member included to satisfy reference by file (symbol)

app/libapp.a(main.c.obj)      (--whole-archive)
zephyr/libzephyr.a(cbprintf_packaged.c.obj)
                              (--whole-archive)
zephyr/libzephyr.a(dec.c.obj)
                              (--whole-archive)
zephyr/libzephyr.a(fdtable.c.obj)
                              (--whole-archive)
zephyr/libzephyr.a(hex.c.obj)
                              (--whole-archive)
zephyr/libzephyr.a(printk.c.obj)
                              (--whole-archive)
zephyr/libzephyr.a(rb.c.obj)  (--whole-archive)
zephyr/libzephyr.a(sem.c.obj)
                              (--whole-archive)
zephyr/libzephyr.a(thread_entry.c.obj)
                              (--whole-archive)
zephyr/libzephyr.a(timeutil.c.obj)
                              (--whole-archive)
zephyr/libzephyr.a(heap.c.obj)
                              (--whole-archive)
zephyr/libzephyr.a(heap-validate.c.obj)
                              (--whole-archive)
zephyr/libzephyr.a(bitarray.c.obj)
                              (--whole-archive)
zephyr/libzephyr.a(multi_heap.c.obj)
                              (--whole-archive)
zephyr/libzephyr.a(onoff.c.obj)
                              (--whole-archive)
zephyr/libzephyr.a(notify.c.obj)
                              (--whole-archive)
zephyr/libzephyr.a(cbprintf_complete.c.obj)
                              (--whole-archive)
zephyr/libzephyr.a(assert.c.obj)
                              (--whole-archive)
zephyr/libzephyr.a(mpsc_pbuf.c.obj)
                              (--whole-archive)
zephyr/libzephyr.a(reboot.c.obj)
                              (--whole-archive)
zephyr/libzephyr.a(configs.c.obj)
                              (--whole-archive)
zephyr/libzephyr.a(soc_nrf_common.S.obj)
                              (--whole-archive)
zephyr/libzephyr.a(validate_base_addresses.c.obj)
                              (--whole-archive)
zephyr/libzephyr.a(validate_enabled_instances.c.obj)
                              (--whole-archive)
zephyr/libzephyr.a(log_core.c.obj)
                              (--whole-archive)
zephyr/libzephyr.a(log_mgmt.c.obj)
                              (--whole-archive)
zephyr/libzephyr.a(log_cache.c.obj)
                              (--whole-archive)
zephyr/libzephyr.a(log_msg.c.obj)
                              (--whole-archive)
zephyr/libzephyr.a(log_output.c.obj)
                              (--whole-archive)
zephyr/libzephyr.a(log_backend_rtt.c.obj)
                              (--whole-archive)
zephyr/libzephyr.a(tracing_none.c.obj)
                              (--whole-archive)
zephyr/arch/common/libarch__common.a(sw_isr_common.c.obj)
                              (--whole-archive)
zephyr/arch/arch/arm/core/aarch32/libarch__arm__core__aarch32.a(cpu_idle.S.obj)
                              (--whole-archive)
zephyr/arch/arch/arm/core/aarch32/libarch__arm__core__aarch32.a(fatal.c.obj)
                              (--whole-archive)
zephyr/arch/arch/arm/core/aarch32/libarch__arm__core__aarch32.a(irq_manage.c.obj)
                              (--whole-archive)
zephyr/arch/arch/arm/core/aarch32/libarch__arm__core__aarch32.a(nmi.c.obj)
                              (--whole-archive)
zephyr/arch/arch/arm/core/aarch32/libarch__arm__core__aarch32.a(nmi_on_reset.S.obj)
                              (--whole-archive)
zephyr/arch/arch/arm/core/aarch32/libarch__arm__core__aarch32.a(prep_c.c.obj)
                              (--whole-archive)
zephyr/arch/arch/arm/core/aarch32/libarch__arm__core__aarch32.a(swap.c.obj)
                              (--whole-archive)
zephyr/arch/arch/arm/core/aarch32/libarch__arm__core__aarch32.a(swap_helper.S.obj)
                              (--whole-archive)
zephyr/arch/arch/arm/core/aarch32/libarch__arm__core__aarch32.a(thread.c.obj)
                              (--whole-archive)
zephyr/arch/arch/arm/core/aarch32/libarch__arm__core__aarch32.a(isr_wrapper.S.obj)
                              (--whole-archive)
zephyr/arch/arch/arm/core/aarch32/libarch__arm__core__aarch32.a(tls.c.obj)
                              (--whole-archive)
zephyr/arch/arch/arm/core/aarch32/cortex_m/libarch__arm__core__aarch32__cortex_m.a(exc_exit.S.obj)
                              (--whole-archive)
zephyr/arch/arch/arm/core/aarch32/cortex_m/libarch__arm__core__aarch32__cortex_m.a(fault.c.obj)
                              (--whole-archive)
zephyr/arch/arch/arm/core/aarch32/cortex_m/libarch__arm__core__aarch32__cortex_m.a(fault_s.S.obj)
                              (--whole-archive)
zephyr/arch/arch/arm/core/aarch32/cortex_m/libarch__arm__core__aarch32__cortex_m.a(fpu.c.obj)
                              (--whole-archive)
zephyr/arch/arch/arm/core/aarch32/cortex_m/libarch__arm__core__aarch32__cortex_m.a(irq_init.c.obj)
                              (--whole-archive)
zephyr/arch/arch/arm/core/aarch32/cortex_m/libarch__arm__core__aarch32__cortex_m.a(reset.S.obj)
                              (--whole-archive)
[...]
Memory Configuration

Name             Origin             Length             Attributes
FLASH            0x0000000000000000 0x0000000000080000 xr
RAM              0x0000000020000000 0x0000000000010000 xw
IDT_LIST         0x00000000fffff7ff 0x0000000000000800 xw
*default*        0x0000000000000000 0xffffffffffffffff

Linker script and memory map

                0x0000000000005338                vfprintf = __i_vfprintf
                0x0000000000000000                vfscanf = __i_vfscanf
LOAD zephyr/CMakeFiles/zephyr_final.dir/misc/empty_file.c.obj
LOAD zephyr/CMakeFiles/zephyr_final.dir/isr_tables.c.obj
LOAD app/libapp.a
LOAD zephyr/libzephyr.a
LOAD zephyr/arch/common/libarch__common.a
LOAD zephyr/arch/arch/arm/core/aarch32/libarch__arm__core__aarch32.a
LOAD zephyr/arch/arch/arm/core/aarch32/cortex_m/libarch__arm__core__aarch32__cortex_m.a
LOAD zephyr/arch/arch/arm/core/aarch32/mpu/libarch__arm__core__aarch32__mpu.a
LOAD zephyr/lib/libc/picolibc/liblib__libc__picolibc.a
LOAD zephyr/lib/libc/common/liblib__libc__common.a
LOAD zephyr/soc/soc/arm/common/cortex_m/libsoc__arm__common__cortex_m.a
LOAD zephyr/soc/soc/arm/nordic_nrf/nrf52/libsoc__arm__nordic_nrf__nrf52.a
LOAD zephyr/drivers/adc/libdrivers__adc.a
LOAD zephyr/drivers/clock_control/libdrivers__clock_control.a
LOAD zephyr/drivers/gpio/libdrivers__gpio.a
LOAD zephyr/drivers/pinctrl/libdrivers__pinctrl.a
LOAD zephyr/drivers/timer/libdrivers__timer.a
LOAD modules/nrf/lib/fatal_error/lib..__nrf__lib__fatal_error.a
LOAD modules/hal_nordic/nrfx/libmodules__hal_nordic__nrfx.a
LOAD modules/segger/libmodules__segger.a
LOAD zephyr/kernel/libkernel.a
LOAD zephyr/CMakeFiles/offsets.dir/./arch/arm/core/offsets/offsets.c.obj
LOAD c:/ncs/toolchains/c57af46cb7/opt/zephyr-sdk/arm-zephyr-eabi/bin/../lib/gcc/arm-zephyr-eabi/12.2.0/thumb/v7e-m/nofp\libgcc.a
LOAD zephyr/arch/common/libisr_tables.a
LOAD c:\ncs\toolchains\c57af46cb7\opt\zephyr-sdk\arm-zephyr-eabi\bin\../lib/gcc/../../picolibc/arm-zephyr-eabi/lib/thumb/v7e-m/nofp\libc.a
LOAD c:/ncs/toolchains/c57af46cb7/opt/zephyr-sdk/arm-zephyr-eabi/bin/../lib/gcc/arm-zephyr-eabi/12.2.0/thumb/v7e-m/nofp\libgcc.a
                0x0000000000000020                _region_min_align = 0x20

.rel.plt        0x0000000000000000        0x0
 *(SORT_BY_ALIGNMENT(.rel.plt))
                [!provide]                        PROVIDE (__rel_iplt_start = .)
 *(SORT_BY_ALIGNMENT(.rel.iplt))
 .rel.iplt      0x0000000000000000        0x0 zephyr/CMakeFiles/zephyr_final.dir/isr_tables.c.obj
                [!provide]                        PROVIDE (__rel_iplt_end = .)

.rela.plt       0x0000000000000000        0x0
 *(SORT_BY_ALIGNMENT(.rela.plt))
                [!provide]                        PROVIDE (__rela_iplt_start = .)
 *(SORT_BY_ALIGNMENT(.rela.iplt))
                [!provide]                        PROVIDE (__rela_iplt_end = .)

.rel.dyn
 *(SORT_BY_ALIGNMENT(.rel.*))

.rela.dyn
 *(SORT_BY_ALIGNMENT(.rela.*))

/DISCARD/
 *(SORT_BY_ALIGNMENT(.plt))

/DISCARD/
 *(SORT_BY_ALIGNMENT(.iplt))
                0x0000000000000000                __rom_region_start = 0x0

rom_start       0x0000000000000000       0xdc
                0x0000000000000000                __rom_start_address = .
                0x0000000000000000                . = (. + (0x0 - (. - __rom_start_address)))
                0x0000000000000000                . = ALIGN (0x4)
                0x0000000000000000                . = ALIGN (0x80)
                0x0000000000000000                . = ALIGN (0x100)
                0x0000000000000000                _vector_start = .
 *(SORT_BY_ALIGNMENT(.exc_vector_table))
 *(SORT_BY_ALIGNMENT(.exc_vector_table.*))
 .exc_vector_table._vector_table_section
                0x0000000000000000       0x40 zephyr/arch/arch/arm/core/aarch32/cortex_m/libarch__arm__core__aarch32__cortex_m.a(vector_table.S.obj)
                0x0000000000000000                _vector_table
 *(SORT_BY_ALIGNMENT(.vectors))
                0x00000000000000dc                _vector_end = .
                0x0000000000000040                . = ALIGN (0x4)
 *(SORT_BY_ALIGNMENT(.gnu.linkonce.irq_vector_table*))
 .gnu.linkonce.irq_vector_table
                0x0000000000000040       0x9c zephyr/CMakeFiles/zephyr_final.dir/isr_tables.c.obj
                0x0000000000000040                _irq_vector_table
                0x00000000000000dc                _vector_end = .

text            0x00000000000000dc     0x66b8
                0x00000000000000dc                __text_region_start = .
 *(SORT_BY_ALIGNMENT(.text))
 .text          0x00000000000000dc       0x30 c:/ncs/toolchains/c57af46cb7/opt/zephyr-sdk/arm-zephyr-eabi/bin/../lib/gcc/arm-zephyr-eabi/12.2.0/thumb/v7e-m/nofp\libgcc.a(_aeabi_uldivmod.o)
                0x00000000000000dc                __aeabi_uldivmod
 .text          0x000000000000010c        0x4 c:/ncs/toolchains/c57af46cb7/opt/zephyr-sdk/arm-zephyr-eabi/bin/../lib/gcc/arm-zephyr-eabi/12.2.0/thumb/v7e-m/nofp\libgcc.a(_dvmd_tls.o)
                0x000000000000010c                __aeabi_idiv0
                0x000000000000010c                __aeabi_ldiv0
 .text          0x0000000000000110      0x2a0 c:/ncs/toolchains/c57af46cb7/opt/zephyr-sdk/arm-zephyr-eabi/bin/../lib/gcc/arm-zephyr-eabi/12.2.0/thumb/v7e-m/nofp\libgcc.a(_udivmoddi4.o)
                0x0000000000000110                __udivmoddi4
 .text          0x00000000000003b0       0x10 c:\ncs\toolchains\c57af46cb7\opt\zephyr-sdk\arm-zephyr-eabi\bin\../lib/gcc/../../picolibc/arm-zephyr-eabi/lib/thumb/v7e-m/nofp\libc.a(strlen.S.o)
                0x00000000000003b0                strlen
 *(SORT_BY_ALIGNMENT(.text.*))
 .text.main     0x00000000000003c0       0x48 app/libapp.a(main.c.obj)
                0x00000000000003c0                main
 .text.cbvprintf_package
                0x0000000000000408      0x3a4 zephyr/libzephyr.a(cbprintf_packaged.c.obj)
                0x0000000000000408                cbvprintf_package
 .text.cbprintf_package_convert
                0x00000000000007ac      0x3b0 zephyr/libzephyr.a(cbprintf_packaged.c.obj)
                0x00000000000007ac                cbprintf_package_convert
 .text.z_thread_entry
                0x0000000000000b5c       0x34 zephyr/libzephyr.a(thread_entry.c.obj)
                0x0000000000000b5c                z_thread_entry
 .text.process_event
                0x0000000000000b90      0x21c zephyr/libzephyr.a(onoff.c.obj)
 .text.z_arm_platform_init
                0x0000000000000dac        0x4 zephyr/libzephyr.a(soc_nrf_common.S.obj)
                0x0000000000000dac                z_arm_platform_init
 .text.activate_foreach_backend
                0x0000000000000db0       0x64 zephyr/libzephyr.a(log_core.c.obj)
 .text.enable_logger
                0x0000000000000e14       0x5c zephyr/libzephyr.a(log_core.c.obj)
 .text.log_process_thread_timer_expiry_fn
                0x0000000000000e70        0xc zephyr/libzephyr.a(log_core.c.obj)
 .text.z_log_init
                0x0000000000000e7c       0x90 zephyr/libzephyr.a(log_core.c.obj)
 .text.log_format_func_t_get
                0x0000000000000f0c        0xc zephyr/libzephyr.a(log_core.c.obj)
                0x0000000000000f0c                log_format_func_t_get
 .text.log_set_timestamp_func
                0x0000000000000f18       0x20 zephyr/libzephyr.a(log_core.c.obj)
                0x0000000000000f18                log_set_timestamp_func
 .text.z_log_notify_backend_enabled
                0x0000000000000f38       0x1c zephyr/libzephyr.a(log_core.c.obj)
                0x0000000000000f38                z_log_notify_backend_enabled
 .text.z_log_dropped
                0x0000000000000f54       0x30 zephyr/libzephyr.a(log_core.c.obj)
                0x0000000000000f54                z_log_dropped
 .text.z_log_dropped_read_and_clear
                0x0000000000000f84       0x20 zephyr/libzephyr.a(log_core.c.obj)
                0x0000000000000f84                z_log_dropped_read_and_clear
 .text.dropped_notify
                0x0000000000000fa4       0x30 zephyr/libzephyr.a(log_core.c.obj)
                0x0000000000000fa4                dropped_notify
 .text.z_log_msg_init
                0x0000000000000fd4       0x20 zephyr/libzephyr.a(log_core.c.obj)
                0x0000000000000fd4                z_log_msg_init
 .text.log_core_init
                0x0000000000000ff4       0x34 zephyr/libzephyr.a(log_core.c.obj)
                0x0000000000000ff4                log_core_init
 .text.z_log_msg_alloc
                0x0000000000001028       0x10 zephyr/libzephyr.a(log_core.c.obj)
                0x0000000000001028                z_log_msg_alloc
 .text.z_log_msg_local_claim
                0x0000000000001038        0xc zephyr/libzephyr.a(log_core.c.obj)
                0x0000000000001038                z_log_msg_local_claim
 .text.z_log_msg_free
                0x0000000000001044       0x10 zephyr/libzephyr.a(log_core.c.obj)
                0x0000000000001044                z_log_msg_free
 .text.z_log_msg_pending
                0x0000000000001054        0xc zephyr/libzephyr.a(log_core.c.obj)
                0x0000000000001054                z_log_msg_pending
 .text.z_impl_log_process
                0x0000000000001060       0xbc zephyr/libzephyr.a(log_core.c.obj)
                0x0000000000001060                z_impl_log_process
 .text.z_impl_log_panic
                0x000000000000111c       0x44 zephyr/libzephyr.a(log_core.c.obj)
                0x000000000000111c                z_impl_log_panic
 .text.log_process_thread_func
                0x0000000000001160       0xa4 zephyr/libzephyr.a(log_core.c.obj)
 .text.z_log_msg_post_finalize
                0x0000000000001204       0x78 zephyr/libzephyr.a(log_core.c.obj)
 .text.z_log_msg_commit
                0x000000000000127c       0x24 zephyr/libzephyr.a(log_core.c.obj)
                0x000000000000127c                z_log_msg_commit
 .text.log_source_name_get
                0x00000000000012a0       0x1c zephyr/libzephyr.a(log_mgmt.c.obj)
                0x00000000000012a0                log_source_name_get
 .text.log_backend_enable
                0x00000000000012bc       0x28 zephyr/libzephyr.a(log_mgmt.c.obj)
                0x00000000000012bc                log_backend_enable
 .text.z_impl_z_log_msg_static_create
                0x00000000000012e4      0x108 zephyr/libzephyr.a(log_msg.c.obj)
                0x00000000000012e4                z_impl_z_log_msg_static_create
 .text.z_impl_z_log_msg_runtime_vcreate
                0x00000000000013ec       0x8c zephyr/libzephyr.a(log_msg.c.obj)
                0x00000000000013ec                z_impl_z_log_msg_runtime_vcreate
 .text.print_formatted
                0x0000000000001478       0x24 zephyr/libzephyr.a(log_output.c.obj)
 .text.newline_print
                0x000000000000149c       0x1c zephyr/libzephyr.a(log_output.c.obj)
 .text.log_output_process
                0x00000000000014b8      0x2a8 zephyr/libzephyr.a(log_output.c.obj)
                0x00000000000014b8                log_output_process
 .text.log_output_msg_process
                0x0000000000001760       0x70 zephyr/libzephyr.a(log_output.c.obj)
                0x0000000000001760                log_output_msg_process
 .text.log_output_dropped_process
                0x00000000000017d0       0x58 zephyr/libzephyr.a(log_output.c.obj)
                0x00000000000017d0                log_output_dropped_process
 .text.log_output_timestamp_freq_set
                0x0000000000001828       0x2c zephyr/libzephyr.a(log_output.c.obj)
                0x0000000000001828                log_output_timestamp_freq_set
 .text.log_backend_rtt_init
                0x0000000000001854        0xc zephyr/libzephyr.a(log_backend_rtt.c.obj)
 .text.format_set
                0x0000000000001860        0xc zephyr/libzephyr.a(log_backend_rtt.c.obj)
 .text.panic    0x000000000000186c       0x14 zephyr/libzephyr.a(log_backend_rtt.c.obj)
 .text.dropped  0x0000000000001880        0xc zephyr/libzephyr.a(log_backend_rtt.c.obj)
 .text.process  0x000000000000188c       0x24 zephyr/libzephyr.a(log_backend_rtt.c.obj)
 .text.on_failed_write
                0x00000000000018b0       0x28 zephyr/libzephyr.a(log_backend_rtt.c.obj)
 .text.data_out_block_mode
                0x00000000000018d8       0x84 zephyr/libzephyr.a(log_backend_rtt.c.obj)
 .text.z_arm_cpu_idle_init
                0x000000000000195c        0xc zephyr/arch/arch/arm/core/aarch32/libarch__arm__core__aarch32.a(cpu_idle.S.obj)
                0x000000000000195c                z_arm_cpu_idle_init
 .text.arch_cpu_idle
                0x0000000000001968       0x1c zephyr/arch/arch/arm/core/aarch32/libarch__arm__core__aarch32.a(cpu_idle.S.obj)
                0x0000000000001968                arch_cpu_idle
 .text.arch_cpu_atomic_idle
                0x0000000000001984       0x18 zephyr/arch/arch/arm/core/aarch32/libarch__arm__core__aarch32.a(cpu_idle.S.obj)
                0x0000000000001984                arch_cpu_atomic_idle
 .text.z_arm_fatal_error
                0x000000000000199c       0xcc zephyr/arch/arch/arm/core/aarch32/libarch__arm__core__aarch32.a(fatal.c.obj)
                0x000000000000199c                z_arm_fatal_error
 .text.arch_irq_enable
                0x0000000000001a68       0x1c zephyr/arch/arch/arm/core/aarch32/libarch__arm__core__aarch32.a(irq_manage.c.obj)
                0x0000000000001a68                arch_irq_enable
 .text.arch_irq_is_enabled
                0x0000000000001a84       0x1c zephyr/arch/arch/arm/core/aarch32/libarch__arm__core__aarch32.a(irq_manage.c.obj)
                0x0000000000001a84                arch_irq_is_enabled
 .text.z_arm_irq_priority_set
                0x0000000000001aa0       0x30 zephyr/arch/arch/arm/core/aarch32/libarch__arm__core__aarch32.a(irq_manage.c.obj)
                0x0000000000001aa0                z_arm_irq_priority_set
 .text.z_SysNmiOnReset
                0x0000000000001ad0        0x8 zephyr/arch/arch/arm/core/aarch32/libarch__arm__core__aarch32.a(nmi_on_reset.S.obj)
                0x0000000000001ad0                z_SysNmiOnReset
 .text.z_arm_prep_c
                0x0000000000001ad8       0x38 zephyr/arch/arch/arm/core/aarch32/libarch__arm__core__aarch32.a(prep_c.c.obj)
                0x0000000000001ad8                z_arm_prep_c
 .text.arch_swap
                0x0000000000001b10       0x34 zephyr/arch/arch/arm/core/aarch32/libarch__arm__core__aarch32.a(swap.c.obj)
                0x0000000000001b10                arch_swap
 .text.z_arm_pendsv
                0x0000000000001b44       0x64 zephyr/arch/arch/arm/core/aarch32/libarch__arm__core__aarch32.a(swap_helper.S.obj)
                0x0000000000001b44                z_arm_pendsv
 .text.z_arm_svc
                0x0000000000001ba8       0x20 zephyr/arch/arch/arm/core/aarch32/libarch__arm__core__aarch32.a(swap_helper.S.obj)
                0x0000000000001ba8                z_arm_svc
 .text.arch_new_thread
                0x0000000000001bc8       0x38 zephyr/arch/arch/arm/core/aarch32/libarch__arm__core__aarch32.a(thread.c.obj)
                0x0000000000001bc8                arch_new_thread
 .text.z_check_thread_stack_fail
                0x0000000000001c00       0x2c zephyr/arch/arch/arm/core/aarch32/libarch__arm__core__aarch32.a(thread.c.obj)
                0x0000000000001c00                z_check_thread_stack_fail
 .text.arch_switch_to_main_thread
                0x0000000000001c2c       0x38 zephyr/arch/arch/arm/core/aarch32/libarch__arm__core__aarch32.a(thread.c.obj)
                0x0000000000001c2c                arch_switch_to_main_thread
 .text._isr_wrapper
                0x0000000000001c64       0x28 zephyr/arch/arch/arm/core/aarch32/libarch__arm__core__aarch32.a(isr_wrapper.S.obj)
                0x0000000000001c64                _isr_wrapper
 .text.arch_tls_stack_setup
                0x0000000000001c8c       0x5c zephyr/arch/arch/arm/core/aarch32/libarch__arm__core__aarch32.a(tls.c.obj)
                0x0000000000001c8c                arch_tls_stack_setup
 .text._HandlerModeExit
                0x0000000000001ce8       0x1c zephyr/arch/arch/arm/core/aarch32/cortex_m/libarch__arm__core__aarch32__cortex_m.a(exc_exit.S.obj)
                0x0000000000001ce8                z_arm_int_exit
                0x0000000000001ce8                z_arm_exc_exit
 .text.bus_fault.constprop.0
                0x0000000000001d04      0x154 zephyr/arch/arch/arm/core/aarch32/cortex_m/libarch__arm__core__aarch32__cortex_m.a(fault.c.obj)
 .text.usage_fault.constprop.0
                0x0000000000001e58      0x104 zephyr/arch/arch/arm/core/aarch32/cortex_m/libarch__arm__core__aarch32__cortex_m.a(fault.c.obj)
 .text.mem_manage_fault
                0x0000000000001f5c      0x178 zephyr/arch/arch/arm/core/aarch32/cortex_m/libarch__arm__core__aarch32__cortex_m.a(fault.c.obj)
 .text.z_arm_fault
                0x00000000000020d4      0x224 zephyr/arch/arch/arm/core/aarch32/cortex_m/libarch__arm__core__aarch32__cortex_m.a(fault.c.obj)
                0x00000000000020d4                z_arm_fault
 .text.z_arm_fault_init
                0x00000000000022f8       0x10 zephyr/arch/arch/arm/core/aarch32/cortex_m/libarch__arm__core__aarch32__cortex_m.a(fault.c.obj)
                0x00000000000022f8                z_arm_fault_init
 .text.__fault  0x0000000000002308       0x14 zephyr/arch/arch/arm/core/aarch32/cortex_m/libarch__arm__core__aarch32__cortex_m.a(fault_s.S.obj)
                0x0000000000002308                z_arm_usage_fault
                0x0000000000002308                z_arm_mpu_fault
                0x0000000000002308                z_arm_exc_spurious
                0x0000000000002308                z_arm_debug_monitor
                0x0000000000002308                z_arm_hard_fault
                0x0000000000002308                z_arm_bus_fault
 .text.z_arm_interrupt_init
                0x000000000000231c       0x18 zephyr/arch/arch/arm/core/aarch32/cortex_m/libarch__arm__core__aarch32__cortex_m.a(irq_init.c.obj)
                0x000000000000231c                z_arm_interrupt_init
 .text._reset_section
                0x0000000000002334       0x54 zephyr/arch/arch/arm/core/aarch32/cortex_m/libarch__arm__core__aarch32__cortex_m.a(reset.S.obj)
                0x0000000000002334                __start
                0x0000000000002334                z_arm_reset
 .text.sys_arch_reboot
                0x0000000000002388       0x24 zephyr/arch/arch/arm/core/aarch32/cortex_m/libarch__arm__core__aarch32__cortex_m.a(scb.c.obj)
                0x0000000000002388                sys_arch_reboot
 .text.z_arm_clear_arm_mpu_config
                0x00000000000023ac       0x24 zephyr/arch/arch/arm/core/aarch32/cortex_m/libarch__arm__core__aarch32__cortex_m.a(scb.c.obj)
                0x00000000000023ac                z_arm_clear_arm_mpu_config
 .text.z_arm_init_arch_hw_at_boot
                0x00000000000023d0       0x64 zephyr/arch/arch/arm/core/aarch32/cortex_m/libarch__arm__core__aarch32__cortex_m.a(scb.c.obj)
                0x00000000000023d0                z_arm_init_arch_hw_at_boot
 .text.z_impl_k_thread_abort
                0x0000000000002434       0x2c zephyr/arch/arch/arm/core/aarch32/cortex_m/libarch__arm__core__aarch32__cortex_m.a(thread_abort.c.obj)
                0x0000000000002434                z_impl_k_thread_abort
 .text.z_arm_configure_static_mpu_regions
                0x0000000000002460       0x18 zephyr/arch/arch/arm/core/aarch32/mpu/libarch__arm__core__aarch32__mpu.a(arm_core_mpu.c.obj)
                0x0000000000002460                z_arm_configure_static_mpu_regions
 .text.z_arm_configure_dynamic_mpu_regions
                0x0000000000002478       0x20 zephyr/arch/arch/arm/core/aarch32/mpu/libarch__arm__core__aarch32__mpu.a(arm_core_mpu.c.obj)
                0x0000000000002478                z_arm_configure_dynamic_mpu_regions
 .text.mpu_configure_regions
                0x0000000000002498       0xcc zephyr/arch/arch/arm/core/aarch32/mpu/libarch__arm__core__aarch32__mpu.a(arm_mpu.c.obj)
 .text.arm_core_mpu_enable
                0x0000000000002564       0x18 zephyr/arch/arch/arm/core/aarch32/mpu/libarch__arm__core__aarch32__mpu.a(arm_mpu.c.obj)
                0x0000000000002564                arm_core_mpu_enable
 .text.arm_core_mpu_disable
                0x000000000000257c       0x14 zephyr/arch/arch/arm/core/aarch32/mpu/libarch__arm__core__aarch32__mpu.a(arm_mpu.c.obj)
                0x000000000000257c                arm_core_mpu_disable
 .text.arm_core_mpu_configure_static_mpu_regions
                0x0000000000002590       0x14 zephyr/arch/arch/arm/core/aarch32/mpu/libarch__arm__core__aarch32__mpu.a(arm_mpu.c.obj)
                0x0000000000002590                arm_core_mpu_configure_static_mpu_regions
 .text.arm_core_mpu_configure_dynamic_mpu_regions
                0x00000000000025a4       0x30 zephyr/arch/arch/arm/core/aarch32/mpu/libarch__arm__core__aarch32__mpu.a(arm_mpu.c.obj)
                0x00000000000025a4                arm_core_mpu_configure_dynamic_mpu_regions
 .text.z_arm_mpu_init
                0x00000000000025d4       0x60 zephyr/arch/arch/arm/core/aarch32/mpu/libarch__arm__core__aarch32__mpu.a(arm_mpu.c.obj)
                0x00000000000025d4                z_arm_mpu_init
 .text.cbvprintf
                0x0000000000002634       0x38 zephyr/lib/libc/picolibc/liblib__libc__picolibc.a(libc-hooks.c.obj)
                0x0000000000002634                cbvprintf
 .text.malloc_prepare
                0x000000000000266c       0x24 zephyr/lib/libc/common/liblib__libc__common.a(malloc.c.obj)
 .text.nordicsemi_nrf52_init
                0x0000000000002690       0x18 zephyr/soc/soc/arm/nordic_nrf/nrf52/libsoc__arm__nordic_nrf__nrf52.a(soc.c.obj)
 .text.arch_busy_wait
                0x00000000000026a8       0x14 zephyr/soc/soc/arm/nordic_nrf/nrf52/libsoc__arm__nordic_nrf__nrf52.a(soc.c.obj)
                0x00000000000026a8                arch_busy_wait
 .text.adc_context_start_sampling
                0x00000000000026bc       0x1c zephyr/drivers/adc/libdrivers__adc.a(adc_nrfx_saadc.c.obj)
 .text.adc_nrfx_channel_setup
                0x00000000000026d8      0x10c zephyr/drivers/adc/libdrivers__adc.a(adc_nrfx_saadc.c.obj)
 .text.adc_nrfx_read
                0x00000000000027e4      0x230 zephyr/drivers/adc/libdrivers__adc.a(adc_nrfx_saadc.c.obj)
 .text.init_saadc
                0x0000000000002a14       0x44 zephyr/drivers/adc/libdrivers__adc.a(adc_nrfx_saadc.c.obj)
 .text.saadc_irq_handler
                0x0000000000002a58       0xcc zephyr/drivers/adc/libdrivers__adc.a(adc_nrfx_saadc.c.obj)
 .text.onoff_stop
                0x0000000000002b24       0x30 zephyr/drivers/clock_control/libdrivers__clock_control.a(clock_control_nrf.c.obj)
 .text.onoff_start
                0x0000000000002b54       0x44 zephyr/drivers/clock_control/libdrivers__clock_control.a(clock_control_nrf.c.obj)
 .text.generic_hfclk_stop
                0x0000000000002b98       0x34 zephyr/drivers/clock_control/libdrivers__clock_control.a(clock_control_nrf.c.obj)
 .text.clk_init
                0x0000000000002bcc       0x58 zephyr/drivers/clock_control/libdrivers__clock_control.a(clock_control_nrf.c.obj)
 .text.clkstarted_handle.constprop.0
                0x0000000000002c24       0x34 zephyr/drivers/clock_control/libdrivers__clock_control.a(clock_control_nrf.c.obj)
 .text.clock_event_handler
                0x0000000000002c58       0x1c zephyr/drivers/clock_control/libdrivers__clock_control.a(clock_control_nrf.c.obj)
 .text.generic_hfclk_start
                0x0000000000002c74       0x64 zephyr/drivers/clock_control/libdrivers__clock_control.a(clock_control_nrf.c.obj)
 .text.api_blocking_start
                0x0000000000002cd8       0x34 zephyr/drivers/clock_control/libdrivers__clock_control.a(clock_control_nrf.c.obj)
 .text.lfclk_start
                0x0000000000002d0c       0x24 zephyr/drivers/clock_control/libdrivers__clock_control.a(clock_control_nrf.c.obj)
 .text.z_nrf_clock_control_lf_on
                0x0000000000002d30       0xfc zephyr/drivers/clock_control/libdrivers__clock_control.a(clock_control_nrf.c.obj)
                0x0000000000002d30                z_nrf_clock_control_lf_on
 .text.gpio_nrfx_pin_interrupt_configure
                0x0000000000002e2c       0xd8 zephyr/drivers/gpio/libdrivers__gpio.a(gpio_nrfx.c.obj)
 .text.gpio_nrfx_init
                0x0000000000002f04       0x38 zephyr/drivers/gpio/libdrivers__gpio.a(gpio_nrfx.c.obj)
 .text.nrfx_gpio_handler
                0x0000000000002f3c       0x3c zephyr/drivers/gpio/libdrivers__gpio.a(gpio_nrfx.c.obj)
 .text.gpio_nrfx_pin_configure
                0x0000000000002f78      0x128 zephyr/drivers/gpio/libdrivers__gpio.a(gpio_nrfx.c.obj)
 .text.compare_int_lock
                0x00000000000030a0       0x48 zephyr/drivers/timer/libdrivers__timer.a(nrf_rtc_timer.c.obj)
 .text.sys_clock_timeout_handler
                0x00000000000030e8       0x48 zephyr/drivers/timer/libdrivers__timer.a(nrf_rtc_timer.c.obj)
 .text.compare_int_unlock
                0x0000000000003130       0x5c zephyr/drivers/timer/libdrivers__timer.a(nrf_rtc_timer.c.obj)
 .text.z_nrf_rtc_timer_read
                0x000000000000318c       0x44 zephyr/drivers/timer/libdrivers__timer.a(nrf_rtc_timer.c.obj)
                0x000000000000318c                z_nrf_rtc_timer_read
 .text.compare_set
                0x00000000000031d0      0x130 zephyr/drivers/timer/libdrivers__timer.a(nrf_rtc_timer.c.obj)
 .text.sys_clock_driver_init
                0x0000000000003300       0x90 zephyr/drivers/timer/libdrivers__timer.a(nrf_rtc_timer.c.obj)
 .text.rtc_nrf_isr
                0x0000000000003390       0xd4 zephyr/drivers/timer/libdrivers__timer.a(nrf_rtc_timer.c.obj)
                0x0000000000003390                rtc_nrf_isr
 .text.sys_clock_set_timeout
                0x0000000000003464       0x68 zephyr/drivers/timer/libdrivers__timer.a(nrf_rtc_timer.c.obj)
                0x0000000000003464                sys_clock_set_timeout
 .text.sys_clock_elapsed
                0x00000000000034cc       0x14 zephyr/drivers/timer/libdrivers__timer.a(nrf_rtc_timer.c.obj)
                0x00000000000034cc                sys_clock_elapsed
 .text.k_sys_fatal_error_handler
                0x00000000000034e0       0x2c modules/nrf/lib/fatal_error/lib..__nrf__lib__fatal_error.a(fatal_error.c.obj)
                0x00000000000034e0                k_sys_fatal_error_handler
 .text.nrf52_errata_16
                0x000000000000350c       0x28 modules/hal_nordic/nrfx/libmodules__hal_nordic__nrfx.a(system_nrf52.c.obj)
 .text.SystemInit
                0x0000000000003534      0x218 modules/hal_nordic/nrfx/libmodules__hal_nordic__nrfx.a(system_nrf52.c.obj)
                0x0000000000003534                SystemInit
 .text.nrfx_flag32_alloc
                0x000000000000374c       0x48 modules/hal_nordic/nrfx/libmodules__hal_nordic__nrfx.a(nrfx_flag32_allocator.c.obj)
                0x000000000000374c                nrfx_flag32_alloc
 .text.nrfx_flag32_free
                0x0000000000003794       0x40 modules/hal_nordic/nrfx/libmodules__hal_nordic__nrfx.a(nrfx_flag32_allocator.c.obj)
                0x0000000000003794                nrfx_flag32_free
 .text.clock_stop
                0x00000000000037d4       0xc4 modules/hal_nordic/nrfx/libmodules__hal_nordic__nrfx.a(nrfx_clock.c.obj)
 .text.nrfx_clock_init
                0x0000000000003898       0x20 modules/hal_nordic/nrfx/libmodules__hal_nordic__nrfx.a(nrfx_clock.c.obj)
                0x0000000000003898                nrfx_clock_init
 .text.nrfx_clock_start
                0x00000000000038b8       0xb0 modules/hal_nordic/nrfx/libmodules__hal_nordic__nrfx.a(nrfx_clock.c.obj)
                0x00000000000038b8                nrfx_clock_start
 .text.nrfx_power_clock_irq_handler
                0x0000000000003968       0x68 modules/hal_nordic/nrfx/libmodules__hal_nordic__nrfx.a(nrfx_clock.c.obj)
                0x0000000000003968                nrfx_power_clock_irq_handler
 .text.pin_in_use_by_te
                0x00000000000039d0       0x14 modules/hal_nordic/nrfx/libmodules__hal_nordic__nrfx.a(nrfx_gpiote.c.obj)
 .text.pin_is_output
                0x00000000000039e4       0x14 modules/hal_nordic/nrfx/libmodules__hal_nordic__nrfx.a(nrfx_gpiote.c.obj)
 .text.pin_te_get
                0x00000000000039f8       0x14 modules/hal_nordic/nrfx/libmodules__hal_nordic__nrfx.a(nrfx_gpiote.c.obj)
 .text.call_handler
                0x0000000000003a0c       0x3c modules/hal_nordic/nrfx/libmodules__hal_nordic__nrfx.a(nrfx_gpiote.c.obj)
 .text.release_handler
                0x0000000000003a48       0x54 modules/hal_nordic/nrfx/libmodules__hal_nordic__nrfx.a(nrfx_gpiote.c.obj)
 .text.__nrfy_internal_gpiote_events_process.constprop.0
                0x0000000000003a9c       0x54 modules/hal_nordic/nrfx/libmodules__hal_nordic__nrfx.a(nrfx_gpiote.c.obj)
 .text.nrfx_gpiote_input_configure
                0x0000000000003af0      0x160 modules/hal_nordic/nrfx/libmodules__hal_nordic__nrfx.a(nrfx_gpiote.c.obj)
                0x0000000000003af0                nrfx_gpiote_input_configure
 .text.nrfx_gpiote_output_configure
                0x0000000000003c50       0xec modules/hal_nordic/nrfx/libmodules__hal_nordic__nrfx.a(nrfx_gpiote.c.obj)
                0x0000000000003c50                nrfx_gpiote_output_configure
 .text.nrfx_gpiote_global_callback_set
                0x0000000000003d3c        0xc modules/hal_nordic/nrfx/libmodules__hal_nordic__nrfx.a(nrfx_gpiote.c.obj)
                0x0000000000003d3c                nrfx_gpiote_global_callback_set
 .text.nrfx_gpiote_channel_get
                0x0000000000003d48       0x2c modules/hal_nordic/nrfx/libmodules__hal_nordic__nrfx.a(nrfx_gpiote.c.obj)
                0x0000000000003d48                nrfx_gpiote_channel_get
 .text.nrfx_gpiote_init
                0x0000000000003d74       0x50 modules/hal_nordic/nrfx/libmodules__hal_nordic__nrfx.a(nrfx_gpiote.c.obj)
                0x0000000000003d74                nrfx_gpiote_init
 .text.nrfx_gpiote_is_init
                0x0000000000003dc4       0x14 modules/hal_nordic/nrfx/libmodules__hal_nordic__nrfx.a(nrfx_gpiote.c.obj)
                0x0000000000003dc4                nrfx_gpiote_is_init
 .text.nrfx_gpiote_channel_free
                0x0000000000003dd8        0xc modules/hal_nordic/nrfx/libmodules__hal_nordic__nrfx.a(nrfx_gpiote.c.obj)
                0x0000000000003dd8                nrfx_gpiote_channel_free
 .text.nrfx_gpiote_channel_alloc
                0x0000000000003de4        0xc modules/hal_nordic/nrfx/libmodules__hal_nordic__nrfx.a(nrfx_gpiote.c.obj)
                0x0000000000003de4                nrfx_gpiote_channel_alloc
 .text.nrfx_gpiote_trigger_enable
                0x0000000000003df0       0x98 modules/hal_nordic/nrfx/libmodules__hal_nordic__nrfx.a(nrfx_gpiote.c.obj)
                0x0000000000003df0                nrfx_gpiote_trigger_enable
 .text.nrfx_gpiote_trigger_disable
                0x0000000000003e88       0x4c modules/hal_nordic/nrfx/libmodules__hal_nordic__nrfx.a(nrfx_gpiote.c.obj)
                0x0000000000003e88                nrfx_gpiote_trigger_disable
 .text.nrfx_gpiote_pin_uninit
                0x0000000000003ed4       0x78 modules/hal_nordic/nrfx/libmodules__hal_nordic__nrfx.a(nrfx_gpiote.c.obj)
                0x0000000000003ed4                nrfx_gpiote_pin_uninit
 .text.nrfx_gpiote_irq_handler
                0x0000000000003f4c      0x15c modules/hal_nordic/nrfx/libmodules__hal_nordic__nrfx.a(nrfx_gpiote.c.obj)
                0x0000000000003f4c                nrfx_gpiote_irq_handler
 .text._DoInit  0x00000000000040a8       0x60 modules/segger/libmodules__segger.a(SEGGER_RTT.c.obj)
 .text.SEGGER_RTT_WriteSkipNoLock
                0x0000000000004108       0x88 modules/segger/libmodules__segger.a(SEGGER_RTT.c.obj)
                0x0000000000004108                SEGGER_RTT_WriteSkipNoLock
 .text.SEGGER_RTT_HasDataUp
                0x0000000000004190       0x14 modules/segger/libmodules__segger.a(SEGGER_RTT.c.obj)
                0x0000000000004190                SEGGER_RTT_HasDataUp
 .text.zephyr_rtt_mutex_lock
                0x00000000000041a4       0x14 modules/segger/libmodules__segger.a(SEGGER_RTT_zephyr.c.obj)
                0x00000000000041a4                zephyr_rtt_mutex_lock
 .text.zephyr_rtt_mutex_unlock
                0x00000000000041b8        0xc modules/segger/libmodules__segger.a(SEGGER_RTT_zephyr.c.obj)
                0x00000000000041b8                zephyr_rtt_mutex_unlock
 .text.z_fatal_error
                0x00000000000041c4      0x100 zephyr/kernel/libkernel.a(fatal.c.obj)
                0x00000000000041c4                z_fatal_error
 .text.z_sys_init_run_level
                0x00000000000042c4       0x48 zephyr/kernel/libkernel.a(init.c.obj)
 .text.bg_thread_main
                0x000000000000430c       0x34 zephyr/kernel/libkernel.a(init.c.obj)
 .text.z_bss_zero
                0x0000000000004340       0x18 zephyr/kernel/libkernel.a(init.c.obj)
                0x0000000000004340                z_bss_zero
 .text.z_init_cpu
                0x0000000000004358       0x8c zephyr/kernel/libkernel.a(init.c.obj)
                0x0000000000004358                z_init_cpu
 .text.z_cstart
                0x00000000000043e4       0xe0 zephyr/kernel/libkernel.a(init.c.obj)
                0x00000000000043e4                z_cstart
 .text.z_setup_new_thread
                0x00000000000044c4       0x80 zephyr/kernel/libkernel.a(thread.c.obj)
                0x00000000000044c4                z_setup_new_thread
 .text.z_impl_k_thread_create
                0x0000000000004544       0x58 zephyr/kernel/libkernel.a(thread.c.obj)
                0x0000000000004544                z_impl_k_thread_create
 .text.z_init_static_threads
                0x000000000000459c       0xb8 zephyr/kernel/libkernel.a(thread.c.obj)
                0x000000000000459c                z_init_static_threads
 .text.z_impl_k_mutex_lock
                0x0000000000004654       0xf4 zephyr/kernel/libkernel.a(mutex.c.obj)
                0x0000000000004654                z_impl_k_mutex_lock
 .text.z_impl_k_mutex_unlock
                0x0000000000004748       0x78 zephyr/kernel/libkernel.a(mutex.c.obj)
                0x0000000000004748                z_impl_k_mutex_unlock
 .text.z_impl_k_sem_give
                0x00000000000047c0       0x48 zephyr/kernel/libkernel.a(sem.c.obj)
                0x00000000000047c0                z_impl_k_sem_give
 .text.z_impl_k_sem_take
                0x0000000000004808       0x50 zephyr/kernel/libkernel.a(sem.c.obj)
                0x0000000000004808                z_impl_k_sem_take
 .text.sliceable
                0x0000000000004858       0x3c zephyr/kernel/libkernel.a(sched.c.obj)
 .text.slice_timeout
                0x0000000000004894       0x20 zephyr/kernel/libkernel.a(sched.c.obj)
 .text.z_reset_time_slice
                0x00000000000048b4       0x50 zephyr/kernel/libkernel.a(sched.c.obj)
                0x00000000000048b4                z_reset_time_slice
 .text.update_cache
                0x0000000000004904       0x3c zephyr/kernel/libkernel.a(sched.c.obj)
 .text.move_thread_to_end_of_prio_q
                0x0000000000004940       0x74 zephyr/kernel/libkernel.a(sched.c.obj)
 .text.ready_thread
                0x00000000000049b4       0x68 zephyr/kernel/libkernel.a(sched.c.obj)
 .text.unready_thread
                0x0000000000004a1c       0x30 zephyr/kernel/libkernel.a(sched.c.obj)
 .text.pend_locked
                0x0000000000004a4c       0x30 zephyr/kernel/libkernel.a(sched.c.obj)
 .text.z_time_slice
                0x0000000000004a7c       0x60 zephyr/kernel/libkernel.a(sched.c.obj)
                0x0000000000004a7c                z_time_slice
 .text.z_pend_curr
                0x0000000000004adc       0x3c zephyr/kernel/libkernel.a(sched.c.obj)
                0x0000000000004adc                z_pend_curr
 .text.z_set_prio
                0x0000000000004b18       0x8c zephyr/kernel/libkernel.a(sched.c.obj)
                0x0000000000004b18                z_set_prio
 .text.z_reschedule
                0x0000000000004ba4       0x24 zephyr/kernel/libkernel.a(sched.c.obj)
                0x0000000000004ba4                z_reschedule
 .text.z_sched_start
                0x0000000000004bc8       0x3c zephyr/kernel/libkernel.a(sched.c.obj)
                0x0000000000004bc8                z_sched_start
 .text.z_impl_k_thread_suspend
                0x0000000000004c04       0x64 zephyr/kernel/libkernel.a(sched.c.obj)
                0x0000000000004c04                z_impl_k_thread_suspend
 .text.k_sched_lock
                0x0000000000004c68       0x28 zephyr/kernel/libkernel.a(sched.c.obj)
                0x0000000000004c68                k_sched_lock
 .text.k_sched_unlock
                0x0000000000004c90       0x38 zephyr/kernel/libkernel.a(sched.c.obj)
                0x0000000000004c90                k_sched_unlock
 .text.z_sched_init
                0x0000000000004cc8       0x10 zephyr/kernel/libkernel.a(sched.c.obj)
                0x0000000000004cc8                z_sched_init
 .text.z_impl_k_yield
                0x0000000000004cd8       0x7c zephyr/kernel/libkernel.a(sched.c.obj)
                0x0000000000004cd8                z_impl_k_yield
 .text.z_tick_sleep
                0x0000000000004d54       0x88 zephyr/kernel/libkernel.a(sched.c.obj)
 .text.z_impl_k_sleep
                0x0000000000004ddc       0x34 zephyr/kernel/libkernel.a(sched.c.obj)
                0x0000000000004ddc                z_impl_k_sleep
 .text.z_impl_z_current_get
                0x0000000000004e10        0xc zephyr/kernel/libkernel.a(sched.c.obj)
                0x0000000000004e10                z_impl_z_current_get
 .text.z_thread_abort
                0x0000000000004e1c       0xc0 zephyr/kernel/libkernel.a(sched.c.obj)
                0x0000000000004e1c                z_thread_abort
 .text.z_data_copy
                0x0000000000004edc       0x34 zephyr/kernel/libkernel.a(xip.c.obj)
                0x0000000000004edc                z_data_copy
 .text.elapsed  0x0000000000004f10       0x14 zephyr/kernel/libkernel.a(timeout.c.obj)
 .text.next_timeout
                0x0000000000004f24       0x40 zephyr/kernel/libkernel.a(timeout.c.obj)
 .text.remove_timeout
                0x0000000000004f64       0x38 zephyr/kernel/libkernel.a(timeout.c.obj)
 .text.z_add_timeout
                0x0000000000004f9c       0xec zephyr/kernel/libkernel.a(timeout.c.obj)
                0x0000000000004f9c                z_add_timeout
 .text.sys_clock_announce
                0x0000000000005088       0xd4 zephyr/kernel/libkernel.a(timeout.c.obj)
                0x0000000000005088                sys_clock_announce
 .text.sys_clock_tick_get
                0x000000000000515c       0x34 zephyr/kernel/libkernel.a(timeout.c.obj)
                0x000000000000515c                sys_clock_tick_get
 .text.z_timer_expiration_handler
                0x0000000000005190       0xe4 zephyr/kernel/libkernel.a(timer.c.obj)
                0x0000000000005190                z_timer_expiration_handler
 .text.z_impl_k_timer_start
                0x0000000000005274       0x60 zephyr/kernel/libkernel.a(timer.c.obj)
                0x0000000000005274                z_impl_k_timer_start
 .text.boot_banner
                0x00000000000052d4        0xc zephyr/kernel/libkernel.a(banner.c.obj)
                0x00000000000052d4                boot_banner
 .text.snprintf
                0x00000000000052e0       0x58 c:\ncs\toolchains\c57af46cb7\opt\zephyr-sdk\arm-zephyr-eabi\bin\../lib/gcc/../../picolibc/arm-zephyr-eabi/lib/thumb/v7e-m/nofp\libc.a(libc_tinystdio_snprintf.c.o)
                0x00000000000052e0                snprintf
 .text.__i_vfprintf
                0x0000000000005338      0x490 c:\ncs\toolchains\c57af46cb7\opt\zephyr-sdk\arm-zephyr-eabi\bin\../lib/gcc/../../picolibc/arm-zephyr-eabi/lib/thumb/v7e-m/nofp\libc.a(libc_tinystdio_vfiprintf.c.o)
                0x0000000000005338                __i_vfprintf
 .text.cbpprintf_external
                0x00000000000057c8       0x62 zephyr/libzephyr.a(cbprintf_packaged.c.obj)
                0x00000000000057c8                cbpprintf_external
 .text.is_ptr   0x000000000000582a       0x4a zephyr/libzephyr.a(cbprintf_packaged.c.obj)
                0x000000000000582a                is_ptr
 .text.printk   0x0000000000005874       0x1a zephyr/libzephyr.a(printk.c.obj)
                0x0000000000005874                printk
 .text.chunk_size
                0x000000000000588e        0xa zephyr/libzephyr.a(heap.c.obj)
 .text.free_list_add
                0x0000000000005898       0x4e zephyr/libzephyr.a(heap.c.obj)
 .text.sys_heap_init
                0x00000000000058e6       0x7a zephyr/libzephyr.a(heap.c.obj)
                0x00000000000058e6                sys_heap_init
 .text.process_recheck
                0x0000000000005960       0x38 zephyr/libzephyr.a(onoff.c.obj)
 .text.validate_args
                0x0000000000005998       0x20 zephyr/libzephyr.a(onoff.c.obj)
 .text.notify_one
                0x00000000000059b8       0x2c zephyr/libzephyr.a(onoff.c.obj)
 .text.transition_complete
                0x00000000000059e4       0x1c zephyr/libzephyr.a(onoff.c.obj)
 .text.onoff_manager_init
                0x0000000000005a00       0x26 zephyr/libzephyr.a(onoff.c.obj)
                0x0000000000005a00                onoff_manager_init
 .text.onoff_request
                0x0000000000005a26       0xb0 zephyr/libzephyr.a(onoff.c.obj)
                0x0000000000005a26                onoff_request
 .text.sys_notify_validate
                0x0000000000005ad6       0x22 zephyr/libzephyr.a(notify.c.obj)
                0x0000000000005ad6                sys_notify_validate
 .text.sys_notify_finalize
                0x0000000000005af8       0x1a zephyr/libzephyr.a(notify.c.obj)
                0x0000000000005af8                sys_notify_finalize
 .text.free_space
                0x0000000000005b12       0x26 zephyr/libzephyr.a(mpsc_pbuf.c.obj)
 .text.get_usage
                0x0000000000005b38       0x22 zephyr/libzephyr.a(mpsc_pbuf.c.obj)
 .text.idx_inc  0x0000000000005b5a       0x1c zephyr/libzephyr.a(mpsc_pbuf.c.obj)
 .text.rd_idx_inc
                0x0000000000005b76       0x18 zephyr/libzephyr.a(mpsc_pbuf.c.obj)
 .text.add_skip_item
                0x0000000000005b8e       0x3a zephyr/libzephyr.a(mpsc_pbuf.c.obj)
 .text.drop_item_locked
                0x0000000000005bc8       0xee zephyr/libzephyr.a(mpsc_pbuf.c.obj)
 .text.post_drop_action
                0x0000000000005cb6       0x36 zephyr/libzephyr.a(mpsc_pbuf.c.obj)
 .text.max_utilization_update
                0x0000000000005cec       0x1a zephyr/libzephyr.a(mpsc_pbuf.c.obj)
 .text.mpsc_pbuf_init
                0x0000000000005d06       0x42 zephyr/libzephyr.a(mpsc_pbuf.c.obj)
                0x0000000000005d06                mpsc_pbuf_init
 .text.mpsc_pbuf_alloc
                0x0000000000005d48       0xfc zephyr/libzephyr.a(mpsc_pbuf.c.obj)
                0x0000000000005d48                mpsc_pbuf_alloc
 .text.mpsc_pbuf_commit
                0x0000000000005e44       0x40 zephyr/libzephyr.a(mpsc_pbuf.c.obj)
                0x0000000000005e44                mpsc_pbuf_commit
 .text.mpsc_pbuf_claim
                0x0000000000005e84       0xa4 zephyr/libzephyr.a(mpsc_pbuf.c.obj)
                0x0000000000005e84                mpsc_pbuf_claim
 .text.mpsc_pbuf_free
                0x0000000000005f28       0x78 zephyr/libzephyr.a(mpsc_pbuf.c.obj)
                0x0000000000005f28                mpsc_pbuf_free
 .text.mpsc_pbuf_is_pending
                0x0000000000005fa0       0x1a zephyr/libzephyr.a(mpsc_pbuf.c.obj)
                0x0000000000005fa0                mpsc_pbuf_is_pending
 .text._ConfigAbsSyms
                0x0000000000005fba        0x2 zephyr/libzephyr.a(configs.c.obj)
                0x0000000000005fba                _ConfigAbsSyms
 .text.log_msg_generic_get_wlen
                0x0000000000005fbc       0x20 zephyr/libzephyr.a(log_core.c.obj)
 .text.dummy_timestamp
                0x0000000000005fdc        0x4 zephyr/libzephyr.a(log_core.c.obj)
 .text.default_get_timestamp
                0x0000000000005fe0        0x4 zephyr/libzephyr.a(log_core.c.obj)
 .text.atomic_inc
                0x0000000000005fe4       0x1a zephyr/libzephyr.a(log_core.c.obj)
 .text.z_log_vprintk
                0x0000000000005ffe       0x1c zephyr/libzephyr.a(log_core.c.obj)
                0x0000000000005ffe                z_log_vprintk
 .text.z_log_notify_drop
                0x000000000000601a        0x6 zephyr/libzephyr.a(log_core.c.obj)
 .text.z_log_get_tag
                0x0000000000006020        0x4 zephyr/libzephyr.a(log_core.c.obj)
                0x0000000000006020                z_log_get_tag
 .text.z_cbprintf_cpy
                0x0000000000006024       0x2c zephyr/libzephyr.a(log_msg.c.obj)
 .text.z_log_msg_finalize
                0x0000000000006050       0x32 zephyr/libzephyr.a(log_msg.c.obj)
                0x0000000000006050                z_log_msg_finalize
 .text.buffer_write
                0x0000000000006082       0x1a zephyr/libzephyr.a(log_output.c.obj)
 .text.log_output_flush
                0x000000000000609c       0x1a zephyr/libzephyr.a(log_output.c.obj)
                0x000000000000609c                log_output_flush
 .text.out_func
                0x00000000000060b6       0x36 zephyr/libzephyr.a(log_output.c.obj)
 .text.cr_out_func
                0x00000000000060ec       0x1c zephyr/libzephyr.a(log_output.c.obj)
 .text.z_do_kernel_oops
                0x0000000000006108        0x8 zephyr/arch/arch/arm/core/aarch32/libarch__arm__core__aarch32.a(fatal.c.obj)
                0x0000000000006108                z_do_kernel_oops
 .text.z_irq_spurious
                0x0000000000006110        0x8 zephyr/arch/arch/arm/core/aarch32/libarch__arm__core__aarch32.a(irq_manage.c.obj)
                0x0000000000006110                z_irq_spurious
 .text.z_arm_nmi
                0x0000000000006118        0xe zephyr/arch/arch/arm/core/aarch32/libarch__arm__core__aarch32.a(nmi.c.obj)
                0x0000000000006118                z_arm_nmi
 .text.z_log_msg_static_create.constprop.0
                0x0000000000006126        0x6 zephyr/arch/arch/arm/core/aarch32/cortex_m/libarch__arm__core__aarch32__cortex_m.a(fault.c.obj)
 .text.cbputc   0x000000000000612c        0xc zephyr/lib/libc/picolibc/liblib__libc__picolibc.a(libc-hooks.c.obj)
 .text.adc_context_on_timer_expired
                0x0000000000006138       0x2e zephyr/drivers/adc/libdrivers__adc.a(adc_nrfx_saadc.c.obj)
 .text.get_status
                0x0000000000006166       0x12 zephyr/drivers/clock_control/libdrivers__clock_control.a(clock_control_nrf.c.obj)
 .text.set_on_state
                0x0000000000006178       0x26 zephyr/drivers/clock_control/libdrivers__clock_control.a(clock_control_nrf.c.obj)
 .text.stop     0x000000000000619e       0x52 zephyr/drivers/clock_control/libdrivers__clock_control.a(clock_control_nrf.c.obj)
 .text.api_stop
                0x00000000000061f0        0x6 zephyr/drivers/clock_control/libdrivers__clock_control.a(clock_control_nrf.c.obj)
 .text.async_start
                0x00000000000061f6       0x5c zephyr/drivers/clock_control/libdrivers__clock_control.a(clock_control_nrf.c.obj)
 .text.api_start
                0x0000000000006252        0xe zephyr/drivers/clock_control/libdrivers__clock_control.a(clock_control_nrf.c.obj)
 .text.onoff_started_callback
                0x0000000000006260       0x12 zephyr/drivers/clock_control/libdrivers__clock_control.a(clock_control_nrf.c.obj)
 .text.lfclk_stop
                0x0000000000006272        0x6 zephyr/drivers/clock_control/libdrivers__clock_control.a(clock_control_nrf.c.obj)
 .text.blocking_start_callback
                0x0000000000006278        0x6 zephyr/drivers/clock_control/libdrivers__clock_control.a(clock_control_nrf.c.obj)
 .text.gpio_nrfx_port_get_raw
                0x000000000000627e        0xe zephyr/drivers/gpio/libdrivers__gpio.a(gpio_nrfx.c.obj)
 .text.gpio_nrfx_port_set_masked_raw
                0x000000000000628c       0x18 zephyr/drivers/gpio/libdrivers__gpio.a(gpio_nrfx.c.obj)
 .text.gpio_nrfx_port_set_bits_raw
                0x00000000000062a4        0xc zephyr/drivers/gpio/libdrivers__gpio.a(gpio_nrfx.c.obj)
 .text.gpio_nrfx_port_clear_bits_raw
                0x00000000000062b0        0xc zephyr/drivers/gpio/libdrivers__gpio.a(gpio_nrfx.c.obj)
 .text.gpio_nrfx_port_toggle_bits
                0x00000000000062bc       0x1a zephyr/drivers/gpio/libdrivers__gpio.a(gpio_nrfx.c.obj)
 .text.gpio_nrfx_manage_callback
                0x00000000000062d6       0x52 zephyr/drivers/gpio/libdrivers__gpio.a(gpio_nrfx.c.obj)
 .text.event_clear
                0x0000000000006328       0x18 zephyr/drivers/timer/libdrivers__timer.a(nrf_rtc_timer.c.obj)
 .text.sys_clock_cycle_get_32
                0x0000000000006340        0x8 zephyr/drivers/timer/libdrivers__timer.a(nrf_rtc_timer.c.obj)
                0x0000000000006340                sys_clock_cycle_get_32
 .text.nrf52_errata_12
                0x0000000000006348       0x1c modules/hal_nordic/nrfx/libmodules__hal_nordic__nrfx.a(system_nrf52.c.obj)
 .text.nrfx_isr
                0x0000000000006364        0x2 modules/hal_nordic/nrfx/libmodules__hal_nordic__nrfx.a(nrfx_glue.c.obj)
                0x0000000000006364                nrfx_isr
 .text.nrfx_busy_wait
                0x0000000000006366        0x4 modules/hal_nordic/nrfx/libmodules__hal_nordic__nrfx.a(nrfx_glue.c.obj)
                0x0000000000006366                nrfx_busy_wait
 .text.nrfx_clock_enable
                0x000000000000636a       0x1a modules/hal_nordic/nrfx/libmodules__hal_nordic__nrfx.a(nrfx_clock.c.obj)
                0x000000000000636a                nrfx_clock_enable
 .text.nrfx_clock_stop
                0x0000000000006384        0x4 modules/hal_nordic/nrfx/libmodules__hal_nordic__nrfx.a(nrfx_clock.c.obj)
                0x0000000000006384                nrfx_clock_stop
 .text.nrf_gpio_pin_port_decode
                0x0000000000006388       0x14 modules/hal_nordic/nrfx/libmodules__hal_nordic__nrfx.a(nrfx_gpiote.c.obj)
 .text.nrf_gpio_reconfigure
                0x000000000000639c       0x92 modules/hal_nordic/nrfx/libmodules__hal_nordic__nrfx.a(nrfx_gpiote.c.obj)
 .text.nrf_gpio_cfg_sense_set
                0x000000000000642e       0x1e modules/hal_nordic/nrfx/libmodules__hal_nordic__nrfx.a(nrfx_gpiote.c.obj)
 .text.SEGGER_RTT_Init
                0x000000000000644c        0x4 modules/segger/libmodules__segger.a(SEGGER_RTT.c.obj)
                0x000000000000644c                SEGGER_RTT_Init
 .text.rtt_init
                0x0000000000006450        0xa modules/segger/libmodules__segger.a(SEGGER_RTT_zephyr.c.obj)
 .text.z_impl_k_busy_wait
                0x000000000000645a        0x8 zephyr/kernel/libkernel.a(busy_wait.c.obj)
                0x000000000000645a                z_impl_k_busy_wait
 .text.z_device_state_init
                0x0000000000006462        0x2 zephyr/kernel/libkernel.a(device.c.obj)
                0x0000000000006462                z_device_state_init
 .text.z_device_is_ready
                0x0000000000006464       0x16 zephyr/kernel/libkernel.a(device.c.obj)
                0x0000000000006464                z_device_is_ready
 .text.z_early_memset
                0x000000000000647a        0x4 zephyr/kernel/libkernel.a(init.c.obj)
                0x000000000000647a                z_early_memset
 .text.z_early_memcpy
                0x000000000000647e        0x4 zephyr/kernel/libkernel.a(init.c.obj)
                0x000000000000647e                z_early_memcpy
 .text.k_is_in_isr
                0x0000000000006482        0xc zephyr/kernel/libkernel.a(thread.c.obj)
                0x0000000000006482                k_is_in_isr
 .text.z_impl_k_thread_name_set
                0x000000000000648e        0x6 zephyr/kernel/libkernel.a(thread.c.obj)
                0x000000000000648e                z_impl_k_thread_name_set
 .text.k_thread_name_get
                0x0000000000006494        0x4 zephyr/kernel/libkernel.a(thread.c.obj)
                0x0000000000006494                k_thread_name_get
 .text.idle     0x0000000000006498       0x18 zephyr/kernel/libkernel.a(idle.c.obj)
                0x0000000000006498                idle
 .text.adjust_owner_prio.isra.0
                0x00000000000064b0       0x10 zephyr/kernel/libkernel.a(mutex.c.obj)
 .text.z_impl_k_sem_init
                0x00000000000064c0       0x18 zephyr/kernel/libkernel.a(sem.c.obj)
                0x00000000000064c0                z_impl_k_sem_init
 .text.sys_dlist_remove
                0x00000000000064d8       0x10 zephyr/kernel/libkernel.a(sched.c.obj)
 .text.unpend_thread_no_timeout
                0x00000000000064e8       0x14 zephyr/kernel/libkernel.a(sched.c.obj)
 .text.add_to_waitq_locked
                0x00000000000064fc       0x50 zephyr/kernel/libkernel.a(sched.c.obj)
 .text.z_ready_thread
                0x000000000000654c       0x20 zephyr/kernel/libkernel.a(sched.c.obj)
                0x000000000000654c                z_ready_thread
 .text.z_unpend_thread_no_timeout
                0x000000000000656c       0x24 zephyr/kernel/libkernel.a(sched.c.obj)
                0x000000000000656c                z_unpend_thread_no_timeout
 .text.z_sched_wake_thread
                0x0000000000006590       0x44 zephyr/kernel/libkernel.a(sched.c.obj)
                0x0000000000006590                z_sched_wake_thread
 .text.z_thread_timeout
                0x00000000000065d4        0x8 zephyr/kernel/libkernel.a(sched.c.obj)
                0x00000000000065d4                z_thread_timeout
 .text.z_unpend1_no_timeout
                0x00000000000065dc       0x2e zephyr/kernel/libkernel.a(sched.c.obj)
                0x00000000000065dc                z_unpend1_no_timeout
 .text.z_unpend_first_thread
                0x000000000000660a       0x38 zephyr/kernel/libkernel.a(sched.c.obj)
                0x000000000000660a                z_unpend_first_thread
 .text.z_reschedule_irqlock
                0x0000000000006642       0x18 zephyr/kernel/libkernel.a(sched.c.obj)
                0x0000000000006642                z_reschedule_irqlock
 .text.z_reschedule_unlocked
                0x000000000000665a       0x14 zephyr/kernel/libkernel.a(sched.c.obj)
 .text.z_abort_timeout
                0x000000000000666e       0x2c zephyr/kernel/libkernel.a(timeout.c.obj)
                0x000000000000666e                z_abort_timeout
 .text.sys_clock_tick_get_32
                0x000000000000669a        0x8 zephyr/kernel/libkernel.a(timeout.c.obj)
                0x000000000000669a                sys_clock_tick_get_32
 .text.z_impl_k_uptime_ticks
                0x00000000000066a2        0x4 zephyr/kernel/libkernel.a(timeout.c.obj)
                0x00000000000066a2                z_impl_k_uptime_ticks
 .text.k_timer_init
                0x00000000000066a6       0x18 zephyr/kernel/libkernel.a(timer.c.obj)
                0x00000000000066a6                k_timer_init
 .text.z_impl_k_timer_stop
                0x00000000000066be       0x3a zephyr/kernel/libkernel.a(timer.c.obj)
                0x00000000000066be                z_impl_k_timer_stop
 .text._OffsetAbsSyms
                0x00000000000066f8        0x2 zephyr/CMakeFiles/offsets.dir/./arch/arm/core/offsets/offsets.c.obj
                0x00000000000066f8                _OffsetAbsSyms
 .text.strnlen  0x00000000000066fa       0x18 c:\ncs\toolchains\c57af46cb7\opt\zephyr-sdk\arm-zephyr-eabi\bin\../lib/gcc/../../picolibc/arm-zephyr-eabi/lib/thumb/v7e-m/nofp\libc.a(libc_string_strnlen.c.o)
                0x00000000000066fa                strnlen
 .text.__ultoa_invert
                0x0000000000006712       0x38 c:\ncs\toolchains\c57af46cb7\opt\zephyr-sdk\arm-zephyr-eabi\bin\../lib/gcc/../../picolibc/arm-zephyr-eabi/lib/thumb/v7e-m/nofp\libc.a(libc_tinystdio_vfiprintf.c.o)
 .text.memcpy   0x000000000000674a       0x1c c:\ncs\toolchains\c57af46cb7\opt\zephyr-sdk\arm-zephyr-eabi\bin\../lib/gcc/../../picolibc/arm-zephyr-eabi/lib/thumb/v7e-m/nofp\libc.a(memcpy.c.o)
                0x000000000000674a                __aeabi_memcpy
                0x000000000000674a                __aeabi_memcpy4
                0x000000000000674a                __aeabi_memcpy8
                0x000000000000674a                memcpy
 .text.memset   0x0000000000006766       0x10 c:\ncs\toolchains\c57af46cb7\opt\zephyr-sdk\arm-zephyr-eabi\bin\../lib/gcc/../../picolibc/arm-zephyr-eabi/lib/thumb/v7e-m/nofp\libc.a(memset.c.o)
                0x0000000000006766                memset
 .text.__file_str_put
                0x0000000000006776       0x10 c:\ncs\toolchains\c57af46cb7\opt\zephyr-sdk\arm-zephyr-eabi\bin\../lib/gcc/../../picolibc/arm-zephyr-eabi/lib/thumb/v7e-m/nofp\libc.a(libc_tinystdio_filestrput.c.o)
                0x0000000000006776                __file_str_put
 *(SORT_BY_ALIGNMENT(.TEXT.*))
 *fill*         0x0000000000006786        0x2 
 .TEXT.__aeabi_read_tp
                0x0000000000006788        0xc zephyr/arch/arch/arm/core/aarch32/cortex_m/libarch__arm__core__aarch32__cortex_m.a(__aeabi_read_tp.S.obj)
                0x0000000000006788                __aeabi_read_tp
 *(SORT_BY_ALIGNMENT(.gnu.linkonce.t.*))
 *(SORT_BY_ALIGNMENT(.glue_7t))
 .glue_7t       0x0000000000006794        0x0 linker stubs
 *(SORT_BY_ALIGNMENT(.glue_7))
 .glue_7        0x0000000000006794        0x0 linker stubs
 *(SORT_BY_ALIGNMENT(.vfp11_veneer))
 .vfp11_veneer  0x0000000000006794        0x0 linker stubs
 *(SORT_BY_ALIGNMENT(.v4_bx))
 .v4_bx         0x0000000000006794        0x0 linker stubs
                0x0000000000006794                . = ALIGN (0x4)
                0x0000000000006794                __text_region_end = .

.ARM.exidx      0x0000000000006794        0x8
                0x0000000000006794                __exidx_start = .
 *(SORT_BY_ALIGNMENT(.ARM.exidx*) SORT_BY_ALIGNMENT(gnu.linkonce.armexidx.*))
 .ARM.exidx     0x0000000000006794        0x8 c:/ncs/toolchains/c57af46cb7/opt/zephyr-sdk/arm-zephyr-eabi/bin/../lib/gcc/arm-zephyr-eabi/12.2.0/thumb/v7e-m/nofp\libgcc.a(_udivmoddi4.o)
                0x000000000000679c                __exidx_end = .
                0x000000000000679c                __rodata_region_start = .

initlevel       0x000000000000679c       0x40
                0x000000000000679c                __init_start = .
                0x000000000000679c                __init_EARLY_start = .
 *(SORT_BY_NAME(SORT_BY_ALIGNMENT(.z_init_EARLY?_*)))
 *(SORT_BY_NAME(SORT_BY_ALIGNMENT(.z_init_EARLY??_*)))
                0x000000000000679c                __init_PRE_KERNEL_1_start = .
 *(SORT_BY_NAME(SORT_BY_ALIGNMENT(.z_init_PRE_KERNEL_1?_*)))
 .z_init_PRE_KERNEL_10_0_
                0x000000000000679c        0x8 zephyr/soc/soc/arm/nordic_nrf/nrf52/libsoc__arm__nordic_nrf__nrf52.a(soc.c.obj)
 *(SORT_BY_NAME(SORT_BY_ALIGNMENT(.z_init_PRE_KERNEL_1??_*)))
 .z_init_PRE_KERNEL_130_00060_
                0x00000000000067a4        0x8 zephyr/drivers/clock_control/libdrivers__clock_control.a(clock_control_nrf.c.obj)
 .z_init_PRE_KERNEL_130_0_
                0x00000000000067ac        0x8 modules/segger/libmodules__segger.a(SEGGER_RTT_zephyr.c.obj)
 .z_init_PRE_KERNEL_140_00013_
                0x00000000000067b4        0x8 zephyr/drivers/gpio/libdrivers__gpio.a(gpio_nrfx.c.obj)
                0x00000000000067bc                __init_PRE_KERNEL_2_start = .
 *(SORT_BY_NAME(SORT_BY_ALIGNMENT(.z_init_PRE_KERNEL_2?_*)))
 .z_init_PRE_KERNEL_20_0_
                0x00000000000067bc        0x8 zephyr/drivers/timer/libdrivers__timer.a(nrf_rtc_timer.c.obj)
 *(SORT_BY_NAME(SORT_BY_ALIGNMENT(.z_init_PRE_KERNEL_2??_*)))
                0x00000000000067c4                __init_POST_KERNEL_start = .
 *(SORT_BY_NAME(SORT_BY_ALIGNMENT(.z_init_POST_KERNEL?_*)))
 .z_init_POST_KERNEL0_0_
                0x00000000000067c4        0x8 zephyr/libzephyr.a(log_core.c.obj)
 *(SORT_BY_NAME(SORT_BY_ALIGNMENT(.z_init_POST_KERNEL??_*)))
 .z_init_POST_KERNEL40_0_
                0x00000000000067cc        0x8 zephyr/lib/libc/common/liblib__libc__common.a(malloc.c.obj)
 .z_init_POST_KERNEL50_00010_
                0x00000000000067d4        0x8 zephyr/drivers/adc/libdrivers__adc.a(adc_nrfx_saadc.c.obj)
                0x00000000000067dc                __init_APPLICATION_start = .
 *(SORT_BY_NAME(SORT_BY_ALIGNMENT(.z_init_APPLICATION?_*)))
 *(SORT_BY_NAME(SORT_BY_ALIGNMENT(.z_init_APPLICATION??_*)))
                0x00000000000067dc                __init_SMP_start = .
 *(SORT_BY_NAME(SORT_BY_ALIGNMENT(.z_init_SMP?_*)))
 *(SORT_BY_NAME(SORT_BY_ALIGNMENT(.z_init_SMP??_*)))
                0x00000000000067dc                __init_end = .

device_area     0x00000000000067dc       0x3c
                0x00000000000067dc                _device_list_start = .
 *(SORT_BY_NAME(SORT_BY_ALIGNMENT(._device.static.*_?_*)))
 *(SORT_BY_NAME(SORT_BY_ALIGNMENT(._device.static.*_??_*)))
 ._device.static.1_30_
                0x00000000000067dc       0x14 zephyr/drivers/clock_control/libdrivers__clock_control.a(clock_control_nrf.c.obj)
                0x00000000000067dc                __device_dts_ord_60
 ._device.static.1_40_
                0x00000000000067f0       0x14 zephyr/drivers/gpio/libdrivers__gpio.a(gpio_nrfx.c.obj)
                0x00000000000067f0                __device_dts_ord_13
 ._device.static.3_50_
                0x0000000000006804       0x14 zephyr/drivers/adc/libdrivers__adc.a(adc_nrfx_saadc.c.obj)
                0x0000000000006804                __device_dts_ord_10
                0x0000000000006818                _device_list_end = .

sw_isr_table    0x0000000000006818      0x138
                0x0000000000006818                . = ALIGN (0x4)
 *(SORT_BY_ALIGNMENT(.gnu.linkonce.sw_isr_table*))
 .gnu.linkonce.sw_isr_table
                0x0000000000006818      0x138 zephyr/CMakeFiles/zephyr_final.dir/isr_tables.c.obj
                0x0000000000006818                _sw_isr_table

initlevel_error
                0x000000000000679c        0x0
 *(SORT_BY_NAME(SORT_BY_ALIGNMENT(.z_init_[_A-Z0-9]*)))
                0x0000000000000001                ASSERT ((SIZEOF (initlevel_error) == 0x0), Undefined initialization levels used.)

app_shmem_regions
                0x0000000000006950        0x0
                0x0000000000006950                __app_shmem_regions_start = .
 *(SORT_BY_NAME(SORT_BY_ALIGNMENT(.app_regions.*)))
                0x0000000000006950                __app_shmem_regions_end = .

k_p4wq_initparam_area
                0x0000000000006950        0x0
                0x0000000000006950                _k_p4wq_initparam_list_start = .
 *(SORT_BY_NAME(SORT_BY_ALIGNMENT(._k_p4wq_initparam.static.*)))
                0x0000000000006950                _k_p4wq_initparam_list_end = .

_static_thread_data_area
                0x0000000000006950        0x0
                0x0000000000006950                __static_thread_data_list_start = .
 *(SORT_BY_NAME(SORT_BY_ALIGNMENT(.__static_thread_data.static.*)))
                0x0000000000006950                __static_thread_data_list_end = .

device_deps     0x0000000000006950        0x0
                0x0000000000006950                __device_deps_start = .
 *(SORT_BY_NAME(SORT_BY_ALIGNMENT(.__device_deps_pass2*)))
                0x0000000000006950                __device_deps_end = .

ztest           0x0000000000006950        0x0
                0x0000000000006950                _ztest_expected_result_entry_list_start = .
 *(SORT_BY_NAME(SORT_BY_ALIGNMENT(._ztest_expected_result_entry.static.*)))
                0x0000000000006950                _ztest_expected_result_entry_list_end = .
                0x0000000000006950                _ztest_suite_node_list_start = .
 *(SORT_BY_NAME(SORT_BY_ALIGNMENT(._ztest_suite_node.static.*)))
                0x0000000000006950                _ztest_suite_node_list_end = .
                0x0000000000006950                _ztest_unit_test_list_start = .
 *(SORT_BY_NAME(SORT_BY_ALIGNMENT(._ztest_unit_test.static.*)))
                0x0000000000006950                _ztest_unit_test_list_end = .
                0x0000000000006950                _ztest_test_rule_list_start = .
 *(SORT_BY_NAME(SORT_BY_ALIGNMENT(._ztest_test_rule.static.*)))
                0x0000000000006950                _ztest_test_rule_list_end = .

bt_l2cap_fixed_chan_area
                0x0000000000006950        0x0
                0x0000000000006950                _bt_l2cap_fixed_chan_list_start = .
 *(SORT_BY_NAME(SORT_BY_ALIGNMENT(._bt_l2cap_fixed_chan.static.*)))
                0x0000000000006950                _bt_l2cap_fixed_chan_list_end = .

bt_gatt_service_static_area
                0x0000000000006950        0x0
                0x0000000000006950                _bt_gatt_service_static_list_start = .
 *(SORT_BY_NAME(SORT_BY_ALIGNMENT(._bt_gatt_service_static.static.*)))
                0x0000000000006950                _bt_gatt_service_static_list_end = .

log_strings_area
                0x0000000000006950        0x0
                0x0000000000006950                _log_strings_list_start = .
 *(SORT_BY_NAME(SORT_BY_ALIGNMENT(._log_strings.static.*)))
                0x0000000000006950                _log_strings_list_end = .

log_const_area  0x0000000000006950       0x58
                0x0000000000006950                _log_const_list_start = .
 *(SORT_BY_NAME(SORT_BY_ALIGNMENT(._log_const.static.*)))
 ._log_const.static.log_const_NRFX_CLOCK_
                0x0000000000006950        0x8 modules/hal_nordic/nrfx/libmodules__hal_nordic__nrfx.a(nrfx_clock.c.obj)
                0x0000000000006950                log_const_NRFX_CLOCK
 ._log_const.static.log_const_NRFX_GPIOTE_
                0x0000000000006958        0x8 modules/hal_nordic/nrfx/libmodules__hal_nordic__nrfx.a(nrfx_gpiote.c.obj)
                0x0000000000006958                log_const_NRFX_GPIOTE
 ._log_const.static.log_const_adc_nrfx_saadc_
                0x0000000000006960        0x8 zephyr/drivers/adc/libdrivers__adc.a(adc_nrfx_saadc.c.obj)
                0x0000000000006960                log_const_adc_nrfx_saadc
 ._log_const.static.log_const_cbprintf_package_
                0x0000000000006968        0x8 zephyr/libzephyr.a(cbprintf_packaged.c.obj)
                0x0000000000006968                log_const_cbprintf_package
 ._log_const.static.log_const_clock_control_
                0x0000000000006970        0x8 zephyr/drivers/clock_control/libdrivers__clock_control.a(clock_control_nrf.c.obj)
                0x0000000000006970                log_const_clock_control
 ._log_const.static.log_const_fatal_error_
                0x0000000000006978        0x8 modules/nrf/lib/fatal_error/lib..__nrf__lib__fatal_error.a(fatal_error.c.obj)
                0x0000000000006978                log_const_fatal_error
 ._log_const.static.log_const_log_
                0x0000000000006980        0x8 zephyr/libzephyr.a(log_core.c.obj)
                0x0000000000006980                log_const_log
 ._log_const.static.log_const_log_mgmt_
                0x0000000000006988        0x8 zephyr/libzephyr.a(log_mgmt.c.obj)
                0x0000000000006988                log_const_log_mgmt
 ._log_const.static.log_const_mpu_
                0x0000000000006990        0x8 zephyr/arch/arch/arm/core/aarch32/mpu/libarch__arm__core__aarch32__mpu.a(arm_core_mpu.c.obj)
                0x0000000000006990                log_const_mpu
 ._log_const.static.log_const_os_
                0x0000000000006998        0x8 zephyr/kernel/libkernel.a(init.c.obj)
                0x0000000000006998                log_const_os
 ._log_const.static.log_const_soc_
                0x00000000000069a0        0x8 zephyr/soc/soc/arm/nordic_nrf/nrf52/libsoc__arm__nordic_nrf__nrf52.a(soc.c.obj)
                0x00000000000069a0                log_const_soc
                0x00000000000069a8                _log_const_list_end = .

log_backend_area
                0x00000000000069a8       0x10
                0x00000000000069a8                _log_backend_list_start = .
 *(SORT_BY_NAME(SORT_BY_ALIGNMENT(._log_backend.static.*)))
 ._log_backend.static.log_backend_rtt_
                0x00000000000069a8       0x10 zephyr/libzephyr.a(log_backend_rtt.c.obj)
                0x00000000000069b8                _log_backend_list_end = .

log_link_area   0x00000000000069b8        0x0
                0x00000000000069b8                _log_link_list_start = .
 *(SORT_BY_NAME(SORT_BY_ALIGNMENT(._log_link.static.*)))
                0x00000000000069b8                _log_link_list_end = .

tracing_backend_area
                0x00000000000069b8        0x0
                0x00000000000069b8                _tracing_backend_list_start = .
 *(SORT_BY_NAME(SORT_BY_ALIGNMENT(._tracing_backend.static.*)))
                0x00000000000069b8                _tracing_backend_list_end = .

zephyr_dbg_info
 *(SORT_BY_ALIGNMENT(.dbg_thread_info))

symbol_to_keep  0x00000000000069b8        0x0
                0x00000000000069b8                __symbol_to_keep_start = .
 *(SORT_BY_NAME(SORT_BY_ALIGNMENT(.symbol_to_keep*)))
                0x00000000000069b8                __symbol_to_keep_end = .

shell_area      0x00000000000069b8        0x0
                0x00000000000069b8                _shell_list_start = .
 *(SORT_BY_NAME(SORT_BY_ALIGNMENT(._shell.static.*)))
                0x00000000000069b8                _shell_list_end = .

shell_root_cmds_area
                0x00000000000069b8        0x0
                0x00000000000069b8                _shell_root_cmds_list_start = .
 *(SORT_BY_NAME(SORT_BY_ALIGNMENT(._shell_root_cmds.static.*)))
                0x00000000000069b8                _shell_root_cmds_list_end = .

shell_subcmds_area
                0x00000000000069b8        0x0
                0x00000000000069b8                _shell_subcmds_list_start = .
 *(SORT_BY_NAME(SORT_BY_ALIGNMENT(._shell_subcmds.static.*)))
                0x00000000000069b8                _shell_subcmds_list_end = .

shell_dynamic_subcmds_area
                0x00000000000069b8        0x0
                0x00000000000069b8                _shell_dynamic_subcmds_list_start = .
 *(SORT_BY_NAME(SORT_BY_ALIGNMENT(._shell_dynamic_subcmds.static.*)))
                0x00000000000069b8                _shell_dynamic_subcmds_list_end = .

cfb_font_area   0x00000000000069b8        0x0
                0x00000000000069b8                _cfb_font_list_start = .
 *(SORT_BY_NAME(SORT_BY_ALIGNMENT(._cfb_font.static.*)))
                0x00000000000069b8                _cfb_font_list_end = .

tdata           0x00000000000069b8        0x0
 *(SORT_BY_ALIGNMENT(.tdata) SORT_BY_ALIGNMENT(.tdata.*) SORT_BY_ALIGNMENT(.gnu.linkonce.td.*))

tbss            0x00000000000069b8        0x4
 *(SORT_BY_ALIGNMENT(.tbss) SORT_BY_ALIGNMENT(.tbss.*) SORT_BY_ALIGNMENT(.gnu.linkonce.tb.*) SORT_BY_ALIGNMENT(.tcommon))
 .tbss.z_tls_current
                0x00000000000069b8        0x4 zephyr/libzephyr.a(thread_entry.c.obj)
                0x00000000000069b8                z_tls_current
                0x00000000000069b8                PROVIDE (__tdata_start = LOADADDR (tdata))
                0x0000000000000000                PROVIDE (__tdata_size = SIZEOF (tdata))
                [!provide]                        PROVIDE (__tdata_end = (__tdata_start + __tdata_size))
                0x0000000000000001                PROVIDE (__tdata_align = ALIGNOF (tdata))
                [!provide]                        PROVIDE (__tbss_start = ADDR (tbss))
                0x0000000000000004                PROVIDE (__tbss_size = SIZEOF (tbss))
                [!provide]                        PROVIDE (__tbss_end = (__tbss_start + __tbss_size))
                0x0000000000000004                PROVIDE (__tbss_align = ALIGNOF (tbss))
                [!provide]                        PROVIDE (__tls_start = __tdata_start)
                [!provide]                        PROVIDE (__tls_end = __tbss_end)
                [!provide]                        PROVIDE (__tls_size = (__tbss_end - __tdata_start))

rodata          0x00000000000069c0      0xba8
 *(SORT_BY_ALIGNMENT(.rodata))
 *(SORT_BY_ALIGNMENT(.rodata.*))
 .rodata.delay_machine_code.0
                0x00000000000069c0        0x6 zephyr/soc/soc/arm/nordic_nrf/nrf52/libsoc__arm__nordic_nrf__nrf52.a(soc.c.obj)
 *fill*         0x00000000000069c6        0x2 
 .rodata.mpsc_config
                0x00000000000069c8       0x14 zephyr/libzephyr.a(log_core.c.obj)
 .rodata.format_table
                0x00000000000069dc       0x10 zephyr/libzephyr.a(log_core.c.obj)
 .rodata.colors
                0x00000000000069ec       0x14 zephyr/libzephyr.a(log_output.c.obj)
 .rodata.severity
                0x0000000000006a00       0x14 zephyr/libzephyr.a(log_output.c.obj)
 .rodata.log_backend_rtt_api
                0x0000000000006a14       0x1c zephyr/libzephyr.a(log_backend_rtt.c.obj)
                0x0000000000006a14                log_backend_rtt_api
 .rodata.log_output_rtt
                0x0000000000006a30       0x10 zephyr/libzephyr.a(log_backend_rtt.c.obj)
 .rodata.static_regions
                0x0000000000006a40        0xc zephyr/arch/arch/arm/core/aarch32/mpu/libarch__arm__core__aarch32__mpu.a(arm_core_mpu.c.obj)
 .rodata.mpu_config
                0x0000000000006a4c        0x8 zephyr/soc/soc/arm/common/cortex_m/libsoc__arm__common__cortex_m.a(arm_mpu_regions.c.obj)
                0x0000000000006a4c                mpu_config
 .rodata.mpu_regions
                0x0000000000006a54       0x18 zephyr/soc/soc/arm/common/cortex_m/libsoc__arm__common__cortex_m.a(arm_mpu_regions.c.obj)
 .rodata.adc_nrfx_driver_api
                0x0000000000006a6c        0xc zephyr/drivers/adc/libdrivers__adc.a(adc_nrfx_saadc.c.obj)
 .rodata.transitions.0
                0x0000000000006a78        0xc zephyr/drivers/clock_control/libdrivers__clock_control.a(clock_control_nrf.c.obj)
 .rodata.config
                0x0000000000006a84       0x18 zephyr/drivers/clock_control/libdrivers__clock_control.a(clock_control_nrf.c.obj)
 .rodata.clock_control_api
                0x0000000000006a9c       0x1c zephyr/drivers/clock_control/libdrivers__clock_control.a(clock_control_nrf.c.obj)
 .rodata.gpio_nrfx_p0_cfg
                0x0000000000006ab8       0x10 zephyr/drivers/gpio/libdrivers__gpio.a(gpio_nrfx.c.obj)
 .rodata.gpio_nrfx_drv_api_funcs
                0x0000000000006ac8       0x24 zephyr/drivers/gpio/libdrivers__gpio.a(gpio_nrfx.c.obj)
 .rodata._k_neg_eagain
                0x0000000000006aec        0x4 zephyr/kernel/libkernel.a(errno.c.obj)
                0x0000000000006aec                _k_neg_eagain
 .rodata.CSWTCH.488
                0x0000000000006af0       0x14 zephyr/kernel/libkernel.a(fatal.c.obj)
 .rodata.levels.0
                0x0000000000006b04       0x18 zephyr/kernel/libkernel.a(init.c.obj)
 .rodata.main.str1.1
                0x0000000000006b1c       0x63 app/libapp.a(main.c.obj)
 .rodata.cbprintf_package_convert.str1.1
                0x0000000000006b7f       0xa3 zephyr/libzephyr.a(cbprintf_packaged.c.obj)
 .rodata.str1.1
                0x0000000000006c22       0x11 zephyr/libzephyr.a(cbprintf_packaged.c.obj)
 .rodata.enable_logger.str1.1
                0x0000000000006c33        0x8 zephyr/libzephyr.a(log_core.c.obj)
 .rodata.str1.1
                0x0000000000006c3b        0x4 zephyr/libzephyr.a(log_core.c.obj)
 .rodata.str1.1
                0x0000000000006c3f        0x9 zephyr/libzephyr.a(log_mgmt.c.obj)
 .rodata.z_impl_z_log_msg_static_create.str1.1
                0x0000000000006c48       0x3f zephyr/libzephyr.a(log_msg.c.obj)
 .rodata.newline_print.str1.1
                0x0000000000006c87        0x3 zephyr/libzephyr.a(log_output.c.obj)
                                          0x5 (size before relaxing)
 .rodata.log_output_process.str1.1
                0x0000000000006c8a       0x4f zephyr/libzephyr.a(log_output.c.obj)
                                         0x51 (size before relaxing)
 .rodata.log_output_dropped_process.str1.1
                0x0000000000006cd9       0x4f zephyr/libzephyr.a(log_output.c.obj)
                                          0x3 (size before relaxing)
 .rodata.postfix.0
                0x0000000000006cd9       0x1c zephyr/libzephyr.a(log_output.c.obj)
 .rodata.prefix.1
                0x0000000000006cf5        0xc zephyr/libzephyr.a(log_output.c.obj)
 .rodata.str1.1
                0x0000000000006d01       0x20 zephyr/libzephyr.a(log_output.c.obj)
 .rodata.str1.1
                0x0000000000006d21       0x10 zephyr/libzephyr.a(log_backend_rtt.c.obj)
 .rodata.z_arm_fatal_error.str1.1
                0x0000000000006d31       0x9b zephyr/arch/arch/arm/core/aarch32/libarch__arm__core__aarch32.a(fatal.c.obj)
 .rodata.bus_fault.constprop.0.str1.1
                0x0000000000006dcc       0xca zephyr/arch/arch/arm/core/aarch32/cortex_m/libarch__arm__core__aarch32__cortex_m.a(fault.c.obj)
 .rodata.usage_fault.constprop.0.str1.1
                0x0000000000006e96       0xcd zephyr/arch/arch/arm/core/aarch32/cortex_m/libarch__arm__core__aarch32__cortex_m.a(fault.c.obj)
 .rodata.mem_manage_fault.str1.1
                0x0000000000006f63       0x96 zephyr/arch/arch/arm/core/aarch32/cortex_m/libarch__arm__core__aarch32__cortex_m.a(fault.c.obj)
 .rodata.z_arm_fault.str1.1
                0x0000000000006ff9      0x111 zephyr/arch/arch/arm/core/aarch32/cortex_m/libarch__arm__core__aarch32__cortex_m.a(fault.c.obj)
 .rodata.str1.1
                0x000000000000710a        0x4 zephyr/arch/arch/arm/core/aarch32/mpu/libarch__arm__core__aarch32__mpu.a(arm_core_mpu.c.obj)
 .rodata.mpu_configure_regions.str1.1
                0x000000000000710e       0x49 zephyr/arch/arch/arm/core/aarch32/mpu/libarch__arm__core__aarch32__mpu.a(arm_mpu.c.obj)
 .rodata.str1.1
                0x0000000000007157        0xf zephyr/soc/soc/arm/common/cortex_m/libsoc__arm__common__cortex_m.a(arm_mpu_regions.c.obj)
 .rodata.str1.1
                0x0000000000007166        0x4 zephyr/soc/soc/arm/nordic_nrf/nrf52/libsoc__arm__nordic_nrf__nrf52.a(soc.c.obj)
 .rodata.adc_nrfx_channel_setup.str1.1
                0x000000000000716a       0x6e zephyr/drivers/adc/libdrivers__adc.a(adc_nrfx_saadc.c.obj)
 .rodata.adc_nrfx_read.str1.1
                0x00000000000071d8       0xd7 zephyr/drivers/adc/libdrivers__adc.a(adc_nrfx_saadc.c.obj)
 .rodata.str1.1
                0x00000000000072af       0x1c zephyr/drivers/adc/libdrivers__adc.a(adc_nrfx_saadc.c.obj)
 .rodata.str1.1
                0x00000000000072cb       0x29 zephyr/drivers/clock_control/libdrivers__clock_control.a(clock_control_nrf.c.obj)
 .rodata.str1.1
                0x00000000000072f4        0xe zephyr/drivers/gpio/libdrivers__gpio.a(gpio_nrfx.c.obj)
 .rodata.k_sys_fatal_error_handler.str1.1
                0x0000000000007302       0x11 modules/nrf/lib/fatal_error/lib..__nrf__lib__fatal_error.a(fatal_error.c.obj)
 .rodata.str1.1
                0x0000000000007313        0xc modules/nrf/lib/fatal_error/lib..__nrf__lib__fatal_error.a(fatal_error.c.obj)
 .rodata.CSWTCH.18
                0x000000000000731f        0x5 modules/hal_nordic/nrfx/libmodules__hal_nordic__nrfx.a(system_nrf52.c.obj)
 .rodata.CSWTCH.16
                0x0000000000007324        0x5 modules/hal_nordic/nrfx/libmodules__hal_nordic__nrfx.a(system_nrf52.c.obj)
 .rodata.CSWTCH.12
                0x0000000000007329        0x5 modules/hal_nordic/nrfx/libmodules__hal_nordic__nrfx.a(system_nrf52.c.obj)
 .rodata.CSWTCH.2
                0x000000000000732e        0x5 modules/hal_nordic/nrfx/libmodules__hal_nordic__nrfx.a(system_nrf52.c.obj)
 .rodata.str1.1
                0x0000000000007333        0xb modules/hal_nordic/nrfx/libmodules__hal_nordic__nrfx.a(nrfx_clock.c.obj)
 .rodata.str1.1
                0x000000000000733e        0xc modules/hal_nordic/nrfx/libmodules__hal_nordic__nrfx.a(nrfx_gpiote.c.obj)
 .rodata._DoInit.str1.1
                0x000000000000734a        0x9 modules/segger/libmodules__segger.a(SEGGER_RTT.c.obj)
 .rodata._aInitStr.0
                0x0000000000007353       0x11 modules/segger/libmodules__segger.a(SEGGER_RTT.c.obj)
 .rodata.z_fatal_error.str1.1
                0x0000000000007364       0x77 zephyr/kernel/libkernel.a(fatal.c.obj)
 .rodata.str1.1
                0x00000000000073db       0x4a zephyr/kernel/libkernel.a(fatal.c.obj)
 .rodata.z_cstart.str1.1
                0x0000000000007425        0x5 zephyr/kernel/libkernel.a(init.c.obj)
 .rodata.str1.1
                0x000000000000742a        0x3 zephyr/kernel/libkernel.a(init.c.obj)
 .rodata.boot_banner.str1.1
                0x000000000000742d       0x28 zephyr/kernel/libkernel.a(banner.c.obj)
 .rodata._ctype_
                0x0000000000007455      0x101 c:\ncs\toolchains\c57af46cb7\opt\zephyr-sdk\arm-zephyr-eabi\bin\../lib/gcc/../../picolibc/arm-zephyr-eabi/lib/thumb/v7e-m/nofp\libc.a(libc_ctype_ctype_.c.o)
                0x0000000000007455                _ctype_
 .rodata.__i_vfprintf.str1.1
                0x0000000000007556        0xf c:\ncs\toolchains\c57af46cb7\opt\zephyr-sdk\arm-zephyr-eabi\bin\../lib/gcc/../../picolibc/arm-zephyr-eabi/lib/thumb/v7e-m/nofp\libc.a(libc_tinystdio_vfiprintf.c.o)
 *(SORT_BY_ALIGNMENT(.gnu.linkonce.r.*))
                0x0000000000007568                . = ALIGN (0x4)
 *fill*         0x0000000000007565        0x3 
                0x0000000000007568                __rodata_region_end = .
                0x0000000000007580                . = ALIGN (_region_min_align)
                0x0000000000008000                . = ALIGN ((0x1 << LOG2CEIL ((__rodata_region_end - ADDR (rom_start)))))
                0x0000000000008000                __rom_region_end = ((__rom_region_start + .) - ADDR (rom_start))

/DISCARD/
 *(SORT_BY_ALIGNMENT(.got.plt))
 *(SORT_BY_ALIGNMENT(.igot.plt))
 *(SORT_BY_ALIGNMENT(.got))
 *(SORT_BY_ALIGNMENT(.igot))
                0x0000000020000000                . = 0x20000000
                0x0000000020000000                . = ALIGN (_region_min_align)
                0x0000000020000000                _image_ram_start = .

.ramfunc        0x0000000020000000        0x0 load address 0x0000000000007568
                0x0000000020000000                . = ALIGN (_region_min_align)
                0x0000000020000000                . = ALIGN ((0x1 << LOG2CEIL (__ramfunc_size)))
                0x0000000020000000                __ramfunc_start = .
 *(SORT_BY_ALIGNMENT(.ramfunc))
 *(SORT_BY_ALIGNMENT(.ramfunc.*))
                0x0000000020000000                . = ALIGN (_region_min_align)
                0x0000000020000000                . = ALIGN ((0x1 << LOG2CEIL (__ramfunc_size)))
                0x0000000020000000                __ramfunc_end = .
                0x0000000000000000                __ramfunc_size = (__ramfunc_end - __ramfunc_start)
                0x0000000000007568                __ramfunc_load_start = LOADADDR (.ramfunc)

datas           0x0000000020000000      0x100 load address 0x0000000000007568
                0x0000000020000000                __data_region_start = .
                0x0000000020000000                __data_start = .
 *(SORT_BY_ALIGNMENT(.data))
 *(SORT_BY_ALIGNMENT(.data.*))
 .data.m_data   0x0000000020000000       0x98 zephyr/drivers/adc/libdrivers__adc.a(adc_nrfx_saadc.c.obj)
 .data.timestamp_func
                0x0000000020000098        0x4 zephyr/libzephyr.a(log_core.c.obj)
 .data.m_cb     0x000000002000009c       0x5c modules/hal_nordic/nrfx/libmodules__hal_nordic__nrfx.a(nrfx_gpiote.c.obj)
 .data.timeout_list
                0x00000000200000f8        0x8 zephyr/kernel/libkernel.a(timeout.c.obj)
 *(SORT_BY_ALIGNMENT(.kernel.*))
                0x0000000020000100                __data_end = .
                0x0000000000000100                __data_size = (__data_end - __data_start)
                0x0000000000007568                __data_load_start = LOADADDR (datas)
                0x0000000000007568                __data_region_load_start = LOADADDR (datas)

device_states   0x0000000020000100        0x6 load address 0x0000000000007668
                0x0000000020000100                __device_states_start = .
 *(SORT_BY_ALIGNMENT(.z_devstate))
 .z_devstate    0x0000000020000100        0x2 zephyr/drivers/adc/libdrivers__adc.a(adc_nrfx_saadc.c.obj)
 .z_devstate    0x0000000020000102        0x2 zephyr/drivers/clock_control/libdrivers__clock_control.a(clock_control_nrf.c.obj)
 .z_devstate    0x0000000020000104        0x2 zephyr/drivers/gpio/libdrivers__gpio.a(gpio_nrfx.c.obj)
 *(SORT_BY_ALIGNMENT(.z_devstate.*))
                0x0000000020000106                __device_states_end = .

log_mpsc_pbuf_area
                0x0000000020000108       0x38 load address 0x0000000000007670
                0x0000000020000108                _log_mpsc_pbuf_list_start = .
 *(SORT_BY_NAME(SORT_BY_ALIGNMENT(._log_mpsc_pbuf.static.*)))
 ._log_mpsc_pbuf.static.log_buffer_
                0x0000000020000108       0x38 zephyr/libzephyr.a(log_core.c.obj)
                0x0000000020000140                _log_mpsc_pbuf_list_end = .

log_msg_ptr_area
                0x0000000020000140        0x4 load address 0x00000000000076a8
                0x0000000020000140                _log_msg_ptr_list_start = .
 *(SORT_BY_NAME(SORT_BY_ALIGNMENT(._log_msg_ptr.static.*)))
 ._log_msg_ptr.static.log_msg_ptr_
                0x0000000020000140        0x4 zephyr/libzephyr.a(log_core.c.obj)
                0x0000000020000144                _log_msg_ptr_list_end = .

log_dynamic_area
                0x0000000020000144        0x0 load address 0x00000000000076ac
                0x0000000020000144                _log_dynamic_list_start = .
 *(SORT_BY_NAME(SORT_BY_ALIGNMENT(._log_dynamic.static.*)))
                0x0000000020000144                _log_dynamic_list_end = .

k_timer_area    0x0000000020000144        0x0 load address 0x00000000000076ac
                0x0000000020000144                _k_timer_list_start = .
 *(SORT_BY_NAME(SORT_BY_ALIGNMENT(._k_timer.static.*)))
                0x0000000020000144                _k_timer_list_end = .

k_mem_slab_area
                0x0000000020000144        0x0 load address 0x00000000000076ac
                0x0000000020000144                _k_mem_slab_list_start = .
 *(SORT_BY_NAME(SORT_BY_ALIGNMENT(._k_mem_slab.static.*)))
                0x0000000020000144                _k_mem_slab_list_end = .

k_heap_area     0x0000000020000144        0x0 load address 0x00000000000076ac
                0x0000000020000144                _k_heap_list_start = .
 *(SORT_BY_NAME(SORT_BY_ALIGNMENT(._k_heap.static.*)))
                0x0000000020000144                _k_heap_list_end = .

k_mutex_area    0x0000000020000144       0x14 load address 0x00000000000076ac
                0x0000000020000144                _k_mutex_list_start = .
 *(SORT_BY_NAME(SORT_BY_ALIGNMENT(._k_mutex.static.*)))
 ._k_mutex.static.rtt_term_mutex_
                0x0000000020000144       0x14 modules/segger/libmodules__segger.a(SEGGER_RTT_zephyr.c.obj)
                0x0000000020000144                rtt_term_mutex
                0x0000000020000158                _k_mutex_list_end = .

k_stack_area    0x0000000020000158        0x0 load address 0x00000000000076c0
                0x0000000020000158                _k_stack_list_start = .
 *(SORT_BY_NAME(SORT_BY_ALIGNMENT(._k_stack.static.*)))
                0x0000000020000158                _k_stack_list_end = .

k_msgq_area     0x0000000020000158        0x0 load address 0x00000000000076c0
                0x0000000020000158                _k_msgq_list_start = .
 *(SORT_BY_NAME(SORT_BY_ALIGNMENT(._k_msgq.static.*)))
                0x0000000020000158                _k_msgq_list_end = .

k_mbox_area     0x0000000020000158        0x0 load address 0x00000000000076c0
                0x0000000020000158                _k_mbox_list_start = .
 *(SORT_BY_NAME(SORT_BY_ALIGNMENT(._k_mbox.static.*)))
                0x0000000020000158                _k_mbox_list_end = .

k_pipe_area     0x0000000020000158        0x0 load address 0x00000000000076c0
                0x0000000020000158                _k_pipe_list_start = .
 *(SORT_BY_NAME(SORT_BY_ALIGNMENT(._k_pipe.static.*)))
                0x0000000020000158                _k_pipe_list_end = .

k_sem_area      0x0000000020000158       0x10 load address 0x00000000000076c0
                0x0000000020000158                _k_sem_list_start = .
 *(SORT_BY_NAME(SORT_BY_ALIGNMENT(._k_sem.static.*)))
 ._k_sem.static.log_process_thread_sem_
                0x0000000020000158       0x10 zephyr/libzephyr.a(log_core.c.obj)
                0x0000000020000158                log_process_thread_sem
                0x0000000020000168                _k_sem_list_end = .

k_event_area    0x0000000020000168        0x0 load address 0x00000000000076d0
                0x0000000020000168                _k_event_list_start = .
 *(SORT_BY_NAME(SORT_BY_ALIGNMENT(._k_event.static.*)))
                0x0000000020000168                _k_event_list_end = .

k_queue_area    0x0000000020000168        0x0 load address 0x00000000000076d0
                0x0000000020000168                _k_queue_list_start = .
 *(SORT_BY_NAME(SORT_BY_ALIGNMENT(._k_queue.static.*)))
                0x0000000020000168                _k_queue_list_end = .

k_condvar_area  0x0000000020000168        0x0 load address 0x00000000000076d0
                0x0000000020000168                _k_condvar_list_start = .
 *(SORT_BY_NAME(SORT_BY_ALIGNMENT(._k_condvar.static.*)))
                0x0000000020000168                _k_condvar_list_end = .

net_buf_pool_area
                0x0000000020000168        0x0 load address 0x00000000000076d0
                0x0000000020000168                _net_buf_pool_list_start = .
 *(SORT_BY_NAME(SORT_BY_ALIGNMENT(._net_buf_pool.static.*)))
                0x0000000020000168                _net_buf_pool_list_end = .
                0x0000000020000168                __data_region_end = .

bss             0x0000000020000168      0xbd0
                0x0000000020000168                . = ALIGN (0x4)
                0x0000000020000168                __bss_start = .
                0x0000000020000168                __kernel_ram_start = .
 *(SORT_BY_ALIGNMENT(.bss))
 *(SORT_BY_ALIGNMENT(.bss.*))
 .bss.logging_thread
                0x0000000020000168       0x80 zephyr/libzephyr.a(log_core.c.obj)
                0x0000000020000168                logging_thread
 .bss.buf32     0x00000000200001e8      0x400 zephyr/libzephyr.a(log_core.c.obj)
 .bss.last_failure_report
                0x00000000200005e8        0x8 zephyr/libzephyr.a(log_core.c.obj)
 .bss.log_process_thread_timer
                0x00000000200005f0       0x38 zephyr/libzephyr.a(log_core.c.obj)
 .bss.cc_data   0x0000000020000628       0x10 zephyr/drivers/timer/libdrivers__timer.a(nrf_rtc_timer.c.obj)
 .bss.last_count
                0x0000000020000638        0x8 zephyr/drivers/timer/libdrivers__timer.a(nrf_rtc_timer.c.obj)
 .bss.anchor    0x0000000020000640        0x8 zephyr/drivers/timer/libdrivers__timer.a(nrf_rtc_timer.c.obj)
 .bss.z_idle_threads
                0x0000000020000648       0x80 zephyr/kernel/libkernel.a(init.c.obj)
                0x0000000020000648                z_idle_threads
 .bss.z_main_thread
                0x00000000200006c8       0x80 zephyr/kernel/libkernel.a(init.c.obj)
                0x00000000200006c8                z_main_thread
 .bss.slice_timeouts
                0x0000000020000748       0x18 zephyr/kernel/libkernel.a(sched.c.obj)
 .bss.curr_tick
                0x0000000020000760        0x8 zephyr/kernel/libkernel.a(timeout.c.obj)
 .bss.curr_log_buffer
                0x0000000020000768        0x4 zephyr/libzephyr.a(log_core.c.obj)
 .bss.proc_tid  0x000000002000076c        0x4 zephyr/libzephyr.a(log_core.c.obj)
 .bss.dropped_cnt
                0x0000000020000770        0x4 zephyr/libzephyr.a(log_core.c.obj)
 .bss.buffered_cnt
                0x0000000020000774        0x4 zephyr/libzephyr.a(log_core.c.obj)
 .bss.initialized
                0x0000000020000778        0x4 zephyr/libzephyr.a(log_core.c.obj)
 .bss.timestamp_div
                0x000000002000077c        0x4 zephyr/libzephyr.a(log_output.c.obj)
 .bss.freq      0x0000000020000780        0x4 zephyr/libzephyr.a(log_output.c.obj)
 .bss.backend_cb_log_backend_rtt
                0x0000000020000784        0x8 zephyr/libzephyr.a(log_backend_rtt.c.obj)
 .bss.log_output_rtt_control_block
                0x000000002000078c        0xc zephyr/libzephyr.a(log_backend_rtt.c.obj)
 .bss.log_format_current
                0x0000000020000798        0x4 zephyr/libzephyr.a(log_backend_rtt.c.obj)
 .bss.z_arm_tls_ptr
                0x000000002000079c        0x4 zephyr/arch/arch/arm/core/aarch32/libarch__arm__core__aarch32.a(tls.c.obj)
                0x000000002000079c                z_arm_tls_ptr
 .bss.dynamic_regions.0
                0x00000000200007a0        0xc zephyr/arch/arch/arm/core/aarch32/mpu/libarch__arm__core__aarch32__mpu.a(arm_core_mpu.c.obj)
 .bss.cli.2     0x00000000200007ac       0x10 zephyr/drivers/clock_control/libdrivers__clock_control.a(clock_control_nrf.c.obj)
 .bss.on.3      0x00000000200007bc        0x4 zephyr/drivers/clock_control/libdrivers__clock_control.a(clock_control_nrf.c.obj)
 .bss.data      0x00000000200007c0       0x50 zephyr/drivers/clock_control/libdrivers__clock_control.a(clock_control_nrf.c.obj)
 .bss.hfclk_users
                0x0000000020000810        0x4 zephyr/drivers/clock_control/libdrivers__clock_control.a(clock_control_nrf.c.obj)
 .bss.gpio_nrfx_p0_data
                0x0000000020000814        0xc zephyr/drivers/gpio/libdrivers__gpio.a(gpio_nrfx.c.obj)
 .bss.force_isr_mask
                0x0000000020000820        0x4 zephyr/drivers/timer/libdrivers__timer.a(nrf_rtc_timer.c.obj)
 .bss.int_mask  0x0000000020000824        0x4 zephyr/drivers/timer/libdrivers__timer.a(nrf_rtc_timer.c.obj)
 .bss.overflow_cnt
                0x0000000020000828        0x4 zephyr/drivers/timer/libdrivers__timer.a(nrf_rtc_timer.c.obj)
 .bss.m_clock_cb
                0x000000002000082c        0x8 modules/hal_nordic/nrfx/libmodules__hal_nordic__nrfx.a(nrfx_clock.c.obj)
 .bss._SEGGER_RTT
                0x0000000020000834       0xa8 modules/segger/libmodules__segger.a(SEGGER_RTT.c.obj)
                0x0000000020000834                _SEGGER_RTT
 .bss._cpus_active
                0x00000000200008dc        0x4 zephyr/kernel/libkernel.a(init.c.obj)
                0x00000000200008dc                _cpus_active
 .bss._kernel   0x00000000200008e0       0x20 zephyr/kernel/libkernel.a(init.c.obj)
                0x00000000200008e0                _kernel
 .bss.pending_current