Archive member included to satisfy reference by file (symbol)

app/libapp.a(main.c.obj)      (--whole-archive)
app/libapp.a(soft_iic.c.obj)  (--whole-archive)
app/libapp.a(imu_bag.c.obj)   (--whole-archive)
app/libapp.a(timer.c.obj)     (--whole-archive)
app/libapp.a(adc.c.obj)       (--whole-archive)
app/libapp.a(iic_twi.c.obj)   (--whole-archive)
app/libapp.a(uart.c.obj)      (--whole-archive)
zephyr/libzephyr.a(cbprintf_packaged.c.obj)
                              (--whole-archive)
zephyr/libzephyr.a(dec.c.obj)
                              (--whole-archive)
zephyr/libzephyr.a(fdtable.c.obj)
                              (--whole-archive)
zephyr/libzephyr.a(hex.c.obj)
                              (--whole-archive)
zephyr/libzephyr.a(printk.c.obj)
                              (--whole-archive)
zephyr/libzephyr.a(rb.c.obj)  (--whole-archive)
zephyr/libzephyr.a(sem.c.obj)
                              (--whole-archive)
zephyr/libzephyr.a(thread_entry.c.obj)
                              (--whole-archive)
zephyr/libzephyr.a(timeutil.c.obj)
                              (--whole-archive)
zephyr/libzephyr.a(heap.c.obj)
                              (--whole-archive)
zephyr/libzephyr.a(heap-validate.c.obj)
                              (--whole-archive)
zephyr/libzephyr.a(bitarray.c.obj)
                              (--whole-archive)
zephyr/libzephyr.a(multi_heap.c.obj)
                              (--whole-archive)
zephyr/libzephyr.a(onoff.c.obj)
                              (--whole-archive)
zephyr/libzephyr.a(notify.c.obj)
                              (--whole-archive)
zephyr/libzephyr.a(cbprintf_complete.c.obj)
                              (--whole-archive)
zephyr/libzephyr.a(assert.c.obj)
                              (--whole-archive)
zephyr/libzephyr.a(reboot.c.obj)
                              (--whole-archive)
zephyr/libzephyr.a(configs.c.obj)
                              (--whole-archive)
zephyr/libzephyr.a(soc_nrf_common.S.obj)
                              (--whole-archive)
zephyr/libzephyr.a(validate_base_addresses.c.obj)
                              (--whole-archive)
zephyr/libzephyr.a(validate_enabled_instances.c.obj)
                              (--whole-archive)
zephyr/libzephyr.a(log_core.c.obj)
                              (--whole-archive)
zephyr/libzephyr.a(log_mgmt.c.obj)
                              (--whole-archive)
zephyr/libzephyr.a(log_cache.c.obj)
                              (--whole-archive)
zephyr/libzephyr.a(log_msg.c.obj)
                              (--whole-archive)
zephyr/libzephyr.a(log_output.c.obj)
                              (--whole-archive)
zephyr/libzephyr.a(log_backend_rtt.c.obj)
                              (--whole-archive)
zephyr/libzephyr.a(log_backend_uart.c.obj)
                              (--whole-archive)
zephyr/libzephyr.a(tracing_none.c.obj)
                              (--whole-archive)
zephyr/arch/common/libarch__common.a(sw_isr_common.c.obj)
                              (--whole-archive)
zephyr/arch/arch/arm/core/aarch32/libarch__arm__core__aarch32.a(cpu_idle.S.obj)
                              (--whole-archive)
zephyr/arch/arch/arm/core/aarch32/libarch__arm__core__aarch32.a(fatal.c.obj)
                              (--whole-archive)
zephyr/arch/arch/arm/core/aarch32/libarch__arm__core__aarch32.a(irq_manage.c.obj)
                              (--whole-archive)
zephyr/arch/arch/arm/core/aarch32/libarch__arm__core__aarch32.a(nmi.c.obj)
                              (--whole-archive)
zephyr/arch/arch/arm/core/aarch32/libarch__arm__core__aarch32.a(nmi_on_reset.S.obj)
                              (--whole-archive)
zephyr/arch/arch/arm/core/aarch32/libarch__arm__core__aarch32.a(prep_c.c.obj)
                              (--whole-archive)
zephyr/arch/arch/arm/core/aarch32/libarch__arm__core__aarch32.a(swap.c.obj)
                              (--whole-archive)
zephyr/arch/arch/arm/core/aarch32/libarch__arm__core__aarch32.a(swap_helper.S.obj)
                              (--whole-archive)
zephyr/arch/arch/arm/core/aarch32/libarch__arm__core__aarch32.a(thread.c.obj)
                              (--whole-archive)
zephyr/arch/arch/arm/core/aarch32/libarch__arm__core__aarch32.a(isr_wrapper.S.obj)
                              (--whole-archive)
zephyr/arch/arch/arm/core/aarch32/libarch__arm__core__aarch32.a(tls.c.obj)
                              (--whole-archive)
zephyr/arch/arch/arm/core/aarch32/cortex_m/libarch__arm__core__aarch32__cortex_m.a(exc_exit.S.obj)
                              (--whole-archive)
zephyr/arch/arch/arm/core/aarch32/cortex_m/libarch__arm__core__aarch32__cortex_m.a(fault.c.obj)
                              (--whole-archive)
zephyr/arch/arch/arm/core/aarch32/cortex_m/libarch__arm__core__aarch32__cortex_m.a(fault_s.S.obj)
                              (--whole-archive)
zephyr/arch/arch/arm/core/aarch32/cortex_m/libarch__arm__core__aarch32__cortex_m.a(fpu.c.obj)
                              (--whole-archive)
[...]
Memory Configuration

Name             Origin             Length             Attributes
FLASH            0x0000000000000000 0x0000000000080000 xr
RAM              0x0000000020000000 0x0000000000010000 xw
IDT_LIST         0x00000000fffff7ff 0x0000000000000800 xw
*default*        0x0000000000000000 0xffffffffffffffff

Linker script and memory map

                0x0000000000006120                vfprintf = __i_vfprintf
                0x0000000000000000                vfscanf = __i_vfscanf
LOAD zephyr/CMakeFiles/zephyr_pre0.dir/misc/empty_file.c.obj
LOAD app/libapp.a
LOAD zephyr/libzephyr.a
LOAD zephyr/arch/common/libarch__common.a
LOAD zephyr/arch/arch/arm/core/aarch32/libarch__arm__core__aarch32.a
LOAD zephyr/arch/arch/arm/core/aarch32/cortex_m/libarch__arm__core__aarch32__cortex_m.a
LOAD zephyr/arch/arch/arm/core/aarch32/mpu/libarch__arm__core__aarch32__mpu.a
LOAD zephyr/lib/libc/picolibc/liblib__libc__picolibc.a
LOAD zephyr/lib/libc/common/liblib__libc__common.a
LOAD zephyr/soc/soc/arm/common/cortex_m/libsoc__arm__common__cortex_m.a
LOAD zephyr/soc/soc/arm/nordic_nrf/nrf52/libsoc__arm__nordic_nrf__nrf52.a
LOAD zephyr/drivers/adc/libdrivers__adc.a
LOAD zephyr/drivers/clock_control/libdrivers__clock_control.a
LOAD zephyr/drivers/console/libdrivers__console.a
LOAD zephyr/drivers/gpio/libdrivers__gpio.a
LOAD zephyr/drivers/i2c/libdrivers__i2c.a
LOAD zephyr/drivers/led/libdrivers__led.a
LOAD zephyr/drivers/pinctrl/libdrivers__pinctrl.a
LOAD zephyr/drivers/pwm/libdrivers__pwm.a
LOAD zephyr/drivers/serial/libdrivers__serial.a
LOAD zephyr/drivers/timer/libdrivers__timer.a
LOAD modules/nrf/lib/fatal_error/lib..__nrf__lib__fatal_error.a
LOAD modules/hal_nordic/nrfx/libmodules__hal_nordic__nrfx.a
LOAD modules/segger/libmodules__segger.a
LOAD zephyr/kernel/libkernel.a
LOAD zephyr/CMakeFiles/offsets.dir/./arch/arm/core/offsets/offsets.c.obj
LOAD c:/ncs/toolchains/c57af46cb7/opt/zephyr-sdk/arm-zephyr-eabi/bin/../lib/gcc/arm-zephyr-eabi/12.2.0/thumb/v7e-m/nofp\libgcc.a
LOAD zephyr/arch/common/libisr_tables.a
LOAD c:\ncs\toolchains\c57af46cb7\opt\zephyr-sdk\arm-zephyr-eabi\bin\../lib/gcc/../../picolibc/arm-zephyr-eabi/lib/thumb/v7e-m/nofp\libc.a
LOAD c:/ncs/toolchains/c57af46cb7/opt/zephyr-sdk/arm-zephyr-eabi/bin/../lib/gcc/arm-zephyr-eabi/12.2.0/thumb/v7e-m/nofp\libgcc.a
                0x0000000000000020                _region_min_align = 0x20

.rel.plt        0x0000000000000000        0x0
 *(SORT_BY_ALIGNMENT(.rel.plt))
                [!provide]                        PROVIDE (__rel_iplt_start = .)
 *(SORT_BY_ALIGNMENT(.rel.iplt))
 .rel.iplt      0x0000000000000000        0x0 app/libapp.a(main.c.obj)
                [!provide]                        PROVIDE (__rel_iplt_end = .)

.rela.plt       0x0000000000000000        0x0
 *(SORT_BY_ALIGNMENT(.rela.plt))
                [!provide]                        PROVIDE (__rela_iplt_start = .)
 *(SORT_BY_ALIGNMENT(.rela.iplt))
                [!provide]                        PROVIDE (__rela_iplt_end = .)

.rel.dyn
 *(SORT_BY_ALIGNMENT(.rel.*))

.rela.dyn
 *(SORT_BY_ALIGNMENT(.rela.*))

/DISCARD/
 *(SORT_BY_ALIGNMENT(.plt))

/DISCARD/
 *(SORT_BY_ALIGNMENT(.iplt))
                0x0000000000000000                __rom_region_start = 0x0

rom_start       0x0000000000000000       0xdc
                0x0000000000000000                __rom_start_address = .
                0x0000000000000000                . = (. + (0x0 - (. - __rom_start_address)))
                0x0000000000000000                . = ALIGN (0x4)
                0x0000000000000000                . = ALIGN (0x80)
                0x0000000000000000                . = ALIGN (0x100)
                0x0000000000000000                _vector_start = .
 *(SORT_BY_ALIGNMENT(.exc_vector_table))
 *(SORT_BY_ALIGNMENT(.exc_vector_table.*))
 .exc_vector_table._vector_table_section
                0x0000000000000000       0x40 zephyr/arch/arch/arm/core/aarch32/cortex_m/libarch__arm__core__aarch32__cortex_m.a(vector_table.S.obj)
                0x0000000000000000                _vector_table
 *(SORT_BY_ALIGNMENT(.vectors))
                0x00000000000000dc                _vector_end = .
                0x0000000000000040                . = ALIGN (0x4)
 *(SORT_BY_ALIGNMENT(.gnu.linkonce.irq_vector_table*))
 .gnu.linkonce.irq_vector_table
                0x0000000000000040       0x9c zephyr/arch/common/libisr_tables.a(isr_tables.c.obj)
                0x0000000000000040                _irq_vector_table
                0x00000000000000dc                _vector_end = .

text            0x00000000000000e0     0x74b8
                0x00000000000000e0                __text_region_start = .
 *(SORT_BY_ALIGNMENT(.text))
 .text          0x00000000000000e0       0x30 c:/ncs/toolchains/c57af46cb7/opt/zephyr-sdk/arm-zephyr-eabi/bin/../lib/gcc/arm-zephyr-eabi/12.2.0/thumb/v7e-m/nofp\libgcc.a(_aeabi_uldivmod.o)
                0x00000000000000e0                __aeabi_uldivmod
 .text          0x0000000000000110        0x4 c:/ncs/toolchains/c57af46cb7/opt/zephyr-sdk/arm-zephyr-eabi/bin/../lib/gcc/arm-zephyr-eabi/12.2.0/thumb/v7e-m/nofp\libgcc.a(_dvmd_tls.o)
                0x0000000000000110                __aeabi_idiv0
                0x0000000000000110                __aeabi_ldiv0
 .text          0x0000000000000114      0x2a0 c:/ncs/toolchains/c57af46cb7/opt/zephyr-sdk/arm-zephyr-eabi/bin/../lib/gcc/arm-zephyr-eabi/12.2.0/thumb/v7e-m/nofp\libgcc.a(_udivmoddi4.o)
                0x0000000000000114                __udivmoddi4
 .text          0x00000000000003b4       0x14 c:\ncs\toolchains\c57af46cb7\opt\zephyr-sdk\arm-zephyr-eabi\bin\../lib/gcc/../../picolibc/arm-zephyr-eabi/lib/thumb/v7e-m/nofp\libc.a(strcmp.S.o)
                0x00000000000003b4                strcmp
 .text          0x00000000000003c8       0x10 c:\ncs\toolchains\c57af46cb7\opt\zephyr-sdk\arm-zephyr-eabi\bin\../lib/gcc/../../picolibc/arm-zephyr-eabi/lib/thumb/v7e-m/nofp\libc.a(strlen.S.o)
                0x00000000000003c8                strlen
 *(SORT_BY_ALIGNMENT(.text.*))
 .text.pwm_set  0x00000000000003d8       0x9c zephyr/drivers/led/libdrivers__led.a(led_pwm.c.obj)
 .text.main     0x0000000000000474       0x80 app/libapp.a(main.c.obj)
                0x0000000000000474                main
 .text.timer_handler
                0x00000000000004f4       0x1c app/libapp.a(timer.c.obj)
                0x00000000000004f4                timer_handler
 .text.timer1_init_enable
                0x0000000000000510       0xb4 app/libapp.a(timer.c.obj)
                0x0000000000000510                timer1_init_enable
 .text.adc_init
                0x00000000000005c4       0x58 app/libapp.a(adc.c.obj)
                0x00000000000005c4                adc_init
 .text.adc_read_data
                0x000000000000061c       0x48 app/libapp.a(adc.c.obj)
                0x000000000000061c                adc_read_data
 .text.print_uart
                0x0000000000000664       0x28 app/libapp.a(uart.c.obj)
                0x0000000000000664                print_uart
 .text.uart_init_slef
                0x000000000000068c       0x30 app/libapp.a(uart.c.obj)
                0x000000000000068c                uart_init_slef
 .text.cbvprintf_package
                0x00000000000006bc      0x3a4 zephyr/libzephyr.a(cbprintf_packaged.c.obj)
                0x00000000000006bc                cbvprintf_package
 .text.__printk_hook_install
                0x0000000000000a60        0xc zephyr/libzephyr.a(printk.c.obj)
                0x0000000000000a60                __printk_hook_install
 .text.z_thread_entry
                0x0000000000000a6c       0x34 zephyr/libzephyr.a(thread_entry.c.obj)
                0x0000000000000a6c                z_thread_entry
 .text.process_event
                0x0000000000000aa0      0x21c zephyr/libzephyr.a(onoff.c.obj)
 .text.z_arm_platform_init
                0x0000000000000cbc        0x4 zephyr/libzephyr.a(soc_nrf_common.S.obj)
                0x0000000000000cbc                z_arm_platform_init
 .text.z_log_init.isra.0
                0x0000000000000cc0       0xd0 zephyr/libzephyr.a(log_core.c.obj)
 .text.log_format_func_t_get
                0x0000000000000d90        0xc zephyr/libzephyr.a(log_core.c.obj)
                0x0000000000000d90                log_format_func_t_get
 .text.log_set_timestamp_func
                0x0000000000000d9c       0x20 zephyr/libzephyr.a(log_core.c.obj)
                0x0000000000000d9c                log_set_timestamp_func
 .text.log_core_init
                0x0000000000000dbc       0x28 zephyr/libzephyr.a(log_core.c.obj)
                0x0000000000000dbc                log_core_init
 .text.z_impl_log_panic
                0x0000000000000de4       0x3c zephyr/libzephyr.a(log_core.c.obj)
                0x0000000000000de4                z_impl_log_panic
 .text.z_log_dropped
                0x0000000000000e20       0x30 zephyr/libzephyr.a(log_core.c.obj)
                0x0000000000000e20                z_log_dropped
 .text.z_log_msg_commit
                0x0000000000000e50       0x38 zephyr/libzephyr.a(log_core.c.obj)
                0x0000000000000e50                z_log_msg_commit
 .text.log_source_name_get
                0x0000000000000e88       0x1c zephyr/libzephyr.a(log_mgmt.c.obj)
                0x0000000000000e88                log_source_name_get
 .text.log_backend_enable
                0x0000000000000ea4       0x28 zephyr/libzephyr.a(log_mgmt.c.obj)
                0x0000000000000ea4                log_backend_enable
 .text.z_impl_z_log_msg_runtime_vcreate
                0x0000000000000ecc       0x8c zephyr/libzephyr.a(log_msg.c.obj)
                0x0000000000000ecc                z_impl_z_log_msg_runtime_vcreate
 .text.print_formatted
                0x0000000000000f58       0x24 zephyr/libzephyr.a(log_output.c.obj)
 .text.newline_print
                0x0000000000000f7c       0x1c zephyr/libzephyr.a(log_output.c.obj)
 .text.log_output_process
                0x0000000000000f98      0x2a8 zephyr/libzephyr.a(log_output.c.obj)
                0x0000000000000f98                log_output_process
 .text.log_output_msg_process
                0x0000000000001240       0x70 zephyr/libzephyr.a(log_output.c.obj)
                0x0000000000001240                log_output_msg_process
 .text.log_output_timestamp_freq_set
                0x00000000000012b0       0x2c zephyr/libzephyr.a(log_output.c.obj)
                0x00000000000012b0                log_output_timestamp_freq_set
 .text.log_backend_rtt_init
                0x00000000000012dc        0xc zephyr/libzephyr.a(log_backend_rtt.c.obj)
 .text.format_set
                0x00000000000012e8        0xc zephyr/libzephyr.a(log_backend_rtt.c.obj)
 .text.panic    0x00000000000012f4       0x14 zephyr/libzephyr.a(log_backend_rtt.c.obj)
 .text.process  0x0000000000001308       0x24 zephyr/libzephyr.a(log_backend_rtt.c.obj)
 .text.data_out_block_mode
                0x000000000000132c       0x70 zephyr/libzephyr.a(log_backend_rtt.c.obj)
 .text.format_set
                0x000000000000139c        0xc zephyr/libzephyr.a(log_backend_uart.c.obj)
 .text.panic    0x00000000000013a8       0x14 zephyr/libzephyr.a(log_backend_uart.c.obj)
 .text.process  0x00000000000013bc       0x24 zephyr/libzephyr.a(log_backend_uart.c.obj)
 .text.char_out
                0x00000000000013e0       0x24 zephyr/libzephyr.a(log_backend_uart.c.obj)
 .text.z_arm_cpu_idle_init
                0x0000000000001404        0xc zephyr/arch/arch/arm/core/aarch32/libarch__arm__core__aarch32.a(cpu_idle.S.obj)
                0x0000000000001404                z_arm_cpu_idle_init
 .text.arch_cpu_idle
                0x0000000000001410       0x1c zephyr/arch/arch/arm/core/aarch32/libarch__arm__core__aarch32.a(cpu_idle.S.obj)
                0x0000000000001410                arch_cpu_idle
 .text.arch_cpu_atomic_idle
                0x000000000000142c       0x18 zephyr/arch/arch/arm/core/aarch32/libarch__arm__core__aarch32.a(cpu_idle.S.obj)
                0x000000000000142c                arch_cpu_atomic_idle
 .text.z_arm_fatal_error
                0x0000000000001444       0xa0 zephyr/arch/arch/arm/core/aarch32/libarch__arm__core__aarch32.a(fatal.c.obj)
                0x0000000000001444                z_arm_fatal_error
 .text.arch_irq_enable
                0x00000000000014e4       0x1c zephyr/arch/arch/arm/core/aarch32/libarch__arm__core__aarch32.a(irq_manage.c.obj)
                0x00000000000014e4                arch_irq_enable
 .text.arch_irq_is_enabled
                0x0000000000001500       0x1c zephyr/arch/arch/arm/core/aarch32/libarch__arm__core__aarch32.a(irq_manage.c.obj)
                0x0000000000001500                arch_irq_is_enabled
 .text.z_arm_irq_priority_set
                0x000000000000151c       0x30 zephyr/arch/arch/arm/core/aarch32/libarch__arm__core__aarch32.a(irq_manage.c.obj)
                0x000000000000151c                z_arm_irq_priority_set
 .text.z_SysNmiOnReset
                0x000000000000154c        0x8 zephyr/arch/arch/arm/core/aarch32/libarch__arm__core__aarch32.a(nmi_on_reset.S.obj)
                0x000000000000154c                z_SysNmiOnReset
 .text.z_arm_prep_c
                0x0000000000001554       0x38 zephyr/arch/arch/arm/core/aarch32/libarch__arm__core__aarch32.a(prep_c.c.obj)
                0x0000000000001554                z_arm_prep_c
 .text.arch_swap
                0x000000000000158c       0x34 zephyr/arch/arch/arm/core/aarch32/libarch__arm__core__aarch32.a(swap.c.obj)
                0x000000000000158c                arch_swap
 .text.z_arm_pendsv
                0x00000000000015c0       0x58 zephyr/arch/arch/arm/core/aarch32/libarch__arm__core__aarch32.a(swap_helper.S.obj)
                0x00000000000015c0                z_arm_pendsv
 .text.z_arm_svc
                0x0000000000001618       0x20 zephyr/arch/arch/arm/core/aarch32/libarch__arm__core__aarch32.a(swap_helper.S.obj)
                0x0000000000001618                z_arm_svc
 .text.arch_new_thread
                0x0000000000001638       0x38 zephyr/arch/arch/arm/core/aarch32/libarch__arm__core__aarch32.a(thread.c.obj)
                0x0000000000001638                arch_new_thread
 .text.arch_switch_to_main_thread
                0x0000000000001670       0x2c zephyr/arch/arch/arm/core/aarch32/libarch__arm__core__aarch32.a(thread.c.obj)
                0x0000000000001670                arch_switch_to_main_thread
 .text._isr_wrapper
                0x000000000000169c       0x28 zephyr/arch/arch/arm/core/aarch32/libarch__arm__core__aarch32.a(isr_wrapper.S.obj)
                0x000000000000169c                _isr_wrapper
 .text.arch_tls_stack_setup
                0x00000000000016c4       0x5c zephyr/arch/arch/arm/core/aarch32/libarch__arm__core__aarch32.a(tls.c.obj)
                0x00000000000016c4                arch_tls_stack_setup
 .text._HandlerModeExit
                0x0000000000001720       0x1c zephyr/arch/arch/arm/core/aarch32/cortex_m/libarch__arm__core__aarch32__cortex_m.a(exc_exit.S.obj)
                0x0000000000001720                z_arm_int_exit
                0x0000000000001720                z_arm_exc_exit
 .text.mem_manage_fault.constprop.0
                0x000000000000173c      0x130 zephyr/arch/arch/arm/core/aarch32/cortex_m/libarch__arm__core__aarch32__cortex_m.a(fault.c.obj)
 .text.bus_fault.constprop.0
                0x000000000000186c      0x13c zephyr/arch/arch/arm/core/aarch32/cortex_m/libarch__arm__core__aarch32__cortex_m.a(fault.c.obj)
 .text.usage_fault.constprop.0
                0x00000000000019a8      0x108 zephyr/arch/arch/arm/core/aarch32/cortex_m/libarch__arm__core__aarch32__cortex_m.a(fault.c.obj)
 .text.z_arm_fault
                0x0000000000001ab0      0x20c zephyr/arch/arch/arm/core/aarch32/cortex_m/libarch__arm__core__aarch32__cortex_m.a(fault.c.obj)
                0x0000000000001ab0                z_arm_fault
 .text.z_arm_fault_init
                0x0000000000001cbc       0x10 zephyr/arch/arch/arm/core/aarch32/cortex_m/libarch__arm__core__aarch32__cortex_m.a(fault.c.obj)
                0x0000000000001cbc                z_arm_fault_init
 .text.__fault  0x0000000000001ccc       0x14 zephyr/arch/arch/arm/core/aarch32/cortex_m/libarch__arm__core__aarch32__cortex_m.a(fault_s.S.obj)
                0x0000000000001ccc                z_arm_usage_fault
                0x0000000000001ccc                z_arm_mpu_fault
                0x0000000000001ccc                z_arm_exc_spurious
                0x0000000000001ccc                z_arm_debug_monitor
                0x0000000000001ccc                z_arm_hard_fault
                0x0000000000001ccc                z_arm_bus_fault
 .text.z_arm_interrupt_init
                0x0000000000001ce0       0x18 zephyr/arch/arch/arm/core/aarch32/cortex_m/libarch__arm__core__aarch32__cortex_m.a(irq_init.c.obj)
                0x0000000000001ce0                z_arm_interrupt_init
 .text._reset_section
                0x0000000000001cf8       0x54 zephyr/arch/arch/arm/core/aarch32/cortex_m/libarch__arm__core__aarch32__cortex_m.a(reset.S.obj)
                0x0000000000001cf8                __start
                0x0000000000001cf8                z_arm_reset
 .text.sys_arch_reboot
                0x0000000000001d4c       0x24 zephyr/arch/arch/arm/core/aarch32/cortex_m/libarch__arm__core__aarch32__cortex_m.a(scb.c.obj)
                0x0000000000001d4c                sys_arch_reboot
 .text.z_arm_clear_arm_mpu_config
                0x0000000000001d70       0x24 zephyr/arch/arch/arm/core/aarch32/cortex_m/libarch__arm__core__aarch32__cortex_m.a(scb.c.obj)
                0x0000000000001d70                z_arm_clear_arm_mpu_config
 .text.z_arm_init_arch_hw_at_boot
                0x0000000000001d94       0x64 zephyr/arch/arch/arm/core/aarch32/cortex_m/libarch__arm__core__aarch32__cortex_m.a(scb.c.obj)
                0x0000000000001d94                z_arm_init_arch_hw_at_boot
 .text.z_impl_k_thread_abort
                0x0000000000001df8       0x2c zephyr/arch/arch/arm/core/aarch32/cortex_m/libarch__arm__core__aarch32__cortex_m.a(thread_abort.c.obj)
                0x0000000000001df8                z_impl_k_thread_abort
 .text.z_arm_configure_static_mpu_regions
                0x0000000000001e24       0x18 zephyr/arch/arch/arm/core/aarch32/mpu/libarch__arm__core__aarch32__mpu.a(arm_core_mpu.c.obj)
                0x0000000000001e24                z_arm_configure_static_mpu_regions
 .text.mpu_configure_regions
                0x0000000000001e3c       0xb4 zephyr/arch/arch/arm/core/aarch32/mpu/libarch__arm__core__aarch32__mpu.a(arm_mpu.c.obj)
 .text.arm_core_mpu_enable
                0x0000000000001ef0       0x18 zephyr/arch/arch/arm/core/aarch32/mpu/libarch__arm__core__aarch32__mpu.a(arm_mpu.c.obj)
                0x0000000000001ef0                arm_core_mpu_enable
 .text.arm_core_mpu_disable
                0x0000000000001f08       0x14 zephyr/arch/arch/arm/core/aarch32/mpu/libarch__arm__core__aarch32__mpu.a(arm_mpu.c.obj)
                0x0000000000001f08                arm_core_mpu_disable
 .text.arm_core_mpu_configure_static_mpu_regions
                0x0000000000001f1c       0x14 zephyr/arch/arch/arm/core/aarch32/mpu/libarch__arm__core__aarch32__mpu.a(arm_mpu.c.obj)
                0x0000000000001f1c                arm_core_mpu_configure_static_mpu_regions
 .text.z_arm_mpu_init
                0x0000000000001f30       0x60 zephyr/arch/arch/arm/core/aarch32/mpu/libarch__arm__core__aarch32__mpu.a(arm_mpu.c.obj)
                0x0000000000001f30                z_arm_mpu_init
 .text.z_impl_zephyr_fputc
                0x0000000000001f90       0x10 zephyr/lib/libc/picolibc/liblib__libc__picolibc.a(libc-hooks.c.obj)
                0x0000000000001f90                z_impl_zephyr_fputc
 .text.__stdout_hook_install
                0x0000000000001fa0       0x18 zephyr/lib/libc/picolibc/liblib__libc__picolibc.a(libc-hooks.c.obj)
                0x0000000000001fa0                __stdout_hook_install
 .text.cbvprintf
                0x0000000000001fb8       0x38 zephyr/lib/libc/picolibc/liblib__libc__picolibc.a(libc-hooks.c.obj)
                0x0000000000001fb8                cbvprintf
 .text.malloc_prepare
                0x0000000000001ff0       0x24 zephyr/lib/libc/common/liblib__libc__common.a(malloc.c.obj)
 .text.nordicsemi_nrf52_init
                0x0000000000002014       0x18 zephyr/soc/soc/arm/nordic_nrf/nrf52/libsoc__arm__nordic_nrf__nrf52.a(soc.c.obj)
 .text.arch_busy_wait
                0x000000000000202c       0x14 zephyr/soc/soc/arm/nordic_nrf/nrf52/libsoc__arm__nordic_nrf__nrf52.a(soc.c.obj)
                0x000000000000202c                arch_busy_wait
 .text.adc_context_start_sampling
                0x0000000000002040       0x1c zephyr/drivers/adc/libdrivers__adc.a(adc_nrfx_saadc.c.obj)
 .text.adc_nrfx_channel_setup
                0x000000000000205c      0x108 zephyr/drivers/adc/libdrivers__adc.a(adc_nrfx_saadc.c.obj)
 .text.adc_nrfx_read
                0x0000000000002164      0x208 zephyr/drivers/adc/libdrivers__adc.a(adc_nrfx_saadc.c.obj)
 .text.init_saadc
                0x000000000000236c       0x44 zephyr/drivers/adc/libdrivers__adc.a(adc_nrfx_saadc.c.obj)
 .text.saadc_irq_handler
                0x00000000000023b0       0xcc zephyr/drivers/adc/libdrivers__adc.a(adc_nrfx_saadc.c.obj)
 .text.onoff_stop
                0x000000000000247c       0x30 zephyr/drivers/clock_control/libdrivers__clock_control.a(clock_control_nrf.c.obj)
 .text.onoff_start
                0x00000000000024ac       0x44 zephyr/drivers/clock_control/libdrivers__clock_control.a(clock_control_nrf.c.obj)
 .text.generic_hfclk_stop
                0x00000000000024f0       0x34 zephyr/drivers/clock_control/libdrivers__clock_control.a(clock_control_nrf.c.obj)
 .text.clk_init
                0x0000000000002524       0x58 zephyr/drivers/clock_control/libdrivers__clock_control.a(clock_control_nrf.c.obj)
 .text.clkstarted_handle.constprop.0
                0x000000000000257c       0x34 zephyr/drivers/clock_control/libdrivers__clock_control.a(clock_control_nrf.c.obj)
 .text.clock_event_handler
                0x00000000000025b0       0x1c zephyr/drivers/clock_control/libdrivers__clock_control.a(clock_control_nrf.c.obj)
 .text.generic_hfclk_start
                0x00000000000025cc       0x64 zephyr/drivers/clock_control/libdrivers__clock_control.a(clock_control_nrf.c.obj)
 .text.api_blocking_start
                0x0000000000002630       0x34 zephyr/drivers/clock_control/libdrivers__clock_control.a(clock_control_nrf.c.obj)
 .text.lfclk_start
                0x0000000000002664       0x24 zephyr/drivers/clock_control/libdrivers__clock_control.a(clock_control_nrf.c.obj)
 .text.z_nrf_clock_control_lf_on
                0x0000000000002688       0xfc zephyr/drivers/clock_control/libdrivers__clock_control.a(clock_control_nrf.c.obj)
                0x0000000000002688                z_nrf_clock_control_lf_on
 .text.rtt_console_init
                0x0000000000002784       0x18 zephyr/drivers/console/libdrivers__console.a(rtt_console.c.obj)
 .text.rtt_console_out
                0x000000000000279c       0x54 zephyr/drivers/console/libdrivers__console.a(rtt_console.c.obj)
 .text.uart_console_init
                0x00000000000027f0       0x28 zephyr/drivers/console/libdrivers__console.a(uart_console.c.obj)
 .text.console_out
                0x0000000000002818       0x28 zephyr/drivers/console/libdrivers__console.a(uart_console.c.obj)
 .text.gpio_nrfx_pin_interrupt_configure
                0x0000000000002840       0xd8 zephyr/drivers/gpio/libdrivers__gpio.a(gpio_nrfx.c.obj)
 .text.gpio_nrfx_init
                0x0000000000002918       0x38 zephyr/drivers/gpio/libdrivers__gpio.a(gpio_nrfx.c.obj)
 .text.nrfx_gpio_handler
                0x0000000000002950       0x3c zephyr/drivers/gpio/libdrivers__gpio.a(gpio_nrfx.c.obj)
 .text.gpio_nrfx_pin_configure
                0x000000000000298c      0x128 zephyr/drivers/gpio/libdrivers__gpio.a(gpio_nrfx.c.obj)
 .text.i2c_nrfx_twi_recover_bus
                0x0000000000002ab4       0x24 zephyr/drivers/i2c/libdrivers__i2c.a(i2c_nrfx_twi.c.obj)
 .text.i2c_nrfx_twi_configure
                0x0000000000002ad8       0x54 zephyr/drivers/i2c/libdrivers__i2c.a(i2c_nrfx_twi.c.obj)
 .text.twi_0_init
                0x0000000000002b2c       0x7c zephyr/drivers/i2c/libdrivers__i2c.a(i2c_nrfx_twi.c.obj)
 .text.event_handler
                0x0000000000002ba8       0x34 zephyr/drivers/i2c/libdrivers__i2c.a(i2c_nrfx_twi.c.obj)
 .text.i2c_nrfx_twi_transfer
                0x0000000000002bdc      0x138 zephyr/drivers/i2c/libdrivers__i2c.a(i2c_nrfx_twi.c.obj)
 .text.led_gpio_init
                0x0000000000002d14       0xec zephyr/drivers/led/libdrivers__led.a(led_gpio.c.obj)
 .text.led_pwm_init
                0x0000000000002e00       0x68 zephyr/drivers/led/libdrivers__led.a(led_pwm.c.obj)
 .text.pinctrl_configure_pins
                0x0000000000002e68      0x138 zephyr/drivers/pinctrl/libdrivers__pinctrl.a(pinctrl_nrf.c.obj)
                0x0000000000002e68                pinctrl_configure_pins
 .text.pwm_nrfx_get_cycles_per_sec
                0x0000000000002fa0       0x10 zephyr/drivers/pwm/libdrivers__pwm.a(pwm_nrfx.c.obj)
 .text.pwm_nrfx_init
                0x0000000000002fb0       0xcc zephyr/drivers/pwm/libdrivers__pwm.a(pwm_nrfx.c.obj)
 .text.pwm_nrfx_set_cycles
                0x000000000000307c      0x190 zephyr/drivers/pwm/libdrivers__pwm.a(pwm_nrfx.c.obj)
 .text.uart_nrfx_poll_in
                0x000000000000320c       0x24 zephyr/drivers/serial/libdrivers__serial.a(uart_nrfx_uart.c.obj)
 .text.uart_nrfx_err_check
                0x0000000000003230       0x10 zephyr/drivers/serial/libdrivers__serial.a(uart_nrfx_uart.c.obj)
 .text.uart_nrfx_configure
                0x0000000000003240      0x15c zephyr/drivers/serial/libdrivers__serial.a(uart_nrfx_uart.c.obj)
 .text.uart_nrfx_poll_out
                0x000000000000339c       0x7c zephyr/drivers/serial/libdrivers__serial.a(uart_nrfx_uart.c.obj)
 .text.uart_nrfx_init
                0x0000000000003418       0x54 zephyr/drivers/serial/libdrivers__serial.a(uart_nrfx_uart.c.obj)
 .text.compare_int_lock
                0x000000000000346c       0x48 zephyr/drivers/timer/libdrivers__timer.a(nrf_rtc_timer.c.obj)
 .text.sys_clock_timeout_handler
                0x00000000000034b4       0x48 zephyr/drivers/timer/libdrivers__timer.a(nrf_rtc_timer.c.obj)
 .text.compare_int_unlock
                0x00000000000034fc       0x5c zephyr/drivers/timer/libdrivers__timer.a(nrf_rtc_timer.c.obj)
 .text.z_nrf_rtc_timer_read
                0x0000000000003558       0x44 zephyr/drivers/timer/libdrivers__timer.a(nrf_rtc_timer.c.obj)
                0x0000000000003558                z_nrf_rtc_timer_read
 .text.compare_set
                0x000000000000359c      0x130 zephyr/drivers/timer/libdrivers__timer.a(nrf_rtc_timer.c.obj)
 .text.sys_clock_driver_init
                0x00000000000036cc       0x90 zephyr/drivers/timer/libdrivers__timer.a(nrf_rtc_timer.c.obj)
 .text.rtc_nrf_isr
                0x000000000000375c       0xd4 zephyr/drivers/timer/libdrivers__timer.a(nrf_rtc_timer.c.obj)
                0x000000000000375c                rtc_nrf_isr
 .text.sys_clock_set_timeout
                0x0000000000003830       0x68 zephyr/drivers/timer/libdrivers__timer.a(nrf_rtc_timer.c.obj)
                0x0000000000003830                sys_clock_set_timeout
 .text.sys_clock_elapsed
                0x0000000000003898       0x14 zephyr/drivers/timer/libdrivers__timer.a(nrf_rtc_timer.c.obj)
                0x0000000000003898                sys_clock_elapsed
 .text.z_log_msg_runtime_create.constprop.0
                0x00000000000038ac       0x24 modules/nrf/lib/fatal_error/lib..__nrf__lib__fatal_error.a(fatal_error.c.obj)
 .text.k_sys_fatal_error_handler
                0x00000000000038d0       0x2c modules/nrf/lib/fatal_error/lib..__nrf__lib__fatal_error.a(fatal_error.c.obj)
                0x00000000000038d0                k_sys_fatal_error_handler
 .text.nrf52_errata_16
                0x00000000000038fc       0x28 modules/hal_nordic/nrfx/libmodules__hal_nordic__nrfx.a(system_nrf52.c.obj)
 .text.nvmc_wait
                0x0000000000003924       0x10 modules/hal_nordic/nrfx/libmodules__hal_nordic__nrfx.a(system_nrf52.c.obj)
                0x0000000000003924                nvmc_wait
 .text.SystemInit
                0x0000000000003934      0x278 modules/hal_nordic/nrfx/libmodules__hal_nordic__nrfx.a(system_nrf52.c.obj)
                0x0000000000003934                SystemInit
 .text.nrfx_flag32_alloc
                0x0000000000003bac       0x48 modules/hal_nordic/nrfx/libmodules__hal_nordic__nrfx.a(nrfx_flag32_allocator.c.obj)
                0x0000000000003bac                nrfx_flag32_alloc
 .text.nrfx_flag32_free
                0x0000000000003bf4       0x40 modules/hal_nordic/nrfx/libmodules__hal_nordic__nrfx.a(nrfx_flag32_allocator.c.obj)
                0x0000000000003bf4                nrfx_flag32_free
 .text.clock_stop
                0x0000000000003c34       0xc4 modules/hal_nordic/nrfx/libmodules__hal_nordic__nrfx.a(nrfx_clock.c.obj)
 .text.nrfx_clock_init
                0x0000000000003cf8       0x20 modules/hal_nordic/nrfx/libmodules__hal_nordic__nrfx.a(nrfx_clock.c.obj)
                0x0000000000003cf8                nrfx_clock_init
 .text.nrfx_clock_start
                0x0000000000003d18       0xb0 modules/hal_nordic/nrfx/libmodules__hal_nordic__nrfx.a(nrfx_clock.c.obj)
                0x0000000000003d18                nrfx_clock_start
 .text.nrfx_power_clock_irq_handler
                0x0000000000003dc8       0x68 modules/hal_nordic/nrfx/libmodules__hal_nordic__nrfx.a(nrfx_clock.c.obj)
                0x0000000000003dc8                nrfx_power_clock_irq_handler
 .text.pin_in_use_by_te
                0x0000000000003e30       0x14 modules/hal_nordic/nrfx/libmodules__hal_nordic__nrfx.a(nrfx_gpiote.c.obj)
 .text.pin_is_output
                0x0000000000003e44       0x14 modules/hal_nordic/nrfx/libmodules__hal_nordic__nrfx.a(nrfx_gpiote.c.obj)
 .text.pin_te_get
                0x0000000000003e58       0x14 modules/hal_nordic/nrfx/libmodules__hal_nordic__nrfx.a(nrfx_gpiote.c.obj)
 .text.call_handler
                0x0000000000003e6c       0x3c modules/hal_nordic/nrfx/libmodules__hal_nordic__nrfx.a(nrfx_gpiote.c.obj)
 .text.release_handler
                0x0000000000003ea8       0x54 modules/hal_nordic/nrfx/libmodules__hal_nordic__nrfx.a(nrfx_gpiote.c.obj)
 .text.__nrfy_internal_gpiote_events_process.constprop.0
                0x0000000000003efc       0x54 modules/hal_nordic/nrfx/libmodules__hal_nordic__nrfx.a(nrfx_gpiote.c.obj)
 .text.nrfx_gpiote_input_configure
                0x0000000000003f50      0x160 modules/hal_nordic/nrfx/libmodules__hal_nordic__nrfx.a(nrfx_gpiote.c.obj)
                0x0000000000003f50                nrfx_gpiote_input_configure
 .text.nrfx_gpiote_output_configure
                0x00000000000040b0       0xec modules/hal_nordic/nrfx/libmodules__hal_nordic__nrfx.a(nrfx_gpiote.c.obj)
                0x00000000000040b0                nrfx_gpiote_output_configure
 .text.nrfx_gpiote_global_callback_set
                0x000000000000419c        0xc modules/hal_nordic/nrfx/libmodules__hal_nordic__nrfx.a(nrfx_gpiote.c.obj)
                0x000000000000419c                nrfx_gpiote_global_callback_set
 .text.nrfx_gpiote_channel_get
                0x00000000000041a8       0x2c modules/hal_nordic/nrfx/libmodules__hal_nordic__nrfx.a(nrfx_gpiote.c.obj)
                0x00000000000041a8                nrfx_gpiote_channel_get
 .text.nrfx_gpiote_init
                0x00000000000041d4       0x50 modules/hal_nordic/nrfx/libmodules__hal_nordic__nrfx.a(nrfx_gpiote.c.obj)
                0x00000000000041d4                nrfx_gpiote_init
 .text.nrfx_gpiote_is_init
                0x0000000000004224       0x14 modules/hal_nordic/nrfx/libmodules__hal_nordic__nrfx.a(nrfx_gpiote.c.obj)
                0x0000000000004224                nrfx_gpiote_is_init
 .text.nrfx_gpiote_channel_free
                0x0000000000004238        0xc modules/hal_nordic/nrfx/libmodules__hal_nordic__nrfx.a(nrfx_gpiote.c.obj)
                0x0000000000004238                nrfx_gpiote_channel_free
 .text.nrfx_gpiote_channel_alloc
                0x0000000000004244        0xc modules/hal_nordic/nrfx/libmodules__hal_nordic__nrfx.a(nrfx_gpiote.c.obj)
                0x0000000000004244                nrfx_gpiote_channel_alloc
 .text.nrfx_gpiote_trigger_enable
                0x0000000000004250       0x98 modules/hal_nordic/nrfx/libmodules__hal_nordic__nrfx.a(nrfx_gpiote.c.obj)
                0x0000000000004250                nrfx_gpiote_trigger_enable
 .text.nrfx_gpiote_trigger_disable
                0x00000000000042e8       0x4c modules/hal_nordic/nrfx/libmodules__hal_nordic__nrfx.a(nrfx_gpiote.c.obj)
                0x00000000000042e8                nrfx_gpiote_trigger_disable
 .text.nrfx_gpiote_pin_uninit
                0x0000000000004334       0x78 modules/hal_nordic/nrfx/libmodules__hal_nordic__nrfx.a(nrfx_gpiote.c.obj)
                0x0000000000004334                nrfx_gpiote_pin_uninit
 .text.nrfx_gpiote_irq_handler
                0x00000000000043ac      0x15c modules/hal_nordic/nrfx/libmodules__hal_nordic__nrfx.a(nrfx_gpiote.c.obj)
                0x00000000000043ac                nrfx_gpiote_irq_handler
 .text.pwm_stopped_check
                0x0000000000004508       0x34 modules/hal_nordic/nrfx/libmodules__hal_nordic__nrfx.a(nrfx_pwm.c.obj)
 .text.pwm_configure
                0x000000000000453c       0xf4 modules/hal_nordic/nrfx/libmodules__hal_nordic__nrfx.a(nrfx_pwm.c.obj)
 .text.nrfx_pwm_init
                0x0000000000004630       0x58 modules/hal_nordic/nrfx/libmodules__hal_nordic__nrfx.a(nrfx_pwm.c.obj)
                0x0000000000004630                nrfx_pwm_init
 .text.nrfx_pwm_simple_playback
                0x0000000000004688       0x7c modules/hal_nordic/nrfx/libmodules__hal_nordic__nrfx.a(nrfx_pwm.c.obj)
                0x0000000000004688                nrfx_pwm_simple_playback
 .text.nrfx_pwm_stop
                0x0000000000004704       0x3c modules/hal_nordic/nrfx/libmodules__hal_nordic__nrfx.a(nrfx_pwm.c.obj)
                0x0000000000004704                nrfx_pwm_stop
 .text.timer_configure
                0x0000000000004740       0x84 modules/hal_nordic/nrfx/libmodules__hal_nordic__nrfx.a(nrfx_timer.c.obj)
 .text.nrfx_timer_init
                0x00000000000047c4       0x48 modules/hal_nordic/nrfx/libmodules__hal_nordic__nrfx.a(nrfx_timer.c.obj)
                0x00000000000047c4                nrfx_timer_init
 .text.nrfx_timer_enable
                0x000000000000480c       0x1c modules/hal_nordic/nrfx/libmodules__hal_nordic__nrfx.a(nrfx_timer.c.obj)
                0x000000000000480c                nrfx_timer_enable
 .text.nrfx_timer_0_irq_handler
                0x0000000000004828       0x6c modules/hal_nordic/nrfx/libmodules__hal_nordic__nrfx.a(nrfx_timer.c.obj)
                0x0000000000004828                nrfx_timer_0_irq_handler
 .text.twi_configure
                0x0000000000004894       0x3c modules/hal_nordic/nrfx/libmodules__hal_nordic__nrfx.a(nrfx_twi.c.obj)
 .text.twi_tx_start_transfer
                0x00000000000048d0      0x104 modules/hal_nordic/nrfx/libmodules__hal_nordic__nrfx.a(nrfx_twi.c.obj)
 .text.twi_rx_start_transfer
                0x00000000000049d4       0xe4 modules/hal_nordic/nrfx/libmodules__hal_nordic__nrfx.a(nrfx_twi.c.obj)
 .text.nrfx_twi_init
                0x0000000000004ab8       0xc0 modules/hal_nordic/nrfx/libmodules__hal_nordic__nrfx.a(nrfx_twi.c.obj)
                0x0000000000004ab8                nrfx_twi_init
 .text.nrfx_twi_enable
                0x0000000000004b78       0x20 modules/hal_nordic/nrfx/libmodules__hal_nordic__nrfx.a(nrfx_twi.c.obj)
                0x0000000000004b78                nrfx_twi_enable
 .text.nrfx_twi_disable
                0x0000000000004b98       0x38 modules/hal_nordic/nrfx/libmodules__hal_nordic__nrfx.a(nrfx_twi.c.obj)
                0x0000000000004b98                nrfx_twi_disable
 .text.nrfx_twi_xfer
                0x0000000000004bd0       0xdc modules/hal_nordic/nrfx/libmodules__hal_nordic__nrfx.a(nrfx_twi.c.obj)
                0x0000000000004bd0                nrfx_twi_xfer
 .text.nrfx_twi_0_irq_handler
                0x0000000000004cac       0xd8 modules/hal_nordic/nrfx/libmodules__hal_nordic__nrfx.a(nrfx_twi.c.obj)
                0x0000000000004cac                nrfx_twi_0_irq_handler
 .text.nrfx_twi_twim_bus_recover
                0x0000000000004d84       0xdc modules/hal_nordic/nrfx/libmodules__hal_nordic__nrfx.a(nrfx_twi_twim.c.obj)
                0x0000000000004d84                nrfx_twi_twim_bus_recover
 .text._DoInit  0x0000000000004e60       0x60 modules/segger/libmodules__segger.a(SEGGER_RTT.c.obj)
 .text.SEGGER_RTT_WriteSkipNoLock
                0x0000000000004ec0       0x88 modules/segger/libmodules__segger.a(SEGGER_RTT.c.obj)
                0x0000000000004ec0                SEGGER_RTT_WriteSkipNoLock
 .text.SEGGER_RTT_WriteNoLock
                0x0000000000004f48       0x58 modules/segger/libmodules__segger.a(SEGGER_RTT.c.obj)
                0x0000000000004f48                SEGGER_RTT_WriteNoLock
 .text.SEGGER_RTT_HasDataUp
                0x0000000000004fa0       0x14 modules/segger/libmodules__segger.a(SEGGER_RTT.c.obj)
                0x0000000000004fa0                SEGGER_RTT_HasDataUp
 .text.zephyr_rtt_mutex_lock
                0x0000000000004fb4       0x14 modules/segger/libmodules__segger.a(SEGGER_RTT_zephyr.c.obj)
                0x0000000000004fb4                zephyr_rtt_mutex_lock
 .text.zephyr_rtt_mutex_unlock
                0x0000000000004fc8        0xc modules/segger/libmodules__segger.a(SEGGER_RTT_zephyr.c.obj)
                0x0000000000004fc8                zephyr_rtt_mutex_unlock
 .text.z_impl_device_get_binding
                0x0000000000004fd4       0x54 zephyr/kernel/libkernel.a(device.c.obj)
                0x0000000000004fd4                z_impl_device_get_binding
 .text.z_fatal_error
                0x0000000000005028       0xcc zephyr/kernel/libkernel.a(fatal.c.obj)
                0x0000000000005028                z_fatal_error
 .text.z_sys_init_run_level
                0x00000000000050f4       0x48 zephyr/kernel/libkernel.a(init.c.obj)
 .text.bg_thread_main
                0x000000000000513c       0x34 zephyr/kernel/libkernel.a(init.c.obj)
 .text.z_bss_zero
                0x0000000000005170       0x18 zephyr/kernel/libkernel.a(init.c.obj)
                0x0000000000005170                z_bss_zero
 .text.z_init_cpu
                0x0000000000005188       0x84 zephyr/kernel/libkernel.a(init.c.obj)
                0x0000000000005188                z_init_cpu
 .text.z_cstart
                0x000000000000520c       0xe0 zephyr/kernel/libkernel.a(init.c.obj)
                0x000000000000520c                z_cstart
 .text.z_setup_new_thread
                0x00000000000052ec       0x7c zephyr/kernel/libkernel.a(thread.c.obj)
                0x00000000000052ec                z_setup_new_thread
 .text.z_init_static_threads
                0x0000000000005368       0xb8 zephyr/kernel/libkernel.a(thread.c.obj)
                0x0000000000005368                z_init_static_threads
 .text.z_impl_k_mutex_lock
                0x0000000000005420       0xf4 zephyr/kernel/libkernel.a(mutex.c.obj)
                0x0000000000005420                z_impl_k_mutex_lock
 .text.z_impl_k_mutex_unlock
                0x0000000000005514       0x78 zephyr/kernel/libkernel.a(mutex.c.obj)
                0x0000000000005514                z_impl_k_mutex_unlock
 .text.z_impl_k_sem_give
                0x000000000000558c       0x48 zephyr/kernel/libkernel.a(sem.c.obj)
                0x000000000000558c                z_impl_k_sem_give
 .text.z_impl_k_sem_take
                0x00000000000055d4       0x50 zephyr/kernel/libkernel.a(sem.c.obj)
                0x00000000000055d4                z_impl_k_sem_take
 .text.sliceable
                0x0000000000005624       0x3c zephyr/kernel/libkernel.a(sched.c.obj)
 .text.slice_timeout
                0x0000000000005660       0x20 zephyr/kernel/libkernel.a(sched.c.obj)
 .text.z_reset_time_slice
                0x0000000000005680       0x50 zephyr/kernel/libkernel.a(sched.c.obj)
                0x0000000000005680                z_reset_time_slice
 .text.update_cache
                0x00000000000056d0       0x3c zephyr/kernel/libkernel.a(sched.c.obj)
 .text.move_thread_to_end_of_prio_q
                0x000000000000570c       0x74 zephyr/kernel/libkernel.a(sched.c.obj)
 .text.ready_thread
                0x0000000000005780       0x68 zephyr/kernel/libkernel.a(sched.c.obj)
 .text.unready_thread
                0x00000000000057e8       0x30 zephyr/kernel/libkernel.a(sched.c.obj)
 .text.pend_locked
                0x0000000000005818       0x30 zephyr/kernel/libkernel.a(sched.c.obj)
 .text.z_time_slice
                0x0000000000005848       0x60 zephyr/kernel/libkernel.a(sched.c.obj)
                0x0000000000005848                z_time_slice
 .text.z_pend_curr
                0x00000000000058a8       0x3c zephyr/kernel/libkernel.a(sched.c.obj)
                0x00000000000058a8                z_pend_curr
 .text.z_set_prio
                0x00000000000058e4       0x8c zephyr/kernel/libkernel.a(sched.c.obj)
                0x00000000000058e4                z_set_prio
 .text.z_reschedule
                0x0000000000005970       0x24 zephyr/kernel/libkernel.a(sched.c.obj)
                0x0000000000005970                z_reschedule
 .text.z_sched_start
                0x0000000000005994       0x3c zephyr/kernel/libkernel.a(sched.c.obj)
                0x0000000000005994                z_sched_start
 .text.z_impl_k_thread_suspend
                0x00000000000059d0       0x64 zephyr/kernel/libkernel.a(sched.c.obj)
                0x00000000000059d0                z_impl_k_thread_suspend
 .text.k_sched_lock
                0x0000000000005a34       0x28 zephyr/kernel/libkernel.a(sched.c.obj)
                0x0000000000005a34                k_sched_lock
 .text.k_sched_unlock
                0x0000000000005a5c       0x38 zephyr/kernel/libkernel.a(sched.c.obj)
                0x0000000000005a5c                k_sched_unlock
 .text.z_sched_init
                0x0000000000005a94       0x10 zephyr/kernel/libkernel.a(sched.c.obj)
                0x0000000000005a94                z_sched_init
 .text.z_impl_k_yield
                0x0000000000005aa4       0x7c zephyr/kernel/libkernel.a(sched.c.obj)
                0x0000000000005aa4                z_impl_k_yield
 .text.z_tick_sleep
                0x0000000000005b20       0x88 zephyr/kernel/libkernel.a(sched.c.obj)
 .text.z_impl_k_sleep
                0x0000000000005ba8       0x34 zephyr/kernel/libkernel.a(sched.c.obj)
                0x0000000000005ba8                z_impl_k_sleep
 .text.z_impl_z_current_get
                0x0000000000005bdc        0xc zephyr/kernel/libkernel.a(sched.c.obj)
                0x0000000000005bdc                z_impl_z_current_get
 .text.z_thread_abort
                0x0000000000005be8       0xc0 zephyr/kernel/libkernel.a(sched.c.obj)
                0x0000000000005be8                z_thread_abort
 .text.z_data_copy
                0x0000000000005ca8       0x34 zephyr/kernel/libkernel.a(xip.c.obj)
                0x0000000000005ca8                z_data_copy
 .text.elapsed  0x0000000000005cdc       0x14 zephyr/kernel/libkernel.a(timeout.c.obj)
 .text.next_timeout
                0x0000000000005cf0       0x40 zephyr/kernel/libkernel.a(timeout.c.obj)
 .text.remove_timeout
                0x0000000000005d30       0x38 zephyr/kernel/libkernel.a(timeout.c.obj)
 .text.z_add_timeout
                0x0000000000005d68       0xec zephyr/kernel/libkernel.a(timeout.c.obj)
                0x0000000000005d68                z_add_timeout
 .text.sys_clock_announce
                0x0000000000005e54       0xd4 zephyr/kernel/libkernel.a(timeout.c.obj)
                0x0000000000005e54                sys_clock_announce
 .text.sys_clock_tick_get
                0x0000000000005f28       0x34 zephyr/kernel/libkernel.a(timeout.c.obj)
                0x0000000000005f28                sys_clock_tick_get
 .text.z_timer_expiration_handler
                0x0000000000005f5c       0xe4 zephyr/kernel/libkernel.a(timer.c.obj)
                0x0000000000005f5c                z_timer_expiration_handler
 .text.z_impl_k_timer_start
                0x0000000000006040       0x60 zephyr/kernel/libkernel.a(timer.c.obj)
                0x0000000000006040                z_impl_k_timer_start
 .text.boot_banner
                0x00000000000060a0        0xc zephyr/kernel/libkernel.a(banner.c.obj)
                0x00000000000060a0                boot_banner
 .text.printf   0x00000000000060ac       0x24 c:\ncs\toolchains\c57af46cb7\opt\zephyr-sdk\arm-zephyr-eabi\bin\../lib/gcc/../../picolibc/arm-zephyr-eabi/lib/thumb/v7e-m/nofp\libc.a(libc_tinystdio_printf.c.o)
                0x00000000000060ac                printf
 .text.sprintf  0x00000000000060d0       0x50 c:\ncs\toolchains\c57af46cb7\opt\zephyr-sdk\arm-zephyr-eabi\bin\../lib/gcc/../../picolibc/arm-zephyr-eabi/lib/thumb/v7e-m/nofp\libc.a(libc_tinystdio_sprintf.c.o)
                0x00000000000060d0                sprintf
 .text.__i_vfprintf
                0x0000000000006120      0x490 c:\ncs\toolchains\c57af46cb7\opt\zephyr-sdk\arm-zephyr-eabi\bin\../lib/gcc/../../picolibc/arm-zephyr-eabi/lib/thumb/v7e-m/nofp\libc.a(libc_tinystdio_vfiprintf.c.o)
                0x0000000000006120                __i_vfprintf
 .text.Bsp_HFCLK_Init_Extern
                0x00000000000065b0       0x18 app/libapp.a(adc.c.obj)
                0x00000000000065b0                Bsp_HFCLK_Init_Extern
 .text.cbpprintf_external
                0x00000000000065c8       0x62 zephyr/libzephyr.a(cbprintf_packaged.c.obj)
                0x00000000000065c8                cbpprintf_external
 .text.arch_printk_char_out
                0x000000000000662a        0x4 zephyr/libzephyr.a(printk.c.obj)
                0x000000000000662a                arch_printk_char_out
 .text.printk   0x000000000000662e       0x1a zephyr/libzephyr.a(printk.c.obj)
                0x000000000000662e                printk
 .text.chunk_size
                0x0000000000006648        0xa zephyr/libzephyr.a(heap.c.obj)
 .text.free_list_add
                0x0000000000006652       0x4e zephyr/libzephyr.a(heap.c.obj)
 .text.sys_heap_init
                0x00000000000066a0       0x7a zephyr/libzephyr.a(heap.c.obj)
                0x00000000000066a0                sys_heap_init
 .text.process_recheck
                0x000000000000671a       0x38 zephyr/libzephyr.a(onoff.c.obj)
 .text.validate_args
                0x0000000000006752       0x20 zephyr/libzephyr.a(onoff.c.obj)
 .text.notify_one
                0x0000000000006772       0x2c zephyr/libzephyr.a(onoff.c.obj)
 .text.transition_complete
                0x000000000000679e       0x1c zephyr/libzephyr.a(onoff.c.obj)
 .text.onoff_manager_init
                0x00000000000067ba       0x26 zephyr/libzephyr.a(onoff.c.obj)
                0x00000000000067ba                onoff_manager_init
 .text.onoff_request
                0x00000000000067e0       0xb0 zephyr/libzephyr.a(onoff.c.obj)
                0x00000000000067e0                onoff_request
 .text.sys_notify_validate
                0x0000000000006890       0x22 zephyr/libzephyr.a(notify.c.obj)
                0x0000000000006890                sys_notify_validate
 .text.sys_notify_finalize
                0x00000000000068b2       0x1a zephyr/libzephyr.a(notify.c.obj)
                0x00000000000068b2                sys_notify_finalize
 .text._ConfigAbsSyms
                0x00000000000068cc        0x2 zephyr/libzephyr.a(configs.c.obj)
                0x00000000000068cc                _ConfigAbsSyms
 .text.dummy_timestamp
                0x00000000000068ce        0x4 zephyr/libzephyr.a(log_core.c.obj)
 .text.default_get_timestamp
                0x00000000000068d2        0x4 zephyr/libzephyr.a(log_core.c.obj)
 .text.atomic_inc
                0x00000000000068d6       0x1a zephyr/libzephyr.a(log_core.c.obj)
 .text.enable_logger
                0x00000000000068f0        0xe zephyr/libzephyr.a(log_core.c.obj)
 .text.z_log_vprintk
                0x00000000000068fe       0x1c zephyr/libzephyr.a(log_core.c.obj)
                0x00000000000068fe                z_log_vprintk
 .text.z_log_notify_backend_enabled
                0x000000000000691a        0x2 zephyr/libzephyr.a(log_core.c.obj)
                0x000000000000691a                z_log_notify_backend_enabled
 .text.z_log_get_tag
                0x000000000000691c        0x4 zephyr/libzephyr.a(log_core.c.obj)
                0x000000000000691c                z_log_get_tag
 .text.z_log_msg_finalize
                0x0000000000006920       0x32 zephyr/libzephyr.a(log_msg.c.obj)
                0x0000000000006920                z_log_msg_finalize
 .text.out_func
                0x0000000000006952       0x1c zephyr/libzephyr.a(log_output.c.obj)
 .text.cr_out_func
                0x000000000000696e       0x1c zephyr/libzephyr.a(log_output.c.obj)
 .text.buffer_write
                0x000000000000698a       0x1a zephyr/libzephyr.a(log_output.c.obj)
 .text.log_output_flush
                0x00000000000069a4       0x1a zephyr/libzephyr.a(log_output.c.obj)
                0x00000000000069a4                log_output_flush
 .text.log_backend_uart_init
                0x00000000000069be        0x2 zephyr/libzephyr.a(log_backend_uart.c.obj)
 .text.z_log_msg_runtime_create.constprop.0
                0x00000000000069c0       0x20 zephyr/arch/arch/arm/core/aarch32/libarch__arm__core__aarch32.a(fatal.c.obj)
 .text.z_do_kernel_oops
                0x00000000000069e0        0x8 zephyr/arch/arch/arm/core/aarch32/libarch__arm__core__aarch32.a(fatal.c.obj)
                0x00000000000069e0                z_do_kernel_oops
 .text.z_irq_spurious
                0x00000000000069e8        0x8 zephyr/arch/arch/arm/core/aarch32/libarch__arm__core__aarch32.a(irq_manage.c.obj)
                0x00000000000069e8                z_irq_spurious
 .text.z_arm_nmi
                0x00000000000069f0        0xe zephyr/arch/arch/arm/core/aarch32/libarch__arm__core__aarch32.a(nmi.c.obj)
                0x00000000000069f0                z_arm_nmi
 .text.z_log_msg_runtime_create.constprop.0
                0x00000000000069fe       0x20 zephyr/arch/arch/arm/core/aarch32/cortex_m/libarch__arm__core__aarch32__cortex_m.a(fault.c.obj)
 .text.z_log_msg_runtime_create.constprop.0
                0x0000000000006a1e       0x20 zephyr/arch/arch/arm/core/aarch32/mpu/libarch__arm__core__aarch32__mpu.a(arm_mpu.c.obj)
 .text.cbputc   0x0000000000006a3e        0xc zephyr/lib/libc/picolibc/liblib__libc__picolibc.a(libc-hooks.c.obj)
 .text.picolibc_put
                0x0000000000006a4a        0xa zephyr/lib/libc/picolibc/liblib__libc__picolibc.a(libc-hooks.c.obj)
 .text.z_log_msg_runtime_create.constprop.0
                0x0000000000006a54       0x20 zephyr/drivers/adc/libdrivers__adc.a(adc_nrfx_saadc.c.obj)
 .text.adc_context_on_timer_expired
                0x0000000000006a74       0x2e zephyr/drivers/adc/libdrivers__adc.a(adc_nrfx_saadc.c.obj)
 .text.get_status
                0x0000000000006aa2       0x12 zephyr/drivers/clock_control/libdrivers__clock_control.a(clock_control_nrf.c.obj)
 .text.set_on_state
                0x0000000000006ab4       0x26 zephyr/drivers/clock_control/libdrivers__clock_control.a(clock_control_nrf.c.obj)
 .text.stop     0x0000000000006ada       0x52 zephyr/drivers/clock_control/libdrivers__clock_control.a(clock_control_nrf.c.obj)
 .text.api_stop
                0x0000000000006b2c        0x6 zephyr/drivers/clock_control/libdrivers__clock_control.a(clock_control_nrf.c.obj)
 .text.async_start
                0x0000000000006b32       0x5c zephyr/drivers/clock_control/libdrivers__clock_control.a(clock_control_nrf.c.obj)
 .text.api_start
                0x0000000000006b8e        0xe zephyr/drivers/clock_control/libdrivers__clock_control.a(clock_control_nrf.c.obj)
 .text.onoff_started_callback
                0x0000000000006b9c       0x12 zephyr/drivers/clock_control/libdrivers__clock_control.a(clock_control_nrf.c.obj)
 .text.lfclk_stop
                0x0000000000006bae        0x6 zephyr/drivers/clock_control/libdrivers__clock_control.a(clock_control_nrf.c.obj)
 .text.blocking_start_callback
                0x0000000000006bb4        0x6 zephyr/drivers/clock_control/libdrivers__clock_control.a(clock_control_nrf.c.obj)
 .text.gpio_nrfx_port_get_raw
                0x0000000000006bba        0xe zephyr/drivers/gpio/libdrivers__gpio.a(gpio_nrfx.c.obj)
 .text.gpio_nrfx_port_set_masked_raw
                0x0000000000006bc8       0x18 zephyr/drivers/gpio/libdrivers__gpio.a(gpio_nrfx.c.obj)
 .text.gpio_nrfx_port_set_bits_raw
                0x0000000000006be0        0xc zephyr/drivers/gpio/libdrivers__gpio.a(gpio_nrfx.c.obj)
 .text.gpio_nrfx_port_clear_bits_raw
                0x0000000000006bec        0xc zephyr/drivers/gpio/libdrivers__gpio.a(gpio_nrfx.c.obj)
 .text.gpio_nrfx_port_toggle_bits
                0x0000000000006bf8       0x1a zephyr/drivers/gpio/libdrivers__gpio.a(gpio_nrfx.c.obj)
 .text.gpio_nrfx_manage_callback
                0x0000000000006c12       0x52 zephyr/drivers/gpio/libdrivers__gpio.a(gpio_nrfx.c.obj)
 .text.z_log_msg_runtime_create.constprop.0
                0x0000000000006c64       0x20 zephyr/drivers/i2c/libdrivers__i2c.a(i2c_nrfx_twi.c.obj)
 .text.led_gpio_set_brightness
                0x0000000000006c84       0x42 zephyr/drivers/led/libdrivers__led.a(led_gpio.c.obj)
 .text.led_gpio_on
                0x0000000000006cc6        0x6 zephyr/drivers/led/libdrivers__led.a(led_gpio.c.obj)
 .text.led_gpio_off
                0x0000000000006ccc        0x6 zephyr/drivers/led/libdrivers__led.a(led_gpio.c.obj)
 .text.z_log_msg_runtime_create.constprop.0
                0x0000000000006cd2       0x20 zephyr/drivers/led/libdrivers__led.a(led_gpio.c.obj)
 .text.led_pwm_blink
                0x0000000000006cf2       0x44 zephyr/drivers/led/libdrivers__led.a(led_pwm.c.obj)
 .text.led_pwm_set_brightness
                0x0000000000006d36       0x48 zephyr/drivers/led/libdrivers__led.a(led_pwm.c.obj)
 .text.led_pwm_on
                0x0000000000006d7e        0x6 zephyr/drivers/led/libdrivers__led.a(led_pwm.c.obj)
 .text.led_pwm_off
                0x0000000000006d84        0x6 zephyr/drivers/led/libdrivers__led.a(led_pwm.c.obj)
 .text.z_log_msg_runtime_create.constprop.0
                0x0000000000006d8a       0x20 zephyr/drivers/led/libdrivers__led.a(led_pwm.c.obj)
 .text.pinctrl_lookup_state
                0x0000000000006daa       0x26 zephyr/drivers/pinctrl/libdrivers__pinctrl.a(common.c.obj)
                0x0000000000006daa                pinctrl_lookup_state
 .text.z_log_msg_runtime_create.constprop.0
                0x0000000000006dd0       0x20 zephyr/drivers/pwm/libdrivers__pwm.a(pwm_nrfx.c.obj)
 .text.uart_nrfx_config_get
                0x0000000000006df0       0x10 zephyr/drivers/serial/libdrivers__serial.a(uart_nrfx_uart.c.obj)
 .text.event_clear
                0x0000000000006e00       0x18 zephyr/drivers/timer/libdrivers__timer.a(nrf_rtc_timer.c.obj)
 .text.sys_clock_cycle_get_32
                0x0000000000006e18        0x8 zephyr/drivers/timer/libdrivers__timer.a(nrf_rtc_timer.c.obj)
                0x0000000000006e18                sys_clock_cycle_get_32
 .text.nrf52_errata_12
                0x0000000000006e20       0x1c modules/hal_nordic/nrfx/libmodules__hal_nordic__nrfx.a(system_nrf52.c.obj)
 .text.nrfx_isr
                0x0000000000006e3c        0x2 modules/hal_nordic/nrfx/libmodules__hal_nordic__nrfx.a(nrfx_glue.c.obj)
                0x0000000000006e3c                nrfx_isr
 .text.nrfx_busy_wait
                0x0000000000006e3e        0x4 modules/hal_nordic/nrfx/libmodules__hal_nordic__nrfx.a(nrfx_glue.c.obj)
                0x0000000000006e3e                nrfx_busy_wait
 .text.nrfx_clock_enable
                0x0000000000006e42       0x1a modules/hal_nordic/nrfx/libmodules__hal_nordic__nrfx.a(nrfx_clock.c.obj)
                0x0000000000006e42                nrfx_clock_enable
 .text.nrfx_clock_stop
                0x0000000000006e5c        0x4 modules/hal_nordic/nrfx/libmodules__hal_nordic__nrfx.a(nrfx_clock.c.obj)
                0x0000000000006e5c                nrfx_clock_stop
 .text.nrf_gpio_pin_port_decode
                0x0000000000006e60       0x14 modules/hal_nordic/nrfx/libmodules__hal_nordic__nrfx.a(nrfx_gpiote.c.obj)
 .text.nrf_gpio_reconfigure
                0x0000000000006e74       0x92 modules/hal_nordic/nrfx/libmodules__hal_nordic__nrfx.a(nrfx_gpiote.c.obj)
 .text.nrf_gpio_cfg_sense_set
                0x0000000000006f06       0x1e modules/hal_nordic/nrfx/libmodules__hal_nordic__nrfx.a(nrfx_gpiote.c.obj)
 .text.start_playback
                0x0000000000006f24       0x42 modules/hal_nordic/nrfx/libmodules__hal_nordic__nrfx.a(nrfx_pwm.c.obj)
 .text.__nrfy_internal_pwm_event_handle.isra.0
                0x0000000000006f66       0x22 modules/hal_nordic/nrfx/libmodules__hal_nordic__nrfx.a(nrfx_pwm.c.obj)
 .text.__nrfy_internal_pwm_events_process
                0x0000000000006f88       0x54 modules/hal_nordic/nrfx/libmodules__hal_nordic__nrfx.a(nrfx_pwm.c.obj)
 .text.nrfx_pwm_stopped_check
                0x0000000000006fdc        0x4 modules/hal_nordic/nrfx/libmodules__hal_nordic__nrfx.a(nrfx_pwm.c.obj)
                0x0000000000006fdc                nrfx_pwm_stopped_check
 .text.nrfx_timer_clear
                0x0000000000006fe0        0x8 modules/hal_nordic/nrfx/libmodules__hal_nordic__nrfx.a(nrfx_timer.c.obj)
                0x0000000000006fe0                nrfx_timer_clear
 .text.nrfx_timer_us_to_ticks
                0x0000000000006fe8       0x24 modules/hal_nordic/nrfx/libmodules__hal_nordic__nrfx.a(nrfx_timer.c.obj)
                0x0000000000006fe8                nrfx_timer_us_to_ticks
 .text.nrfx_timer_compare
                0x000000000000700c       0x30 modules/hal_nordic/nrfx/libmodules__hal_nordic__nrfx.a(nrfx_timer.c.obj)
                0x000000000000700c                nrfx_timer_compare
 .text.nrfx_timer_extended_compare
                0x000000000000703c       0x2c modules/hal_nordic/nrfx/libmodules__hal_nordic__nrfx.a(nrfx_timer.c.obj)
                0x000000000000703c                nrfx_timer_extended_compare
 .text.twi_transfer
                0x0000000000007068      0x130 modules/hal_nordic/nrfx/libmodules__hal_nordic__nrfx.a(nrfx_twi.c.obj)
 .text.nrf_gpio_pin_port_decode
                0x0000000000007198       0x14 modules/hal_nordic/nrfx/libmodules__hal_nordic__nrfx.a(nrfx_twi_twim.c.obj)
 .text.nrf_gpio_pin_set
                0x00000000000071ac       0x1a modules/hal_nordic/nrfx/libmodules__hal_nordic__nrfx.a(nrfx_twi_twim.c.obj)
 .text._GetAvailWriteSpace
                0x00000000000071c6       0x12 modules/segger/libmodules__segger.a(SEGGER_RTT.c.obj)
 .text._WriteNoCheck
                0x00000000000071d8       0x3a modules/segger/libmodules__segger.a(SEGGER_RTT.c.obj)
 .text._WriteBlocking
                0x0000000000007212       0x54 modules/segger/libmodules__segger.a(SEGGER_RTT.c.obj)
 .text.SEGGER_RTT_Init
                0x0000000000007266        0x4 modules/segger/libmodules__segger.a(SEGGER_RTT.c.obj)
                0x0000000000007266                SEGGER_RTT_Init
 .text.rtt_init
                0x000000000000726a        0xa modules/segger/libmodules__segger.a(SEGGER_RTT_zephyr.c.obj)
 .text.z_impl_k_busy_wait
                0x0000000000007274        0x8 zephyr/kernel/libkernel.a(busy_wait.c.obj)
                0x0000000000007274                z_impl_k_busy_wait
 .text.z_device_state_init
                0x000000000000727c        0x2 zephyr/kernel/libkernel.a(device.c.obj)
                0x000000000000727c                z_device_state_init
 .text.z_device_is_ready
                0x000000000000727e       0x16 zephyr/kernel/libkernel.a(device.c.obj)
                0x000000000000727e                z_device_is_ready
 .text.z_log_msg_runtime_create.constprop.0
                0x0000000000007294       0x20 zephyr/kernel/libkernel.a(fatal.c.obj)
 .text.z_early_memset
                0x00000000000072b4        0x4 zephyr/kernel/libkernel.a(init.c.obj)
                0x00000000000072b4                z_early_memset
 .text.z_early_memcpy
                0x00000000000072b8        0x4 zephyr/kernel/libkernel.a(init.c.obj)
                0x00000000000072b8                z_early_memcpy
 .text.k_is_in_isr
                0x00000000000072bc        0xc zephyr/kernel/libkernel.a(thread.c.obj)
                0x00000000000072bc                k_is_in_isr
 .text.k_thread_name_get
                0x00000000000072c8        0x4 zephyr/kernel/libkernel.a(thread.c.obj)
                0x00000000000072c8                k_thread_name_get
 .text.idle     0x00000000000072cc       0x18 zephyr/kernel/libkernel.a(idle.c.obj)
                0x00000000000072cc                idle
 .text.adjust_owner_prio.isra.0
                0x00000000000072e4       0x10 zephyr/kernel/libkernel.a(mutex.c.obj)
 .text.sys_dlist_remove
                0x00000000000072f4       0x10 zephyr/kernel/libkernel.a(sched.c.obj)
 .text.unpend_thread_no_timeout
                0x0000000000007304       0x14 zephyr/kernel/libkernel.a(sched.c.obj)
 .text.add_to_waitq_locked
                0x0000000000007318       0x50 zephyr/kernel/libkernel.a(sched.c.obj)
 .text.z_ready_thread
                0x0000000000007368       0x20 zephyr/kernel/libkernel.a(sched.c.obj)
                0x0000000000007368                z_ready_thread
 .text.z_unpend_thread_no_timeout
                0x0000000000007388       0x24 zephyr/kernel/libkernel.a(sched.c.obj)
                0x0000000000007388                z_unpend_thread_no_timeout
 .text.z_sched_wake_thread
                0x00000000000073ac       0x44 zephyr/kernel/libkernel.a(sched.c.obj)
                0x00000000000073ac                z_sched_wake_thread
 .text.z_thread_timeout
                0x00000000000073f0        0x8 zephyr/kernel/libkernel.a(sched.c.obj)
                0x00000000000073f0                z_thread_timeout
 .text.z_unpend1_no_timeout
                0x00000000000073f8       0x2e zephyr/kernel/libkernel.a(sched.c.obj)
                0x00000000000073f8                z_unpend1_no_timeout
 .text.z_unpend_first_thread
                0x0000000000007426       0x38 zephyr/kernel/libkernel.a(sched.c.obj)
                0x0000000000007426                z_unpend_first_thread
 .text.z_reschedule_irqlock
                0x000000000000745e       0x18 zephyr/kernel/libkernel.a(sched.c.obj)
                0x000000000000745e                z_reschedule_irqlock
 .text.z_reschedule_unlocked
                0x0000000000007476       0x14 zephyr/kernel/libkernel.a(sched.c.obj)
 .text.z_abort_timeout
                0x000000000000748a       0x2c zephyr/kernel/libkernel.a(timeout.c.obj)
                0x000000000000748a                z_abort_timeout
 .text.sys_clock_tick_get_32
                0x00000000000074b6        0x8 zephyr/kernel/libkernel.a(timeout.c.obj)
                0x00000000000074b6                sys_clock_tick_get_32
 .text.z_impl_k_uptime_ticks
                0x00000000000074be        0x4 zephyr/kernel/libkernel.a(timeout.c.obj)
                0x00000000000074be                z_impl_k_uptime_ticks
 .text.z_impl_k_timer_stop
                0x00000000000074c2       0x3a zephyr/kernel/libkernel.a(timer.c.obj)
                0x00000000000074c2                z_impl_k_timer_stop
 .text._OffsetAbsSyms
                0x00000000000074fc        0x2 zephyr/CMakeFiles/offsets.dir/./arch/arm/core/offsets/offsets.c.obj
                0x00000000000074fc                _OffsetAbsSyms
 .text.strnlen  0x00000000000074fe       0x18 c:\ncs\toolchains\c57af46cb7\opt\zephyr-sdk\arm-zephyr-eabi\bin\../lib/gcc/../../picolibc/arm-zephyr-eabi/lib/thumb/v7e-m/nofp\libc.a(libc_string_strnlen.c.o)
                0x00000000000074fe                strnlen
 .text.__ultoa_invert
                0x0000000000007516       0x38 c:\ncs\toolchains\c57af46cb7\opt\zephyr-sdk\arm-zephyr-eabi\bin\../lib/gcc/../../picolibc/arm-zephyr-eabi/lib/thumb/v7e-m/nofp\libc.a(libc_tinystdio_vfiprintf.c.o)
 .text.memcpy   0x000000000000754e       0x1c c:\ncs\toolchains\c57af46cb7\opt\zephyr-sdk\arm-zephyr-eabi\bin\../lib/gcc/../../picolibc/arm-zephyr-eabi/lib/thumb/v7e-m/nofp\libc.a(memcpy.c.o)
                0x000000000000754e                __aeabi_memcpy
                0x000000000000754e                __aeabi_memcpy4
                0x000000000000754e                __aeabi_memcpy8
                0x000000000000754e                memcpy
 .text.memset   0x000000000000756a       0x10 c:\ncs\toolchains\c57af46cb7\opt\zephyr-sdk\arm-zephyr-eabi\bin\../lib/gcc/../../picolibc/arm-zephyr-eabi/lib/thumb/v7e-m/nofp\libc.a(memset.c.o)
                0x000000000000756a                memset
 .text.__file_str_put
                0x000000000000757a       0x10 c:\ncs\toolchains\c57af46cb7\opt\zephyr-sdk\arm-zephyr-eabi\bin\../lib/gcc/../../picolibc/arm-zephyr-eabi/lib/thumb/v7e-m/nofp\libc.a(libc_tinystdio_filestrput.c.o)
                0x000000000000757a                __file_str_put
 *(SORT_BY_ALIGNMENT(.TEXT.*))
 *fill*         0x000000000000758a        0x2 
 .TEXT.__aeabi_read_tp
                0x000000000000758c        0xc zephyr/arch/arch/arm/core/aarch32/cortex_m/libarch__arm__core__aarch32__cortex_m.a(__aeabi_read_tp.S.obj)
                0x000000000000758c                __aeabi_read_tp
 *(SORT_BY_ALIGNMENT(.gnu.linkonce.t.*))
 *(SORT_BY_ALIGNMENT(.glue_7t))
 .glue_7t       0x0000000000007598        0x0 linker stubs
 *(SORT_BY_ALIGNMENT(.glue_7))
 .glue_7        0x0000000000007598        0x0 linker stubs
 *(SORT_BY_ALIGNMENT(.vfp11_veneer))
 .vfp11_veneer  0x0000000000007598        0x0 linker stubs
 *(SORT_BY_ALIGNMENT(.v4_bx))
 .v4_bx         0x0000000000007598        0x0 linker stubs
                0x0000000000007598                . = ALIGN (0x4)
                0x0000000000007598                __text_region_end = .

.ARM.exidx      0x0000000000007598        0x8
                0x0000000000007598                __exidx_start = .
 *(SORT_BY_ALIGNMENT(.ARM.exidx*) SORT_BY_ALIGNMENT(gnu.linkonce.armexidx.*))
 .ARM.exidx     0x0000000000007598        0x8 c:/ncs/toolchains/c57af46cb7/opt/zephyr-sdk/arm-zephyr-eabi/bin/../lib/gcc/arm-zephyr-eabi/12.2.0/thumb/v7e-m/nofp\libgcc.a(_udivmoddi4.o)
                0x00000000000075a0                __exidx_end = .
                0x00000000000075a0                __rodata_region_start = .

initlevel       0x00000000000075a0       0x78
                0x00000000000075a0                __init_start = .
                0x00000000000075a0                __init_EARLY_start = .
 *(SORT_BY_NAME(SORT_BY_ALIGNMENT(.z_init_EARLY?_*)))
 *(SORT_BY_NAME(SORT_BY_ALIGNMENT(.z_init_EARLY??_*)))
                0x00000000000075a0                __init_PRE_KERNEL_1_start = .
 *(SORT_BY_NAME(SORT_BY_ALIGNMENT(.z_init_PRE_KERNEL_1?_*)))
 .z_init_PRE_KERNEL_10_0_
                0x00000000000075a0        0x8 zephyr/soc/soc/arm/nordic_nrf/nrf52/libsoc__arm__nordic_nrf__nrf52.a(soc.c.obj)
 *(SORT_BY_NAME(SORT_BY_ALIGNMENT(.z_init_PRE_KERNEL_1??_*)))
 .z_init_PRE_KERNEL_130_00044_
                0x00000000000075a8        0x8 zephyr/drivers/clock_control/libdrivers__clock_control.a(clock_control_nrf.c.obj)
 .z_init_PRE_KERNEL_130_0_
                0x00000000000075b0        0x8 modules/segger/libmodules__segger.a(SEGGER_RTT_zephyr.c.obj)
 .z_init_PRE_KERNEL_140_00011_
                0x00000000000075b8        0x8 zephyr/drivers/gpio/libdrivers__gpio.a(gpio_nrfx.c.obj)
 .z_init_PRE_KERNEL_155_00080_
                0x00000000000075c0        0x8 zephyr/drivers/serial/libdrivers__serial.a(uart_nrfx_uart.c.obj)
 .z_init_PRE_KERNEL_160_0_
                0x00000000000075c8        0x8 zephyr/drivers/console/libdrivers__console.a(rtt_console.c.obj)
 .z_init_PRE_KERNEL_160_0_
                0x00000000000075d0        0x8 zephyr/drivers/console/libdrivers__console.a(uart_console.c.obj)
                0x00000000000075d8                __init_PRE_KERNEL_2_start = .
 *(SORT_BY_NAME(SORT_BY_ALIGNMENT(.z_init_PRE_KERNEL_2?_*)))
 .z_init_PRE_KERNEL_20_0_
                0x00000000000075d8        0x8 zephyr/drivers/timer/libdrivers__timer.a(nrf_rtc_timer.c.obj)
 *(SORT_BY_NAME(SORT_BY_ALIGNMENT(.z_init_PRE_KERNEL_2??_*)))
                0x00000000000075e0                __init_POST_KERNEL_start = .
 *(SORT_BY_NAME(SORT_BY_ALIGNMENT(.z_init_POST_KERNEL?_*)))
 .z_init_POST_KERNEL0_0_
                0x00000000000075e0        0x8 zephyr/libzephyr.a(log_core.c.obj)
 *(SORT_BY_NAME(SORT_BY_ALIGNMENT(.z_init_POST_KERNEL??_*)))
 .z_init_POST_KERNEL40_0_
                0x00000000000075e8        0x8 zephyr/lib/libc/common/liblib__libc__common.a(malloc.c.obj)
 .z_init_POST_KERNEL50_00008_
                0x00000000000075f0        0x8 zephyr/drivers/adc/libdrivers__adc.a(adc_nrfx_saadc.c.obj)
 .z_init_POST_KERNEL50_00038_
                0x00000000000075f8        0x8 zephyr/drivers/pwm/libdrivers__pwm.a(pwm_nrfx.c.obj)
 .z_init_POST_KERNEL50_00055_
                0x0000000000007600        0x8 zephyr/drivers/i2c/libdrivers__i2c.a(i2c_nrfx_twi.c.obj)
 .z_init_POST_KERNEL90_00016_
                0x0000000000007608        0x8 zephyr/drivers/led/libdrivers__led.a(led_gpio.c.obj)
 .z_init_POST_KERNEL90_00037_
                0x0000000000007610        0x8 zephyr/drivers/led/libdrivers__led.a(led_pwm.c.obj)
                0x0000000000007618                __init_APPLICATION_start = .
 *(SORT_BY_NAME(SORT_BY_ALIGNMENT(.z_init_APPLICATION?_*)))
 *(SORT_BY_NAME(SORT_BY_ALIGNMENT(.z_init_APPLICATION??_*)))
                0x0000000000007618                __init_SMP_start = .
 *(SORT_BY_NAME(SORT_BY_ALIGNMENT(.z_init_SMP?_*)))
 *(SORT_BY_NAME(SORT_BY_ALIGNMENT(.z_init_SMP??_*)))
                0x0000000000007618                __init_end = .

device_area     0x0000000000007618       0xa0
                0x0000000000007618                _device_list_start = .
 *(SORT_BY_NAME(SORT_BY_ALIGNMENT(._device.static.*_?_*)))
 *(SORT_BY_NAME(SORT_BY_ALIGNMENT(._device.static.*_??_*)))
 ._device.static.1_30_
                0x0000000000007618       0x14 zephyr/drivers/clock_control/libdrivers__clock_control.a(clock_control_nrf.c.obj)
                0x0000000000007618                __device_dts_ord_44
 ._device.static.1_40_
                0x000000000000762c       0x14 zephyr/drivers/gpio/libdrivers__gpio.a(gpio_nrfx.c.obj)
                0x000000000000762c                __device_dts_ord_11
 ._device.static.1_55_
                0x0000000000007640       0x14 zephyr/drivers/serial/libdrivers__serial.a(uart_nrfx_uart.c.obj)
                0x0000000000007640                __device_dts_ord_80
 ._device.static.3_50_
                0x0000000000007654       0x14 zephyr/drivers/adc/libdrivers__adc.a(adc_nrfx_saadc.c.obj)
                0x0000000000007654                __device_dts_ord_8
 ._device.static.3_50_
                0x0000000000007668       0x14 zephyr/drivers/i2c/libdrivers__i2c.a(i2c_nrfx_twi.c.obj)
                0x0000000000007668                __device_dts_ord_55
 ._device.static.3_50_
                0x000000000000767c       0x14 zephyr/drivers/pwm/libdrivers__pwm.a(pwm_nrfx.c.obj)
                0x000000000000767c                __device_dts_ord_38
 ._device.static.3_90_
                0x0000000000007690       0x14 zephyr/drivers/led/libdrivers__led.a(led_gpio.c.obj)
                0x0000000000007690                __device_dts_ord_16
 ._device.static.3_90_
                0x00000000000076a4       0x14 zephyr/drivers/led/libdrivers__led.a(led_pwm.c.obj)
                0x00000000000076a4                __device_dts_ord_37
                0x00000000000076b8                _device_list_end = .

sw_isr_table    0x00000000000076b8      0x138
                0x00000000000076b8                . = ALIGN (0x4)
 *(SORT_BY_ALIGNMENT(.gnu.linkonce.sw_isr_table*))
 .gnu.linkonce.sw_isr_table
                0x00000000000076b8      0x138 zephyr/arch/common/libisr_tables.a(isr_tables.c.obj)
                0x00000000000076b8                _sw_isr_table

initlevel_error
                0x00000000000075a0        0x0
 *(SORT_BY_NAME(SORT_BY_ALIGNMENT(.z_init_[_A-Z0-9]*)))
                0x0000000000000001                ASSERT ((SIZEOF (initlevel_error) == 0x0), Undefined initialization levels used.)

app_shmem_regions
                0x00000000000077f0        0x0
                0x00000000000077f0                __app_shmem_regions_start = .
 *(SORT_BY_NAME(SORT_BY_ALIGNMENT(.app_regions.*)))
                0x00000000000077f0                __app_shmem_regions_end = .

k_p4wq_initparam_area
                0x00000000000077f0        0x0
                0x00000000000077f0                _k_p4wq_initparam_list_start = .
 *(SORT_BY_NAME(SORT_BY_ALIGNMENT(._k_p4wq_initparam.static.*)))
                0x00000000000077f0                _k_p4wq_initparam_list_end = .

_static_thread_data_area
                0x00000000000077f0        0x0
                0x00000000000077f0                __static_thread_data_list_start = .
 *(SORT_BY_NAME(SORT_BY_ALIGNMENT(.__static_thread_data.static.*)))
                0x00000000000077f0                __static_thread_data_list_end = .

device_deps     0x00000000000077f0        0x0
                0x00000000000077f0                __device_deps_start = .
 *(SORT_BY_NAME(SORT_BY_ALIGNMENT(.__device_deps_pass2*)))
                0x00000000000077f0                __device_deps_end = .

ztest           0x00000000000077f0        0x0
                0x00000000000077f0                _ztest_expected_result_entry_list_start = .
 *(SORT_BY_NAME(SORT_BY_ALIGNMENT(._ztest_expected_result_entry.static.*)))
                0x00000000000077f0                _ztest_expected_result_entry_list_end = .
                0x00000000000077f0                _ztest_suite_node_list_start = .
 *(SORT_BY_NAME(SORT_BY_ALIGNMENT(._ztest_suite_node.static.*)))
                0x00000000000077f0                _ztest_suite_node_list_end = .
                0x00000000000077f0                _ztest_unit_test_list_start = .
 *(SORT_BY_NAME(SORT_BY_ALIGNMENT(._ztest_unit_test.static.*)))
                0x00000000000077f0                _ztest_unit_test_list_end = .
                0x00000000000077f0                _ztest_test_rule_list_start = .
 *(SORT_BY_NAME(SORT_BY_ALIGNMENT(._ztest_test_rule.static.*)))
                0x00000000000077f0                _ztest_test_rule_list_end = .

bt_l2cap_fixed_chan_area
                0x00000000000077f0        0x0
                0x00000000000077f0                _bt_l2cap_fixed_chan_list_start = .
 *(SORT_BY_NAME(SORT_BY_ALIGNMENT(._bt_l2cap_fixed_chan.static.*)))
                0x00000000000077f0                _bt_l2cap_fixed_chan_list_end = .

bt_gatt_service_static_area
                0x00000000000077f0        0x0
                0x00000000000077f0                _bt_gatt_service_static_list_start = .
 *(SORT_BY_NAME(SORT_BY_ALIGNMENT(._bt_gatt_service_static.static.*)))
                0x00000000000077f0                _bt_gatt_service_static_list_end = .

log_strings_area
                0x00000000000077f0        0x0
                0x00000000000077f0                _log_strings_list_start = .
 *(SORT_BY_NAME(SORT_BY_ALIGNMENT(._log_strings.static.*)))
                0x00000000000077f0                _log_strings_list_end = .

log_const_area  0x00000000000077f0       0xa0
                0x00000000000077f0                _log_const_list_start = .
 *(SORT_BY_NAME(SORT_BY_ALIGNMENT(._log_const.static.*)))
 ._log_const.static.log_const_NRFX_CLOCK_
                0x00000000000077f0        0x8 modules/hal_nordic/nrfx/libmodules__hal_nordic__nrfx.a(nrfx_clock.c.obj)
                0x00000000000077f0                log_const_NRFX_CLOCK
 ._log_const.static.log_const_NRFX_GPIOTE_
                0x00000000000077f8        0x8 modules/hal_nordic/nrfx/libmodules__hal_nordic__nrfx.a(nrfx_gpiote.c.obj)
                0x00000000000077f8                log_const_NRFX_GPIOTE
 ._log_const.static.log_const_NRFX_PWM_
                0x0000000000007800        0x8 modules/hal_nordic/nrfx/libmodules__hal_nordic__nrfx.a(nrfx_pwm.c.obj)
                0x0000000000007800                log_const_NRFX_PWM
 ._log_const.static.log_const_NRFX_TIMER_
                0x0000000000007808        0x8 modules/hal_nordic/nrfx/libmodules__hal_nordic__nrfx.a(nrfx_timer.c.obj)
                0x0000000000007808                log_const_NRFX_TIMER
 ._log_const.static.log_const_NRFX_TWI_
                0x0000000000007810        0x8 modules/hal_nordic/nrfx/libmodules__hal_nordic__nrfx.a(nrfx_twi.c.obj)
                0x0000000000007810                log_const_NRFX_TWI
 ._log_const.static.log_const_adc_nrfx_saadc_
                0x0000000000007818        0x8 zephyr/drivers/adc/libdrivers__adc.a(adc_nrfx_saadc.c.obj)
                0x0000000000007818                log_const_adc_nrfx_saadc
 ._log_const.static.log_const_cbprintf_package_
                0x0000000000007820        0x8 zephyr/libzephyr.a(cbprintf_packaged.c.obj)
                0x0000000000007820                log_const_cbprintf_package
 ._log_const.static.log_const_clock_control_
                0x0000000000007828        0x8 zephyr/drivers/clock_control/libdrivers__clock_control.a(clock_control_nrf.c.obj)
                0x0000000000007828                log_const_clock_control
 ._log_const.static.log_const_fatal_error_
                0x0000000000007830        0x8 modules/nrf/lib/fatal_error/lib..__nrf__lib__fatal_error.a(fatal_error.c.obj)
                0x0000000000007830                log_const_fatal_error
 ._log_const.static.log_const_i2c_
                0x0000000000007838        0x8 zephyr/drivers/i2c/libdrivers__i2c.a(i2c_common.c.obj)
                0x0000000000007838                log_const_i2c
 ._log_const.static.log_const_i2c_nrfx_twi_
                0x0000000000007840        0x8 zephyr/drivers/i2c/libdrivers__i2c.a(i2c_nrfx_twi.c.obj)
                0x0000000000007840                log_const_i2c_nrfx_twi
 ._log_const.static.log_const_led_gpio_
                0x0000000000007848        0x8 zephyr/drivers/led/libdrivers__led.a(led_gpio.c.obj)
                0x0000000000007848                log_const_led_gpio
 ._log_const.static.log_const_led_pwm_
                0x0000000000007850        0x8 zephyr/drivers/led/libdrivers__led.a(led_pwm.c.obj)
                0x0000000000007850                log_const_led_pwm
 ._log_const.static.log_const_log_
                0x0000000000007858        0x8 zephyr/libzephyr.a(log_core.c.obj)
                0x0000000000007858                log_const_log
 ._log_const.static.log_const_log_mgmt_
                0x0000000000007860        0x8 zephyr/libzephyr.a(log_mgmt.c.obj)
                0x0000000000007860                log_const_log_mgmt
 ._log_const.static.log_const_log_uart_
                0x0000000000007868        0x8 zephyr/libzephyr.a(log_backend_uart.c.obj)
                0x0000000000007868                log_const_log_uart
 ._log_const.static.log_const_mpu_
                0x0000000000007870        0x8 zephyr/arch/arch/arm/core/aarch32/mpu/libarch__arm__core__aarch32__mpu.a(arm_core_mpu.c.obj)
                0x0000000000007870                log_const_mpu
 ._log_const.static.log_const_os_
                0x0000000000007878        0x8 zephyr/kernel/libkernel.a(init.c.obj)
                0x0000000000007878                log_const_os
 ._log_const.static.log_const_pwm_nrfx_
                0x0000000000007880        0x8 zephyr/drivers/pwm/libdrivers__pwm.a(pwm_nrfx.c.obj)
                0x0000000000007880                log_const_pwm_nrfx
 ._log_const.static.log_const_soc_
                0x0000000000007888        0x8 zephyr/soc/soc/arm/nordic_nrf/nrf52/libsoc__arm__nordic_nrf__nrf52.a(soc.c.obj)
                0x0000000000007888                log_const_soc
                0x0000000000007890                _log_const_list_end = .

log_backend_area
                0x0000000000007890       0x20
                0x0000000000007890                _log_backend_list_start = .
 *(SORT_BY_NAME(SORT_BY_ALIGNMENT(._log_backend.static.*)))
 ._log_backend.static.log_backend_rtt_
                0x0000000000007890       0x10 zephyr/libzephyr.a(log_backend_rtt.c.obj)
 ._log_backend.static.log_backend_uart_
                0x00000000000078a0       0x10 zephyr/libzephyr.a(log_backend_uart.c.obj)
                0x00000000000078b0                _log_backend_list_end = .

log_link_area   0x00000000000078b0        0x0
                0x00000000000078b0                _log_link_list_start = .
 *(SORT_BY_NAME(SORT_BY_ALIGNMENT(._log_link.static.*)))
                0x00000000000078b0                _log_link_list_end = .

tracing_backend_area
                0x00000000000078b0        0x0
                0x00000000000078b0                _tracing_backend_list_start = .
 *(SORT_BY_NAME(SORT_BY_ALIGNMENT(._tracing_backend.static.*)))
                0x00000000000078b0                _tracing_backend_list_end = .

zephyr_dbg_info
 *(SORT_BY_ALIGNMENT(.dbg_thread_info))

symbol_to_keep  0x00000000000078b0        0x0
                0x00000000000078b0                __symbol_to_keep_start = .
 *(SORT_BY_NAME(SORT_BY_ALIGNMENT(.symbol_to_keep*)))
                0x00000000000078b0                __symbol_to_keep_end = .

shell_area      0x00000000000078b0        0x0
                0x00000000000078b0                _shell_list_start = .
 *(SORT_BY_NAME(SORT_BY_ALIGNMENT(._shell.static.*)))
                0x00000000000078b0                _shell_list_end = .

shell_root_cmds_area
                0x00000000000078b0        0x0
                0x00000000000078b0                _shell_root_cmds_list_start = .
 *(SORT_BY_NAME(SORT_BY_ALIGNMENT(._shell_root_cmds.static.*)))
                0x00000000000078b0                _shell_root_cmds_list_end = .

shell_subcmds_area
                0x00000000000078b0        0x0
                0x00000000000078b0                _shell_subcmds_list_start = .
 *(SORT_BY_NAME(SORT_BY_ALIGNMENT(._shell_subcmds.static.*)))
                0x00000000000078b0                _shell_subcmds_list_end = .

shell_dynamic_subcmds_area
                0x00000000000078b0        0x0
                0x00000000000078b0                _shell_dynamic_subcmds_list_start = .
 *(SORT_BY_NAME(SORT_BY_ALIGNMENT(._shell_dynamic_subcmds.static.*)))
                0x00000000000078b0                _shell_dynamic_subcmds_list_end = .

cfb_font_area   0x00000000000078b0        0x0
                0x00000000000078b0                _cfb_font_list_start = .
 *(SORT_BY_NAME(SORT_BY_ALIGNMENT(._cfb_font.static.*)))
                0x00000000000078b0                _cfb_font_list_end = .

tdata           0x00000000000078b0        0x0
 *(SORT_BY_ALIGNMENT(.tdata) SORT_BY_ALIGNMENT(.tdata.*) SORT_BY_ALIGNMENT(.gnu.linkonce.td.*))

tbss            0x00000000000078b0        0x4
 *(SORT_BY_ALIGNMENT(.tbss) SORT_BY_ALIGNMENT(.tbss.*) SORT_BY_ALIGNMENT(.gnu.linkonce.tb.*) SORT_BY_ALIGNMENT(.tcommon))
 .tbss.z_tls_current
                0x00000000000078b0        0x4 zephyr/libzephyr.a(thread_entry.c.obj)
                0x00000000000078b0                z_tls_current
                0x00000000000078b0                PROVIDE (__tdata_start = LOADADDR (tdata))
                0x0000000000000000                PROVIDE (__tdata_size = SIZEOF (tdata))
                [!provide]                        PROVIDE (__tdata_end = (__tdata_start + __tdata_size))
                0x0000000000000001                PROVIDE (__tdata_align = ALIGNOF (tdata))
                [!provide]                        PROVIDE (__tbss_start = ADDR (tbss))
                0x0000000000000004                PROVIDE (__tbss_size = SIZEOF (tbss))
                [!provide]                        PROVIDE (__tbss_end = (__tbss_start + __tbss_size))
                0x0000000000000004                PROVIDE (__tbss_align = ALIGNOF (tbss))
                [!provide]                        PROVIDE (__tls_start = __tdata_start)
                [!provide]                        PROVIDE (__tls_end = __tbss_end)
                [!provide]                        PROVIDE (__tls_size = (__tbss_end - __tdata_start))

rodata          0x00000000000078b0      0xf3c
 *(SORT_BY_ALIGNMENT(.rodata))
 .rodata        0x00000000000078b0        0x8 app/libapp.a(timer.c.obj)
 *(SORT_BY_ALIGNMENT(.rodata.*))
 *fill*         0x00000000000078b8        0x8 
 .rodata.delay_machine_code.0
                0x00000000000078c0        0x6 zephyr/soc/soc/arm/nordic_nrf/nrf52/libsoc__arm__nordic_nrf__nrf52.a(soc.c.obj)
 *fill*         0x00000000000078c6        0x2 
 .rodata.adc_channels
                0x00000000000078c8       0x14 app/libapp.a(adc.c.obj)
 .rodata.format_table
                0x00000000000078dc       0x10 zephyr/libzephyr.a(log_core.c.obj)
 .rodata.colors
                0x00000000000078ec       0x14 zephyr/libzephyr.a(log_output.c.obj)
 .rodata.severity
                0x0000000000007900       0x14 zephyr/libzephyr.a(log_output.c.obj)
 .rodata.log_backend_rtt_api
                0x0000000000007914       0x1c zephyr/libzephyr.a(log_backend_rtt.c.obj)
                0x0000000000007914                log_backend_rtt_api
 .rodata.log_output_rtt
                0x0000000000007930       0x10 zephyr/libzephyr.a(log_backend_rtt.c.obj)
 .rodata.log_backend_uart_api
                0x0000000000007940       0x1c zephyr/libzephyr.a(log_backend_uart.c.obj)
                0x0000000000007940                log_backend_uart_api
 .rodata.log_output_uart
                0x000000000000795c       0x10 zephyr/libzephyr.a(log_backend_uart.c.obj)
 .rodata.static_regions
                0x000000000000796c        0xc zephyr/arch/arch/arm/core/aarch32/mpu/libarch__arm__core__aarch32__mpu.a(arm_core_mpu.c.obj)
 .rodata.stdout
                0x0000000000007978        0x4 zephyr/lib/libc/picolibc/liblib__libc__picolibc.a(libc-hooks.c.obj)
                0x0000000000007978                stderr
                0x0000000000007978                stdout
 .rodata.mpu_config
                0x000000000000797c        0x8 zephyr/soc/soc/arm/common/cortex_m/libsoc__arm__common__cortex_m.a(arm_mpu_regions.c.obj)
                0x000000000000797c                mpu_config
 .rodata.mpu_regions
                0x0000000000007984       0x18 zephyr/soc/soc/arm/common/cortex_m/libsoc__arm__common__cortex_m.a(arm_mpu_regions.c.obj)
 .rodata.adc_nrfx_driver_api
                0x000000000000799c        0xc zephyr/drivers/adc/libdrivers__adc.a(adc_nrfx_saadc.c.obj)
 .rodata.transitions.0
                0x00000000000079a8        0xc zephyr/drivers/clock_control/libdrivers__clock_control.a(clock_control_nrf.c.obj)
 .rodata.config
                0x00000000000079b4       0x18 zephyr/drivers/clock_control/libdrivers__clock_control.a(clock_control_nrf.c.obj)
 .rodata.clock_control_api
                0x00000000000079cc       0x1c zephyr/drivers/clock_control/libdrivers__clock_control.a(clock_control_nrf.c.obj)
 .rodata.gpio_nrfx_p0_cfg
                0x00000000000079e8       0x10 zephyr/drivers/gpio/libdrivers__gpio.a(gpio_nrfx.c.obj)
 .rodata.gpio_nrfx_drv_api_funcs
                0x00000000000079f8       0x24 zephyr/drivers/gpio/libdrivers__gpio.a(gpio_nrfx.c.obj)
 .rodata.twi_0z_config
                0x0000000000007a1c       0x1c zephyr/drivers/i2c/libdrivers__i2c.a(i2c_nrfx_twi.c.obj)
 .rodata.__pinctrl_dev_config__device_dts_ord_55
                0x0000000000007a38        0xc zephyr/drivers/i2c/libdrivers__i2c.a(i2c_nrfx_twi.c.obj)
 .rodata.__pinctrl_states__device_dts_ord_55
                0x0000000000007a44        0x8 zephyr/drivers/i2c/libdrivers__i2c.a(i2c_nrfx_twi.c.obj)
 .rodata.__pinctrl_state_pins_0__device_dts_ord_55
                0x0000000000007a4c        0x8 zephyr/drivers/i2c/libdrivers__i2c.a(i2c_nrfx_twi.c.obj)
 .rodata.i2c_nrfx_twi_driver_api
                0x0000000000007a54       0x18 zephyr/drivers/i2c/libdrivers__i2c.a(i2c_nrfx_twi.c.obj)
 .rodata.led_gpio_config_0
                0x0000000000007a6c        0x8 zephyr/drivers/led/libdrivers__led.a(led_gpio.c.obj)
 .rodata.gpio_dt_spec_0
                0x0000000000007a74       0x18 zephyr/drivers/led/libdrivers__led.a(led_gpio.c.obj)
 .rodata.led_gpio_api
                0x0000000000007a8c       0x1c zephyr/drivers/led/libdrivers__led.a(led_gpio.c.obj)
 .rodata.led_pwm_config_0
                0x0000000000007aa8        0x8 zephyr/drivers/led/libdrivers__led.a(led_pwm.c.obj)
 .rodata.led_pwm_0
                0x0000000000007ab0       0x30 zephyr/drivers/led/libdrivers__led.a(led_pwm.c.obj)
 .rodata.led_pwm_api
                0x0000000000007ae0       0x1c zephyr/drivers/led/libdrivers__led.a(led_pwm.c.obj)
 .rodata.pwm_nrfx_0_config
                0x0000000000007afc       0x3c zephyr/drivers/pwm/libdrivers__pwm.a(pwm_nrfx.c.obj)
 .rodata.__pinctrl_dev_config__device_dts_ord_38
                0x0000000000007b38        0xc zephyr/drivers/pwm/libdrivers__pwm.a(pwm_nrfx.c.obj)
 .rodata.__pinctrl_states__device_dts_ord_38
                0x0000000000007b44        0x8 zephyr/drivers/pwm/libdrivers__pwm.a(pwm_nrfx.c.obj)
 .rodata.__pinctrl_state_pins_0__device_dts_ord_38
                0x0000000000007b4c        0xc zephyr/drivers/pwm/libdrivers__pwm.a(pwm_nrfx.c.obj)
 .rodata.pwm_nrfx_drv_api_funcs
                0x0000000000007b58        0x8 zephyr/drivers/pwm/libdrivers__pwm.a(pwm_nrfx.c.obj)
 .rodata.uart_nrfx_uart0_config
                0x0000000000007b60        0x4 zephyr/drivers/serial/libdrivers__serial.a(uart_nrfx_uart.c.obj)
 .rodata.__pinctrl_dev_config__device_dts_ord_80
                0x0000000000007b64        0xc zephyr/drivers/serial/libdrivers__serial.a(uart_nrfx_uart.c.obj)
 .rodata.__pinctrl_states__device_dts_ord_80
                0x0000000000007b70        0x8 zephyr/drivers/serial/libdrivers__serial.a(uart_nrfx_uart.c.obj)
 .rodata.__pinctrl_state_pins_0__device_dts_ord_80
                0x0000000000007b78       0x10 zephyr/drivers/serial/libdrivers__serial.a(uart_nrfx_uart.c.obj)
 .rodata.uart_nrfx_uart_driver_api
                0x0000000000007b88       0x14 zephyr/drivers/serial/libdrivers__serial.a(uart_nrfx_uart.c.obj)
 .rodata._k_neg_eagain
                0x0000000000007b9c        0x4 zephyr/kernel/libkernel.a(errno.c.obj)
                0x0000000000007b9c                _k_neg_eagain
 .rodata.CSWTCH.11
                0x0000000000007ba0       0x14 zephyr/kernel/libkernel.a(fatal.c.obj)
 .rodata.levels.0
                0x0000000000007bb4       0x18 zephyr/kernel/libkernel.a(init.c.obj)
 .rodata.main.str1.1
                0x0000000000007bcc       0x5f app/libapp.a(main.c.obj)
 .rodata.timer1_init_enable.str1.1
                0x0000000000007c2b       0x67 app/libapp.a(timer.c.obj)
 .rodata.adc_init.str1.1
                0x0000000000007c92       0x46 app/libapp.a(adc.c.obj)
 .rodata.adc_read_data.str1.1
                0x0000000000007cd8       0x19 app/libapp.a(adc.c.obj)
 .rodata.uart_init_slef.str1.1
                0x0000000000007cf1       0x52 app/libapp.a(uart.c.obj)
 .rodata.str1.1
                0x0000000000007d43       0x11 zephyr/libzephyr.a(cbprintf_packaged.c.obj)
 .rodata.str1.1
                0x0000000000007d54        0x4 zephyr/libzephyr.a(log_core.c.obj)
 .rodata.str1.1
                0x0000000000007d58        0x9 zephyr/libzephyr.a(log_mgmt.c.obj)
 .rodata.newline_print.str1.1
                0x0000000000007d61        0x3 zephyr/libzephyr.a(log_output.c.obj)
                                          0x5 (size before relaxing)
 .rodata.log_output_process.str1.1
                0x0000000000007d64       0x4c zephyr/libzephyr.a(log_output.c.obj)
                                         0x51 (size before relaxing)
 .rodata.str1.1
                0x0000000000007db0       0x20 zephyr/libzephyr.a(log_output.c.obj)
 .rodata.str1.1
                0x0000000000007dd0       0x10 zephyr/libzephyr.a(log_backend_rtt.c.obj)
 .rodata.str1.1
                0x0000000000007de0       0x1a zephyr/libzephyr.a(log_backend_uart.c.obj)
 .rodata.z_arm_fatal_error.str1.1
                0x0000000000007dfa       0x9b zephyr/arch/arch/arm/core/aarch32/libarch__arm__core__aarch32.a(fatal.c.obj)
 .rodata.mem_manage_fault.constprop.0.str1.1
                0x0000000000007e95       0xd8 zephyr/arch/arch/arm/core/aarch32/cortex_m/libarch__arm__core__aarch32__cortex_m.a(fault.c.obj)
 .rodata.bus_fault.constprop.0.str1.1
                0x0000000000007f6d       0x88 zephyr/arch/arch/arm/core/aarch32/cortex_m/libarch__arm__core__aarch32__cortex_m.a(fault.c.obj)
 .rodata.usage_fault.constprop.0.str1.1
                0x0000000000007ff5       0xcd zephyr/arch/arch/arm/core/aarch32/cortex_m/libarch__arm__core__aarch32__cortex_m.a(fault.c.obj)
 .rodata.z_arm_fault.str1.1
                0x00000000000080c2      0x111 zephyr/arch/arch/arm/core/aarch32/cortex_m/libarch__arm__core__aarch32__cortex_m.a(fault.c.obj)
 .rodata.str1.1
                0x00000000000081d3        0x4 zephyr/arch/arch/arm/core/aarch32/mpu/libarch__arm__core__aarch32__mpu.a(arm_core_mpu.c.obj)
 .rodata.mpu_configure_regions.str1.1
                0x00000000000081d7       0x49 zephyr/arch/arch/arm/core/aarch32/mpu/libarch__arm__core__aarch32__mpu.a(arm_mpu.c.obj)
 .rodata.str1.1
                0x0000000000008220        0xf zephyr/soc/soc/arm/common/cortex_m/libsoc__arm__common__cortex_m.a(arm_mpu_regions.c.obj)
 .rodata.str1.1
                0x000000000000822f        0x4 zephyr/soc/soc/arm/nordic_nrf/nrf52/libsoc__arm__nordic_nrf__nrf52.a(soc.c.obj)
 .rodata.adc_nrfx_channel_setup.str1.1
                0x0000000000008233       0x6e zephyr/drivers/adc/libdrivers__adc.a(adc_nrfx_saadc.c.obj)
 .rodata.adc_nrfx_read.str1.1
                0x00000000000082a1       0xd7 zephyr/drivers/adc/libdrivers__adc.a(adc_nrfx_saadc.c.obj)
 .rodata.str1.1
                0x0000000000008378       0x1c zephyr/drivers/adc/libdrivers__adc.a(adc_nrfx_saadc.c.obj)
 .rodata.str1.1
                0x0000000000008394       0x29 zephyr/drivers/clock_control/libdrivers__clock_control.a(clock_control_nrf.c.obj)
 .rodata.str1.1
                0x00000000000083bd        0xe zephyr/drivers/gpio/libdrivers__gpio.a(gpio_nrfx.c.obj)
 .rodata.str1.1
                0x00000000000083cb        0x4 zephyr/drivers/i2c/libdrivers__i2c.a(i2c_common.c.obj)
 .rodata.i2c_nrfx_twi_configure.str1.1
                0x00000000000083cf       0x12 zephyr/drivers/i2c/libdrivers__i2c.a(i2c_nrfx_twi.c.obj)
 .rodata.twi_0_init.str1.1